-- Logs begin at Tue 2024-04-02 16:36:39 EDT, end at Fri 2024-04-05 16:14:05 EDT. --
Apr 05 15:04:28 gss-i7-mio kernel: microcode: microcode updated early to revision 0xa6, date = 2022-06-28
Apr 05 15:04:28 gss-i7-mio kernel: Linux version 5.4.0-150-generic (buildd@bos03-amd64-012) (gcc version 7.5.0 (Ubuntu 7.5.0-3ubuntu1~18.04)) #167~18.04.1-Ubuntu SMP Wed May 24 00:51:42 UTC 2023 (Ubuntu 5.4.0-150.167~18.04.1-generic 5.4.233)
Apr 05 15:04:28 gss-i7-mio kernel: Command line: BOOT_IMAGE=/boot/vmlinuz-5.4.0-150-generic root=UUID=f49c6729-38e4-4aab-ae04-02a22b0ed5f2 ro quiet splash vt.handoff=1
Apr 05 15:04:28 gss-i7-mio kernel: KERNEL supported cpus:
Apr 05 15:04:28 gss-i7-mio kernel:   Intel GenuineIntel
Apr 05 15:04:28 gss-i7-mio kernel:   AMD AuthenticAMD
Apr 05 15:04:28 gss-i7-mio kernel:   Hygon HygonGenuine
Apr 05 15:04:28 gss-i7-mio kernel:   Centaur CentaurHauls
Apr 05 15:04:28 gss-i7-mio kernel:   zhaoxin   Shanghai  
Apr 05 15:04:28 gss-i7-mio kernel: x86/fpu: Supporting XSAVE feature 0x001: 'x87 floating point registers'
Apr 05 15:04:28 gss-i7-mio kernel: x86/fpu: Supporting XSAVE feature 0x002: 'SSE registers'
Apr 05 15:04:28 gss-i7-mio kernel: x86/fpu: Supporting XSAVE feature 0x004: 'AVX registers'
Apr 05 15:04:28 gss-i7-mio kernel: x86/fpu: Supporting XSAVE feature 0x020: 'AVX-512 opmask'
Apr 05 15:04:28 gss-i7-mio kernel: x86/fpu: Supporting XSAVE feature 0x040: 'AVX-512 Hi256'
Apr 05 15:04:28 gss-i7-mio kernel: x86/fpu: Supporting XSAVE feature 0x080: 'AVX-512 ZMM_Hi256'
Apr 05 15:04:28 gss-i7-mio kernel: x86/fpu: Supporting XSAVE feature 0x200: 'Protection Keys User registers'
Apr 05 15:04:28 gss-i7-mio kernel: x86/fpu: xstate_offset[2]:  576, xstate_sizes[2]:  256
Apr 05 15:04:28 gss-i7-mio kernel: x86/fpu: xstate_offset[5]:  832, xstate_sizes[5]:   64
Apr 05 15:04:28 gss-i7-mio kernel: x86/fpu: xstate_offset[6]:  896, xstate_sizes[6]:  512
Apr 05 15:04:28 gss-i7-mio kernel: x86/fpu: xstate_offset[7]: 1408, xstate_sizes[7]: 1024
Apr 05 15:04:28 gss-i7-mio kernel: x86/fpu: xstate_offset[9]: 2432, xstate_sizes[9]:    8
Apr 05 15:04:28 gss-i7-mio kernel: x86/fpu: Enabled xstate features 0x2e7, context size is 2440 bytes, using 'compacted' format.
Apr 05 15:04:28 gss-i7-mio kernel: BIOS-provided physical RAM map:
Apr 05 15:04:28 gss-i7-mio kernel: BIOS-e820: [mem 0x0000000000000000-0x000000000009efff] usable
Apr 05 15:04:28 gss-i7-mio kernel: BIOS-e820: [mem 0x000000000009f000-0x00000000000fffff] reserved
Apr 05 15:04:28 gss-i7-mio kernel: BIOS-e820: [mem 0x0000000000100000-0x0000000071f8bfff] usable
Apr 05 15:04:28 gss-i7-mio kernel: BIOS-e820: [mem 0x0000000071f8c000-0x000000007508bfff] reserved
Apr 05 15:04:28 gss-i7-mio kernel: BIOS-e820: [mem 0x000000007508c000-0x0000000075157fff] ACPI data
Apr 05 15:04:28 gss-i7-mio kernel: BIOS-e820: [mem 0x0000000075158000-0x00000000755cefff] ACPI NVS
Apr 05 15:04:28 gss-i7-mio kernel: BIOS-e820: [mem 0x00000000755cf000-0x0000000075ffefff] reserved
Apr 05 15:04:28 gss-i7-mio kernel: BIOS-e820: [mem 0x0000000075fff000-0x0000000075ffffff] usable
Apr 05 15:04:28 gss-i7-mio kernel: BIOS-e820: [mem 0x0000000076000000-0x0000000079ffffff] reserved
Apr 05 15:04:28 gss-i7-mio kernel: BIOS-e820: [mem 0x000000007aa00000-0x000000007abfffff] reserved
Apr 05 15:04:28 gss-i7-mio kernel: BIOS-e820: [mem 0x000000007b000000-0x00000000803fffff] reserved
Apr 05 15:04:28 gss-i7-mio kernel: BIOS-e820: [mem 0x00000000c0000000-0x00000000cfffffff] reserved
Apr 05 15:04:28 gss-i7-mio kernel: BIOS-e820: [mem 0x00000000fe000000-0x00000000fe010fff] reserved
Apr 05 15:04:28 gss-i7-mio kernel: BIOS-e820: [mem 0x00000000fec00000-0x00000000fec00fff] reserved
Apr 05 15:04:28 gss-i7-mio kernel: BIOS-e820: [mem 0x00000000fed00000-0x00000000fed00fff] reserved
Apr 05 15:04:28 gss-i7-mio kernel: BIOS-e820: [mem 0x00000000fed20000-0x00000000fed7ffff] reserved
Apr 05 15:04:28 gss-i7-mio kernel: BIOS-e820: [mem 0x00000000fee00000-0x00000000fee00fff] reserved
Apr 05 15:04:28 gss-i7-mio kernel: BIOS-e820: [mem 0x00000000ff000000-0x00000000ffffffff] reserved
Apr 05 15:04:28 gss-i7-mio kernel: BIOS-e820: [mem 0x0000000100000000-0x000000107fbfffff] usable
Apr 05 15:04:28 gss-i7-mio kernel: NX (Execute Disable) protection: active
Apr 05 15:04:28 gss-i7-mio kernel: efi: EFI v2.70 by American Megatrends
Apr 05 15:04:28 gss-i7-mio kernel: efi:  ACPI=0x75554000  ACPI 2.0=0x75554014  TPMFinalLog=0x7555c000  SMBIOS=0x75da4000  SMBIOS 3.0=0x75da3000  MEMATTR=0x6f6ec018  ESRT=0x6f7d7018  MOKvar=0x75dcd000  TPMEventLog=0x6f35b018 
Apr 05 15:04:28 gss-i7-mio kernel: secureboot: Secure boot disabled
Apr 05 15:04:28 gss-i7-mio kernel: SMBIOS 3.3.0 present.
Apr 05 15:04:28 gss-i7-mio kernel: DMI: SYSTEM_MANUFACTURER SYSTEM_PRODUCT_NAME/Default string, BIOS 5.0.1.9 04/23/2021
Apr 05 15:04:28 gss-i7-mio kernel: tsc: Detected 1800.000 MHz processor
Apr 05 15:04:28 gss-i7-mio kernel: tsc: Detected 1804.800 MHz TSC
Apr 05 15:04:28 gss-i7-mio kernel: e820: update [mem 0x00000000-0x00000fff] usable ==> reserved
Apr 05 15:04:28 gss-i7-mio kernel: e820: remove [mem 0x000a0000-0x000fffff] usable
Apr 05 15:04:28 gss-i7-mio kernel: last_pfn = 0x107fc00 max_arch_pfn = 0x400000000
Apr 05 15:04:28 gss-i7-mio kernel: MTRR default type: write-back
Apr 05 15:04:28 gss-i7-mio kernel: MTRR fixed ranges enabled:
Apr 05 15:04:28 gss-i7-mio kernel:   00000-9FFFF write-back
Apr 05 15:04:28 gss-i7-mio kernel:   A0000-BFFFF uncachable
Apr 05 15:04:28 gss-i7-mio kernel:   C0000-FFFFF write-protect
Apr 05 15:04:28 gss-i7-mio kernel: MTRR variable ranges enabled:
Apr 05 15:04:28 gss-i7-mio kernel:   0 base 0080000000 mask 7F80000000 uncachable
Apr 05 15:04:28 gss-i7-mio kernel:   1 base 007C000000 mask 7FFC000000 uncachable
Apr 05 15:04:28 gss-i7-mio kernel:   2 base 2000000000 mask 6000000000 uncachable
Apr 05 15:04:28 gss-i7-mio kernel:   3 base 4000000000 mask 4000000000 uncachable
Apr 05 15:04:28 gss-i7-mio kernel:   4 disabled
Apr 05 15:04:28 gss-i7-mio kernel:   5 disabled
Apr 05 15:04:28 gss-i7-mio kernel:   6 disabled
Apr 05 15:04:28 gss-i7-mio kernel:   7 disabled
Apr 05 15:04:28 gss-i7-mio kernel:   8 disabled
Apr 05 15:04:28 gss-i7-mio kernel:   9 disabled
Apr 05 15:04:28 gss-i7-mio kernel: x86/PAT: Configuration [0-7]: WB  WC  UC- UC  WB  WP  UC- WT  
Apr 05 15:04:28 gss-i7-mio kernel: last_pfn = 0x76000 max_arch_pfn = 0x400000000
Apr 05 15:04:28 gss-i7-mio kernel: esrt: Reserving ESRT space from 0x000000006f7d7018 to 0x000000006f7d70f0.
Apr 05 15:04:28 gss-i7-mio kernel: e820: update [mem 0x6f7d7000-0x6f7d7fff] usable ==> reserved
Apr 05 15:04:28 gss-i7-mio kernel: check: Scanning 1 areas for low memory corruption
Apr 05 15:04:28 gss-i7-mio kernel: Using GB pages for direct mapping
Apr 05 15:04:28 gss-i7-mio kernel: secureboot: Secure boot disabled
Apr 05 15:04:28 gss-i7-mio kernel: RAMDISK: [mem 0x68e62000-0x6b9e5fff]
Apr 05 15:04:28 gss-i7-mio kernel: ACPI: Early table checksum verification disabled
Apr 05 15:04:28 gss-i7-mio kernel: ACPI: RSDP 0x0000000075554014 000024 (v02 ALASKA)
Apr 05 15:04:28 gss-i7-mio kernel: ACPI: XSDT 0x0000000075553728 0000EC (v01 ALASKA A M I    01072009 AMI  01000013)
Apr 05 15:04:28 gss-i7-mio kernel: ACPI: FACP 0x0000000075151000 000114 (v06 ALASKA A M I    01072009 AMI  00010013)
Apr 05 15:04:28 gss-i7-mio kernel: ACPI: DSDT 0x00000000750F6000 05A03A (v02 ALASKA A M I    01072009 INTL 20191018)
Apr 05 15:04:28 gss-i7-mio kernel: ACPI: FACS 0x00000000755CD000 000040
Apr 05 15:04:28 gss-i7-mio kernel: ACPI: MCFG 0x0000000075155000 00003C (v01 ALASKA A M I    01072009 MSFT 00000097)
Apr 05 15:04:28 gss-i7-mio kernel: ACPI: SSDT 0x0000000075152000 00255D (v02 CpuRef CpuSsdt  00003000 INTL 20191018)
Apr 05 15:04:28 gss-i7-mio kernel: ACPI: FIDT 0x00000000750F5000 00009C (v01 ALASKA A M I    01072009 AMI  00010013)
Apr 05 15:04:28 gss-i7-mio kernel: ACPI: SSDT 0x00000000750F2000 002B87 (v02 SaSsdt SaSsdt   00003000 INTL 20191018)
Apr 05 15:04:28 gss-i7-mio kernel: ACPI: SSDT 0x00000000750EE000 00339E (v02 INTEL  IgfxSsdt 00003000 INTL 20191018)
Apr 05 15:04:28 gss-i7-mio kernel: ACPI: SSDT 0x00000000750E2000 00B192 (v02 INTEL  TcssSsdt 00001000 INTL 20191018)
Apr 05 15:04:28 gss-i7-mio kernel: ACPI: HPET 0x0000000075157000 000038 (v01 ALASKA A M I    01072009 AMI  01000013)
Apr 05 15:04:28 gss-i7-mio kernel: ACPI: APIC 0x0000000075156000 00012C (v04 ALASKA A M I    01072009 AMI  01000013)
Apr 05 15:04:28 gss-i7-mio kernel: ACPI: SSDT 0x00000000750E1000 000EE0 (v02 ALASKA Ther_Rvp 00001000 INTL 20191018)
Apr 05 15:04:28 gss-i7-mio kernel: ACPI: NHLT 0x00000000750E0000 00002D (v00 ALASKA A M I    01072009 AMI  01000013)
Apr 05 15:04:28 gss-i7-mio kernel: ACPI: PSDS 0x00000000750DF000 000052 (v01 INTEL  EDK2     00000005 INTL 0100000D)
Apr 05 15:04:28 gss-i7-mio kernel: ACPI: LPIT 0x00000000750DE000 0000CC (v01 ALASKA A M I    01072009 AMI  01000013)
Apr 05 15:04:28 gss-i7-mio kernel: ACPI: SSDT 0x00000000750DA000 002720 (v02 ALASKA PtidDevc 00001000 INTL 20191018)
Apr 05 15:04:28 gss-i7-mio kernel: ACPI: SSDT 0x00000000750D9000 00012A (v02 ALASKA TbtTypeC 00000000 INTL 20191018)
Apr 05 15:04:28 gss-i7-mio kernel: ACPI: DBGP 0x00000000750D8000 000034 (v01 ALASKA A M I    01072009 AMI  01000013)
Apr 05 15:04:28 gss-i7-mio kernel: ACPI: DBG2 0x00000000750D7000 000054 (v00 ALASKA A M I    01072009 AMI  01000013)
Apr 05 15:04:28 gss-i7-mio kernel: ACPI: DMAR 0x00000000750D6000 000088 (v02 INTEL  EDK2     00000002      01000013)
Apr 05 15:04:28 gss-i7-mio kernel: ACPI: SSDT 0x00000000750D5000 00081A (v02 INTEL  xh_tudd4 00000000 INTL 20191018)
Apr 05 15:04:28 gss-i7-mio kernel: ACPI: SSDT 0x00000000750D4000 000144 (v02 Intel  ADebTabl 00001000 INTL 20191018)
Apr 05 15:04:28 gss-i7-mio kernel: ACPI: TPM2 0x00000000750D3000 00004C (v04 ALASKA A M I    00000001 AMI  00000000)
Apr 05 15:04:28 gss-i7-mio kernel: ACPI: ASF! 0x00000000750D2000 00006F (v32 ALASKA A M I    01072009 AMI  01000013)
Apr 05 15:04:28 gss-i7-mio kernel: ACPI: PTDT 0x00000000750D1000 000CFE (v00 ALASKA A M I    00000005 MSFT 0100000D)
Apr 05 15:04:28 gss-i7-mio kernel: ACPI: WSMT 0x00000000750DD000 000028 (v01 ALASKA A M I    01072009 AMI  00010013)
Apr 05 15:04:28 gss-i7-mio kernel: ACPI: FPDT 0x00000000750D0000 000044 (v01 ALASKA A M I    01072009 AMI  01000013)
Apr 05 15:04:28 gss-i7-mio kernel: ACPI: Reserving FACP table memory at [mem 0x75151000-0x75151113]
Apr 05 15:04:28 gss-i7-mio kernel: ACPI: Reserving DSDT table memory at [mem 0x750f6000-0x75150039]
Apr 05 15:04:28 gss-i7-mio kernel: ACPI: Reserving FACS table memory at [mem 0x755cd000-0x755cd03f]
Apr 05 15:04:28 gss-i7-mio kernel: ACPI: Reserving MCFG table memory at [mem 0x75155000-0x7515503b]
Apr 05 15:04:28 gss-i7-mio kernel: ACPI: Reserving SSDT table memory at [mem 0x75152000-0x7515455c]
Apr 05 15:04:28 gss-i7-mio kernel: ACPI: Reserving FIDT table memory at [mem 0x750f5000-0x750f509b]
Apr 05 15:04:28 gss-i7-mio kernel: ACPI: Reserving SSDT table memory at [mem 0x750f2000-0x750f4b86]
Apr 05 15:04:28 gss-i7-mio kernel: ACPI: Reserving SSDT table memory at [mem 0x750ee000-0x750f139d]
Apr 05 15:04:28 gss-i7-mio kernel: ACPI: Reserving SSDT table memory at [mem 0x750e2000-0x750ed191]
Apr 05 15:04:28 gss-i7-mio kernel: ACPI: Reserving HPET table memory at [mem 0x75157000-0x75157037]
Apr 05 15:04:28 gss-i7-mio kernel: ACPI: Reserving APIC table memory at [mem 0x75156000-0x7515612b]
Apr 05 15:04:28 gss-i7-mio kernel: ACPI: Reserving SSDT table memory at [mem 0x750e1000-0x750e1edf]
Apr 05 15:04:28 gss-i7-mio kernel: ACPI: Reserving NHLT table memory at [mem 0x750e0000-0x750e002c]
Apr 05 15:04:28 gss-i7-mio kernel: ACPI: Reserving PSDS table memory at [mem 0x750df000-0x750df051]
Apr 05 15:04:28 gss-i7-mio kernel: ACPI: Reserving LPIT table memory at [mem 0x750de000-0x750de0cb]
Apr 05 15:04:28 gss-i7-mio kernel: ACPI: Reserving SSDT table memory at [mem 0x750da000-0x750dc71f]
Apr 05 15:04:28 gss-i7-mio kernel: ACPI: Reserving SSDT table memory at [mem 0x750d9000-0x750d9129]
Apr 05 15:04:28 gss-i7-mio kernel: ACPI: Reserving DBGP table memory at [mem 0x750d8000-0x750d8033]
Apr 05 15:04:28 gss-i7-mio kernel: ACPI: Reserving DBG2 table memory at [mem 0x750d7000-0x750d7053]
Apr 05 15:04:28 gss-i7-mio kernel: ACPI: Reserving DMAR table memory at [mem 0x750d6000-0x750d6087]
Apr 05 15:04:28 gss-i7-mio kernel: ACPI: Reserving SSDT table memory at [mem 0x750d5000-0x750d5819]
Apr 05 15:04:28 gss-i7-mio kernel: ACPI: Reserving SSDT table memory at [mem 0x750d4000-0x750d4143]
Apr 05 15:04:28 gss-i7-mio kernel: ACPI: Reserving TPM2 table memory at [mem 0x750d3000-0x750d304b]
Apr 05 15:04:28 gss-i7-mio kernel: ACPI: Reserving ASF! table memory at [mem 0x750d2000-0x750d206e]
Apr 05 15:04:28 gss-i7-mio kernel: ACPI: Reserving PTDT table memory at [mem 0x750d1000-0x750d1cfd]
Apr 05 15:04:28 gss-i7-mio kernel: ACPI: Reserving WSMT table memory at [mem 0x750dd000-0x750dd027]
Apr 05 15:04:28 gss-i7-mio kernel: ACPI: Reserving FPDT table memory at [mem 0x750d0000-0x750d0043]
Apr 05 15:04:28 gss-i7-mio kernel: ACPI: Local APIC address 0xfee00000
Apr 05 15:04:28 gss-i7-mio kernel: No NUMA configuration found
Apr 05 15:04:28 gss-i7-mio kernel: Faking a node at [mem 0x0000000000000000-0x000000107fbfffff]
Apr 05 15:04:28 gss-i7-mio kernel: NODE_DATA(0) allocated [mem 0x107fbd5000-0x107fbfffff]
Apr 05 15:04:28 gss-i7-mio kernel: Zone ranges:
Apr 05 15:04:28 gss-i7-mio kernel:   DMA      [mem 0x0000000000001000-0x0000000000ffffff]
Apr 05 15:04:28 gss-i7-mio kernel:   DMA32    [mem 0x0000000001000000-0x00000000ffffffff]
Apr 05 15:04:28 gss-i7-mio kernel:   Normal   [mem 0x0000000100000000-0x000000107fbfffff]
Apr 05 15:04:28 gss-i7-mio kernel:   Device   empty
Apr 05 15:04:28 gss-i7-mio kernel: Movable zone start for each node
Apr 05 15:04:28 gss-i7-mio kernel: Early memory node ranges
Apr 05 15:04:28 gss-i7-mio kernel:   node   0: [mem 0x0000000000001000-0x000000000009efff]
Apr 05 15:04:28 gss-i7-mio kernel:   node   0: [mem 0x0000000000100000-0x0000000071f8bfff]
Apr 05 15:04:28 gss-i7-mio kernel:   node   0: [mem 0x0000000075fff000-0x0000000075ffffff]
Apr 05 15:04:28 gss-i7-mio kernel:   node   0: [mem 0x0000000100000000-0x000000107fbfffff]
Apr 05 15:04:28 gss-i7-mio kernel: Zeroed struct page in unavailable ranges: 25813 pages
Apr 05 15:04:28 gss-i7-mio kernel: Initmem setup node 0 [mem 0x0000000000001000-0x000000107fbfffff]
Apr 05 15:04:28 gss-i7-mio kernel: On node 0 totalpages: 16718635
Apr 05 15:04:28 gss-i7-mio kernel:   DMA zone: 64 pages used for memmap
Apr 05 15:04:28 gss-i7-mio kernel:   DMA zone: 23 pages reserved
Apr 05 15:04:28 gss-i7-mio kernel:   DMA zone: 3998 pages, LIFO batch:0
Apr 05 15:04:28 gss-i7-mio kernel:   DMA32 zone: 7231 pages used for memmap
Apr 05 15:04:28 gss-i7-mio kernel:   DMA32 zone: 462733 pages, LIFO batch:63
Apr 05 15:04:28 gss-i7-mio kernel:   Normal zone: 253936 pages used for memmap
Apr 05 15:04:28 gss-i7-mio kernel:   Normal zone: 16251904 pages, LIFO batch:63
Apr 05 15:04:28 gss-i7-mio kernel: Reserving Intel graphics memory at [mem 0x7c800000-0x803fffff]
Apr 05 15:04:28 gss-i7-mio kernel: ACPI: PM-Timer IO Port: 0x1808
Apr 05 15:04:28 gss-i7-mio kernel: ACPI: Local APIC address 0xfee00000
Apr 05 15:04:28 gss-i7-mio kernel: ACPI: LAPIC_NMI (acpi_id[0x01] high edge lint[0x1])
Apr 05 15:04:28 gss-i7-mio kernel: ACPI: LAPIC_NMI (acpi_id[0x02] high edge lint[0x1])
Apr 05 15:04:28 gss-i7-mio kernel: ACPI: LAPIC_NMI (acpi_id[0x03] high edge lint[0x1])
Apr 05 15:04:28 gss-i7-mio kernel: ACPI: LAPIC_NMI (acpi_id[0x04] high edge lint[0x1])
Apr 05 15:04:28 gss-i7-mio kernel: ACPI: LAPIC_NMI (acpi_id[0x05] high edge lint[0x1])
Apr 05 15:04:28 gss-i7-mio kernel: ACPI: LAPIC_NMI (acpi_id[0x06] high edge lint[0x1])
Apr 05 15:04:28 gss-i7-mio kernel: ACPI: LAPIC_NMI (acpi_id[0x07] high edge lint[0x1])
Apr 05 15:04:28 gss-i7-mio kernel: ACPI: LAPIC_NMI (acpi_id[0x08] high edge lint[0x1])
Apr 05 15:04:28 gss-i7-mio kernel: ACPI: LAPIC_NMI (acpi_id[0x09] high edge lint[0x1])
Apr 05 15:04:28 gss-i7-mio kernel: ACPI: LAPIC_NMI (acpi_id[0x0a] high edge lint[0x1])
Apr 05 15:04:28 gss-i7-mio kernel: ACPI: LAPIC_NMI (acpi_id[0x0b] high edge lint[0x1])
Apr 05 15:04:28 gss-i7-mio kernel: ACPI: LAPIC_NMI (acpi_id[0x0c] high edge lint[0x1])
Apr 05 15:04:28 gss-i7-mio kernel: ACPI: LAPIC_NMI (acpi_id[0x0d] high edge lint[0x1])
Apr 05 15:04:28 gss-i7-mio kernel: ACPI: LAPIC_NMI (acpi_id[0x0e] high edge lint[0x1])
Apr 05 15:04:28 gss-i7-mio kernel: ACPI: LAPIC_NMI (acpi_id[0x0f] high edge lint[0x1])
Apr 05 15:04:28 gss-i7-mio kernel: ACPI: LAPIC_NMI (acpi_id[0x10] high edge lint[0x1])
Apr 05 15:04:28 gss-i7-mio kernel: IOAPIC[0]: apic_id 2, version 32, address 0xfec00000, GSI 0-119
Apr 05 15:04:28 gss-i7-mio kernel: ACPI: INT_SRC_OVR (bus 0 bus_irq 0 global_irq 2 dfl dfl)
Apr 05 15:04:28 gss-i7-mio kernel: ACPI: INT_SRC_OVR (bus 0 bus_irq 9 global_irq 9 high level)
Apr 05 15:04:28 gss-i7-mio kernel: ACPI: IRQ0 used by override.
Apr 05 15:04:28 gss-i7-mio kernel: ACPI: IRQ9 used by override.
Apr 05 15:04:28 gss-i7-mio kernel: Using ACPI (MADT) for SMP configuration information
Apr 05 15:04:28 gss-i7-mio kernel: ACPI: HPET id: 0x8086a201 base: 0xfed00000
Apr 05 15:04:28 gss-i7-mio kernel: TSC deadline timer available
Apr 05 15:04:28 gss-i7-mio kernel: smpboot: Allowing 8 CPUs, 0 hotplug CPUs
Apr 05 15:04:28 gss-i7-mio kernel: PM: Registered nosave memory: [mem 0x00000000-0x00000fff]
Apr 05 15:04:28 gss-i7-mio kernel: PM: Registered nosave memory: [mem 0x0009f000-0x000fffff]
Apr 05 15:04:28 gss-i7-mio kernel: PM: Registered nosave memory: [mem 0x6f7d7000-0x6f7d7fff]
Apr 05 15:04:28 gss-i7-mio kernel: PM: Registered nosave memory: [mem 0x71f8c000-0x7508bfff]
Apr 05 15:04:28 gss-i7-mio kernel: PM: Registered nosave memory: [mem 0x7508c000-0x75157fff]
Apr 05 15:04:28 gss-i7-mio kernel: PM: Registered nosave memory: [mem 0x75158000-0x755cefff]
Apr 05 15:04:28 gss-i7-mio kernel: PM: Registered nosave memory: [mem 0x755cf000-0x75ffefff]
Apr 05 15:04:28 gss-i7-mio kernel: PM: Registered nosave memory: [mem 0x76000000-0x79ffffff]
Apr 05 15:04:28 gss-i7-mio kernel: PM: Registered nosave memory: [mem 0x7a000000-0x7a9fffff]
Apr 05 15:04:28 gss-i7-mio kernel: PM: Registered nosave memory: [mem 0x7aa00000-0x7abfffff]
Apr 05 15:04:28 gss-i7-mio kernel: PM: Registered nosave memory: [mem 0x7ac00000-0x7affffff]
Apr 05 15:04:28 gss-i7-mio kernel: PM: Registered nosave memory: [mem 0x7b000000-0x803fffff]
Apr 05 15:04:28 gss-i7-mio kernel: PM: Registered nosave memory: [mem 0x80400000-0xbfffffff]
Apr 05 15:04:28 gss-i7-mio kernel: PM: Registered nosave memory: [mem 0xc0000000-0xcfffffff]
Apr 05 15:04:28 gss-i7-mio kernel: PM: Registered nosave memory: [mem 0xd0000000-0xfdffffff]
Apr 05 15:04:28 gss-i7-mio kernel: PM: Registered nosave memory: [mem 0xfe000000-0xfe010fff]
Apr 05 15:04:28 gss-i7-mio kernel: PM: Registered nosave memory: [mem 0xfe011000-0xfebfffff]
Apr 05 15:04:28 gss-i7-mio kernel: PM: Registered nosave memory: [mem 0xfec00000-0xfec00fff]
Apr 05 15:04:28 gss-i7-mio kernel: PM: Registered nosave memory: [mem 0xfec01000-0xfecfffff]
Apr 05 15:04:28 gss-i7-mio kernel: PM: Registered nosave memory: [mem 0xfed00000-0xfed00fff]
Apr 05 15:04:28 gss-i7-mio kernel: PM: Registered nosave memory: [mem 0xfed01000-0xfed1ffff]
Apr 05 15:04:28 gss-i7-mio kernel: PM: Registered nosave memory: [mem 0xfed20000-0xfed7ffff]
Apr 05 15:04:28 gss-i7-mio kernel: PM: Registered nosave memory: [mem 0xfed80000-0xfedfffff]
Apr 05 15:04:28 gss-i7-mio kernel: PM: Registered nosave memory: [mem 0xfee00000-0xfee00fff]
Apr 05 15:04:28 gss-i7-mio kernel: PM: Registered nosave memory: [mem 0xfee01000-0xfeffffff]
Apr 05 15:04:28 gss-i7-mio kernel: PM: Registered nosave memory: [mem 0xff000000-0xffffffff]
Apr 05 15:04:28 gss-i7-mio kernel: [mem 0x80400000-0xbfffffff] available for PCI devices
Apr 05 15:04:28 gss-i7-mio kernel: Booting paravirtualized kernel on bare hardware
Apr 05 15:04:28 gss-i7-mio kernel: clocksource: refined-jiffies: mask: 0xffffffff max_cycles: 0xffffffff, max_idle_ns: 7645519600211568 ns
Apr 05 15:04:28 gss-i7-mio kernel: setup_percpu: NR_CPUS:8192 nr_cpumask_bits:8 nr_cpu_ids:8 nr_node_ids:1
Apr 05 15:04:28 gss-i7-mio kernel: percpu: Embedded 60 pages/cpu s208896 r8192 d28672 u262144
Apr 05 15:04:28 gss-i7-mio kernel: pcpu-alloc: s208896 r8192 d28672 u262144 alloc=1*2097152
Apr 05 15:04:28 gss-i7-mio kernel: pcpu-alloc: [0] 0 1 2 3 4 5 6 7 
Apr 05 15:04:28 gss-i7-mio kernel: Built 1 zonelists, mobility grouping on.  Total pages: 16457381
Apr 05 15:04:28 gss-i7-mio kernel: Policy zone: Normal
Apr 05 15:04:28 gss-i7-mio kernel: Kernel command line: BOOT_IMAGE=/boot/vmlinuz-5.4.0-150-generic root=UUID=f49c6729-38e4-4aab-ae04-02a22b0ed5f2 ro quiet splash vt.handoff=1
Apr 05 15:04:28 gss-i7-mio kernel: Dentry cache hash table entries: 8388608 (order: 14, 67108864 bytes, linear)
Apr 05 15:04:28 gss-i7-mio kernel: Inode-cache hash table entries: 4194304 (order: 13, 33554432 bytes, linear)
Apr 05 15:04:28 gss-i7-mio kernel: mem auto-init: stack:off, heap alloc:on, heap free:off
Apr 05 15:04:28 gss-i7-mio kernel: Calgary: detecting Calgary via BIOS EBDA area
Apr 05 15:04:28 gss-i7-mio kernel: Calgary: Unable to locate Rio Grande table in EBDA - bailing!
Apr 05 15:04:28 gss-i7-mio kernel: Memory: 65489212K/66874540K available (14339K kernel code, 2375K rwdata, 9472K rodata, 2748K init, 4980K bss, 1385328K reserved, 0K cma-reserved)
Apr 05 15:04:28 gss-i7-mio kernel: SLUB: HWalign=64, Order=0-3, MinObjects=0, CPUs=8, Nodes=1
Apr 05 15:04:28 gss-i7-mio kernel: ftrace: allocating 44386 entries in 174 pages
Apr 05 15:04:28 gss-i7-mio kernel: rcu: Hierarchical RCU implementation.
Apr 05 15:04:28 gss-i7-mio kernel: rcu:         RCU restricting CPUs from NR_CPUS=8192 to nr_cpu_ids=8.
Apr 05 15:04:28 gss-i7-mio kernel:         Tasks RCU enabled.
Apr 05 15:04:28 gss-i7-mio kernel: rcu: RCU calculated value of scheduler-enlistment delay is 25 jiffies.
Apr 05 15:04:28 gss-i7-mio kernel: rcu: Adjusting geometry for rcu_fanout_leaf=16, nr_cpu_ids=8
Apr 05 15:04:28 gss-i7-mio kernel: NR_IRQS: 524544, nr_irqs: 2048, preallocated irqs: 16
Apr 05 15:04:28 gss-i7-mio kernel: random: crng init done
Apr 05 15:04:28 gss-i7-mio kernel: vt handoff: transparent VT on vt#1
Apr 05 15:04:28 gss-i7-mio kernel: Console: colour dummy device 80x25
Apr 05 15:04:28 gss-i7-mio kernel: printk: console [tty0] enabled
Apr 05 15:04:28 gss-i7-mio kernel: ACPI: Core revision 20190816
Apr 05 15:04:28 gss-i7-mio kernel: clocksource: hpet: mask: 0xffffffff max_cycles: 0xffffffff, max_idle_ns: 99544814920 ns
Apr 05 15:04:28 gss-i7-mio kernel: APIC: Switch to symmetric I/O mode setup
Apr 05 15:04:28 gss-i7-mio kernel: DMAR: Host address width 39
Apr 05 15:04:28 gss-i7-mio kernel: DMAR: DRHD base: 0x000000fed90000 flags: 0x0
Apr 05 15:04:28 gss-i7-mio kernel: DMAR: dmar0: reg_base_addr fed90000 ver 4:0 cap 1c0000c40660462 ecap 69e2ff0505e
Apr 05 15:04:28 gss-i7-mio kernel: DMAR: DRHD base: 0x000000fed91000 flags: 0x1
Apr 05 15:04:28 gss-i7-mio kernel: DMAR: dmar1: reg_base_addr fed91000 ver 1:0 cap d2008c40660462 ecap f050da
Apr 05 15:04:28 gss-i7-mio kernel: DMAR: RMRR base: 0x0000007c000000 end: 0x000000803fffff
Apr 05 15:04:28 gss-i7-mio kernel: DMAR-IR: IOAPIC id 2 under DRHD base  0xfed91000 IOMMU 1
Apr 05 15:04:28 gss-i7-mio kernel: DMAR-IR: HPET id 0 under DRHD base 0xfed91000
Apr 05 15:04:28 gss-i7-mio kernel: DMAR-IR: Queued invalidation will be enabled to support x2apic and Intr-remapping.
Apr 05 15:04:28 gss-i7-mio kernel: DMAR-IR: Enabled IRQ remapping in x2apic mode
Apr 05 15:04:28 gss-i7-mio kernel: x2apic enabled
Apr 05 15:04:28 gss-i7-mio kernel: Switched APIC routing to cluster x2apic.
Apr 05 15:04:28 gss-i7-mio kernel: ..TIMER: vector=0x30 apic1=0 pin1=2 apic2=-1 pin2=-1
Apr 05 15:04:28 gss-i7-mio kernel: clocksource: tsc-early: mask: 0xffffffffffffffff max_cycles: 0x1a03dfe73b3, max_idle_ns: 440795256845 ns
Apr 05 15:04:28 gss-i7-mio kernel: Calibrating delay loop (skipped), value calculated using timer frequency.. 3609.60 BogoMIPS (lpj=7219200)
Apr 05 15:04:28 gss-i7-mio kernel: pid_max: default: 32768 minimum: 301
Apr 05 15:04:28 gss-i7-mio kernel: LSM: Security Framework initializing
Apr 05 15:04:28 gss-i7-mio kernel: Yama: becoming mindful.
Apr 05 15:04:28 gss-i7-mio kernel: AppArmor: AppArmor initialized
Apr 05 15:04:28 gss-i7-mio kernel: Mount-cache hash table entries: 131072 (order: 8, 1048576 bytes, linear)
Apr 05 15:04:28 gss-i7-mio kernel: Mountpoint-cache hash table entries: 131072 (order: 8, 1048576 bytes, linear)
Apr 05 15:04:28 gss-i7-mio kernel: *** VALIDATE tmpfs ***
Apr 05 15:04:28 gss-i7-mio kernel: *** VALIDATE proc ***
Apr 05 15:04:28 gss-i7-mio kernel: *** VALIDATE cgroup1 ***
Apr 05 15:04:28 gss-i7-mio kernel: *** VALIDATE cgroup2 ***
Apr 05 15:04:28 gss-i7-mio kernel: x86/tme: not enabled by BIOS
Apr 05 15:04:28 gss-i7-mio kernel: x86/cpu: User Mode Instruction Prevention (UMIP) activated
Apr 05 15:04:28 gss-i7-mio kernel: mce: CPU0: Thermal monitoring enabled (TM1)
Apr 05 15:04:28 gss-i7-mio kernel: process: using mwait in idle threads
Apr 05 15:04:28 gss-i7-mio kernel: Last level iTLB entries: 4KB 0, 2MB 0, 4MB 0
Apr 05 15:04:28 gss-i7-mio kernel: Last level dTLB entries: 4KB 0, 2MB 0, 4MB 0, 1GB 0
Apr 05 15:04:28 gss-i7-mio kernel: Spectre V1 : Mitigation: usercopy/swapgs barriers and __user pointer sanitization
Apr 05 15:04:28 gss-i7-mio kernel: Spectre V2 : Mitigation: Enhanced IBRS
Apr 05 15:04:28 gss-i7-mio kernel: Spectre V2 : Spectre v2 / SpectreRSB mitigation: Filling RSB on context switch
Apr 05 15:04:28 gss-i7-mio kernel: Spectre V2 : Spectre v2 / PBRSB-eIBRS: Retire a single CALL on VMEXIT
Apr 05 15:04:28 gss-i7-mio kernel: Spectre V2 : mitigation: Enabling conditional Indirect Branch Prediction Barrier
Apr 05 15:04:28 gss-i7-mio kernel: Speculative Store Bypass: Mitigation: Speculative Store Bypass disabled via prctl and seccomp
Apr 05 15:04:28 gss-i7-mio kernel: Freeing SMP alternatives memory: 40K
Apr 05 15:04:28 gss-i7-mio kernel: smpboot: CPU0: 11th Gen Intel(R) Core(TM) i7-1185G7E @ 2.80GHz (family: 0x6, model: 0x8c, stepping: 0x1)
Apr 05 15:04:28 gss-i7-mio kernel: Performance Events: PEBS fmt4+-baseline, Icelake events, 32-deep LBR, full-width counters, Intel PMU driver.
Apr 05 15:04:28 gss-i7-mio kernel: ... version:                5
Apr 05 15:04:28 gss-i7-mio kernel: ... bit width:              48
Apr 05 15:04:28 gss-i7-mio kernel: ... generic registers:      8
Apr 05 15:04:28 gss-i7-mio kernel: ... value mask:             0000ffffffffffff
Apr 05 15:04:28 gss-i7-mio kernel: ... max period:             00007fffffffffff
Apr 05 15:04:28 gss-i7-mio kernel: ... fixed-purpose events:   4
Apr 05 15:04:28 gss-i7-mio kernel: ... event mask:             0000000f000000ff
Apr 05 15:04:28 gss-i7-mio kernel: rcu: Hierarchical SRCU implementation.
Apr 05 15:04:28 gss-i7-mio kernel: NMI watchdog: Enabled. Permanently consumes one hw-PMU counter.
Apr 05 15:04:28 gss-i7-mio kernel: smp: Bringing up secondary CPUs ...
Apr 05 15:04:28 gss-i7-mio kernel: x86: Booting SMP configuration:
Apr 05 15:04:28 gss-i7-mio kernel: .... node  #0, CPUs:      #1 #2 #3 #4 #5 #6 #7
Apr 05 15:04:28 gss-i7-mio kernel: smp: Brought up 1 node, 8 CPUs
Apr 05 15:04:28 gss-i7-mio kernel: smpboot: Max logical packages: 1
Apr 05 15:04:28 gss-i7-mio kernel: smpboot: Total of 8 processors activated (28876.80 BogoMIPS)
Apr 05 15:04:28 gss-i7-mio kernel: devtmpfs: initialized
Apr 05 15:04:28 gss-i7-mio kernel: x86/mm: Memory block size: 128MB
Apr 05 15:04:28 gss-i7-mio kernel: PM: Registering ACPI NVS region [mem 0x75158000-0x755cefff] (4681728 bytes)
Apr 05 15:04:28 gss-i7-mio kernel: clocksource: jiffies: mask: 0xffffffff max_cycles: 0xffffffff, max_idle_ns: 7645041785100000 ns
Apr 05 15:04:28 gss-i7-mio kernel: futex hash table entries: 2048 (order: 5, 131072 bytes, linear)
Apr 05 15:04:28 gss-i7-mio kernel: pinctrl core: initialized pinctrl subsystem
Apr 05 15:04:28 gss-i7-mio kernel: PM: RTC time: 19:04:25, date: 2024-04-05
Apr 05 15:04:28 gss-i7-mio kernel: NET: Registered protocol family 16
Apr 05 15:04:28 gss-i7-mio kernel: audit: initializing netlink subsys (disabled)
Apr 05 15:04:28 gss-i7-mio kernel: audit: type=2000 audit(1712343865.072:1): state=initialized audit_enabled=0 res=1
Apr 05 15:04:28 gss-i7-mio kernel: EISA bus registered
Apr 05 15:04:28 gss-i7-mio kernel: cpuidle: using governor ladder
Apr 05 15:04:28 gss-i7-mio kernel: cpuidle: using governor menu
Apr 05 15:04:28 gss-i7-mio kernel: ACPI FADT declares the system doesn't support PCIe ASPM, so disable it
Apr 05 15:04:28 gss-i7-mio kernel: ACPI: bus type PCI registered
Apr 05 15:04:28 gss-i7-mio kernel: acpiphp: ACPI Hot Plug PCI Controller Driver version: 0.5
Apr 05 15:04:28 gss-i7-mio kernel: PCI: MMCONFIG for domain 0000 [bus 00-ff] at [mem 0xc0000000-0xcfffffff] (base 0xc0000000)
Apr 05 15:04:28 gss-i7-mio kernel: PCI: MMCONFIG at [mem 0xc0000000-0xcfffffff] reserved in E820
Apr 05 15:04:28 gss-i7-mio kernel: PCI: Using configuration type 1 for base access
Apr 05 15:04:28 gss-i7-mio kernel: ENERGY_PERF_BIAS: Set to 'normal', was 'performance'
Apr 05 15:04:28 gss-i7-mio kernel: HugeTLB registered 1.00 GiB page size, pre-allocated 0 pages
Apr 05 15:04:28 gss-i7-mio kernel: HugeTLB registered 2.00 MiB page size, pre-allocated 0 pages
Apr 05 15:04:28 gss-i7-mio kernel: ACPI: Added _OSI(Module Device)
Apr 05 15:04:28 gss-i7-mio kernel: ACPI: Added _OSI(Processor Device)
Apr 05 15:04:28 gss-i7-mio kernel: ACPI: Added _OSI(3.0 _SCP Extensions)
Apr 05 15:04:28 gss-i7-mio kernel: ACPI: Added _OSI(Processor Aggregator Device)
Apr 05 15:04:28 gss-i7-mio kernel: ACPI: Added _OSI(Linux-Dell-Video)
Apr 05 15:04:28 gss-i7-mio kernel: ACPI: Added _OSI(Linux-Lenovo-NV-HDMI-Audio)
Apr 05 15:04:28 gss-i7-mio kernel: ACPI: Added _OSI(Linux-HPI-Hybrid-Graphics)
Apr 05 15:04:28 gss-i7-mio kernel: ACPI: 10 ACPI AML tables successfully acquired and loaded
Apr 05 15:04:28 gss-i7-mio kernel: ACPI: Dynamic OEM Table Load:
Apr 05 15:04:28 gss-i7-mio kernel: ACPI: SSDT 0xFFFF9B7338268E00 0001CB (v02 PmRef  Cpu0Psd  00003000 INTL 20191018)
Apr 05 15:04:28 gss-i7-mio kernel: ACPI: \_SB_.PR00: _OSC native thermal LVT Acked
Apr 05 15:04:28 gss-i7-mio kernel: ACPI: Dynamic OEM Table Load:
Apr 05 15:04:28 gss-i7-mio kernel: ACPI: SSDT 0xFFFF9B733816A000 0004FD (v02 PmRef  Cpu0Ist  00003000 INTL 20191018)
Apr 05 15:04:28 gss-i7-mio kernel: ACPI: Dynamic OEM Table Load:
Apr 05 15:04:28 gss-i7-mio kernel: ACPI: SSDT 0xFFFF9B73386C4000 000266 (v02 PmRef  Cpu0Hwp  00003000 INTL 20191018)
Apr 05 15:04:28 gss-i7-mio kernel: ACPI: Dynamic OEM Table Load:
Apr 05 15:04:28 gss-i7-mio kernel: ACPI: SSDT 0xFFFF9B733946F000 0008E7 (v02 PmRef  ApIst    00003000 INTL 20191018)
Apr 05 15:04:28 gss-i7-mio kernel: ACPI: Dynamic OEM Table Load:
Apr 05 15:04:28 gss-i7-mio kernel: ACPI: SSDT 0xFFFF9B733816C000 00048A (v02 PmRef  ApHwp    00003000 INTL 20191018)
Apr 05 15:04:28 gss-i7-mio kernel: ACPI: Dynamic OEM Table Load:
Apr 05 15:04:28 gss-i7-mio kernel: ACPI: SSDT 0xFFFF9B733816B000 0004D4 (v02 PmRef  ApPsd    00003000 INTL 20191018)
Apr 05 15:04:28 gss-i7-mio kernel: ACPI: EC: EC started
Apr 05 15:04:28 gss-i7-mio kernel: ACPI: EC: interrupt blocked
Apr 05 15:04:28 gss-i7-mio kernel: ACPI: \_SB_.PC00.LPCB.EC0_: Used as first EC
Apr 05 15:04:28 gss-i7-mio kernel: ACPI: \_SB_.PC00.LPCB.EC0_: GPE=0x4, IRQ=-1, EC_CMD/EC_SC=0x66, EC_DATA=0x62
Apr 05 15:04:28 gss-i7-mio kernel: ACPI: \_SB_.PC00.LPCB.EC0_: Boot DSDT EC used to handle transactions
Apr 05 15:04:28 gss-i7-mio kernel: ACPI: Interpreter enabled
Apr 05 15:04:28 gss-i7-mio kernel: ACPI: (supports S0 S5)
Apr 05 15:04:28 gss-i7-mio kernel: ACPI: Using IOAPIC for interrupt routing
Apr 05 15:04:28 gss-i7-mio kernel: PCI: Using host bridge windows from ACPI; if necessary, use "pci=nocrs" and report a bug
Apr 05 15:04:28 gss-i7-mio kernel: ACPI: Enabled 7 GPEs in block 00 to 7F
Apr 05 15:04:28 gss-i7-mio kernel: ACPI: Power Resource [V0PR] (on)
Apr 05 15:04:28 gss-i7-mio kernel: ACPI: Power Resource [V1PR] (on)
Apr 05 15:04:28 gss-i7-mio kernel: ACPI: Power Resource [V2PR] (on)
Apr 05 15:04:28 gss-i7-mio kernel: ACPI: Power Resource [WRST] (on)
Apr 05 15:04:28 gss-i7-mio kernel: ACPI: Power Resource [TBT0] (on)
Apr 05 15:04:28 gss-i7-mio kernel: ACPI: Power Resource [TBT1] (on)
Apr 05 15:04:28 gss-i7-mio kernel: ACPI: Power Resource [FN00] (off)
Apr 05 15:04:28 gss-i7-mio kernel: ACPI: Power Resource [FN01] (off)
Apr 05 15:04:28 gss-i7-mio kernel: ACPI: Power Resource [FN02] (off)
Apr 05 15:04:28 gss-i7-mio kernel: ACPI: Power Resource [FN03] (off)
Apr 05 15:04:28 gss-i7-mio kernel: ACPI: Power Resource [FN04] (off)
Apr 05 15:04:28 gss-i7-mio kernel: ACPI: Power Resource [PIN] (off)
Apr 05 15:04:28 gss-i7-mio kernel: ACPI: PCI Root Bridge [PC00] (domain 0000 [bus 00-fe])
Apr 05 15:04:28 gss-i7-mio kernel: acpi PNP0A08:00: _OSC: OS supports [ExtendedConfig ASPM ClockPM Segments MSI HPX-Type3]
Apr 05 15:04:28 gss-i7-mio kernel: acpi PNP0A08:00: _OSC: platform does not support [AER]
Apr 05 15:04:28 gss-i7-mio kernel: acpi PNP0A08:00: _OSC: OS now controls [PCIeHotplug SHPCHotplug PME PCIeCapability LTR]
Apr 05 15:04:28 gss-i7-mio kernel: acpi PNP0A08:00: FADT indicates ASPM is unsupported, using BIOS configuration
Apr 05 15:04:28 gss-i7-mio kernel: PCI host bridge to bus 0000:00
Apr 05 15:04:28 gss-i7-mio kernel: pci_bus 0000:00: root bus resource [io  0x0000-0x0cf7 window]
Apr 05 15:04:28 gss-i7-mio kernel: pci_bus 0000:00: root bus resource [io  0x0d00-0xffff window]
Apr 05 15:04:28 gss-i7-mio kernel: pci_bus 0000:00: root bus resource [mem 0x000a0000-0x000bffff window]
Apr 05 15:04:28 gss-i7-mio kernel: pci_bus 0000:00: root bus resource [mem 0x000e0000-0x000e3fff window]
Apr 05 15:04:28 gss-i7-mio kernel: pci_bus 0000:00: root bus resource [mem 0x000e4000-0x000e7fff window]
Apr 05 15:04:28 gss-i7-mio kernel: pci_bus 0000:00: root bus resource [mem 0x000e8000-0x000ebfff window]
Apr 05 15:04:28 gss-i7-mio kernel: pci_bus 0000:00: root bus resource [mem 0x000ec000-0x000effff window]
Apr 05 15:04:28 gss-i7-mio kernel: pci_bus 0000:00: root bus resource [mem 0x000f0000-0x000fffff window]
Apr 05 15:04:28 gss-i7-mio kernel: pci_bus 0000:00: root bus resource [mem 0x80400000-0xbfffffff window]
Apr 05 15:04:28 gss-i7-mio kernel: pci_bus 0000:00: root bus resource [mem 0x4000000000-0x7fffffffff window]
Apr 05 15:04:28 gss-i7-mio kernel: pci_bus 0000:00: root bus resource [bus 00-fe]
Apr 05 15:04:28 gss-i7-mio kernel: pci 0000:00:00.0: [8086:9a14] type 00 class 0x060000
Apr 05 15:04:28 gss-i7-mio kernel: pci 0000:00:02.0: [8086:9a49] type 00 class 0x030000
Apr 05 15:04:28 gss-i7-mio kernel: pci 0000:00:02.0: reg 0x10: [mem 0x6000000000-0x6000ffffff 64bit]
Apr 05 15:04:28 gss-i7-mio kernel: pci 0000:00:02.0: reg 0x18: [mem 0x4000000000-0x400fffffff 64bit pref]
Apr 05 15:04:28 gss-i7-mio kernel: pci 0000:00:02.0: reg 0x20: [io  0x4000-0x403f]
Apr 05 15:04:28 gss-i7-mio kernel: pci 0000:00:02.0: BAR 2: assigned to efifb
Apr 05 15:04:28 gss-i7-mio kernel: pci 0000:00:02.0: reg 0x344: [mem 0x00000000-0x00ffffff 64bit]
Apr 05 15:04:28 gss-i7-mio kernel: pci 0000:00:02.0: VF(n) BAR0 space: [mem 0x00000000-0x06ffffff 64bit] (contains BAR0 for 7 VFs)
Apr 05 15:04:28 gss-i7-mio kernel: pci 0000:00:02.0: reg 0x34c: [mem 0x00000000-0x1fffffff 64bit pref]
Apr 05 15:04:28 gss-i7-mio kernel: pci 0000:00:02.0: VF(n) BAR2 space: [mem 0x00000000-0xdfffffff 64bit pref] (contains BAR2 for 7 VFs)
Apr 05 15:04:28 gss-i7-mio kernel: pci 0000:00:06.0: [8086:9a09] type 01 class 0x060400
Apr 05 15:04:28 gss-i7-mio kernel: pci 0000:00:06.0: PME# supported from D0 D3hot D3cold
Apr 05 15:04:28 gss-i7-mio kernel: pci 0000:00:06.0: PTM enabled (root), 4ns granularity
Apr 05 15:04:28 gss-i7-mio kernel: pci 0000:00:08.0: [8086:9a11] type 00 class 0x088000
Apr 05 15:04:28 gss-i7-mio kernel: pci 0000:00:08.0: reg 0x10: [mem 0x600112b000-0x600112bfff 64bit]
Apr 05 15:04:28 gss-i7-mio kernel: pci 0000:00:0d.0: [8086:9a13] type 00 class 0x0c0330
Apr 05 15:04:28 gss-i7-mio kernel: pci 0000:00:0d.0: reg 0x10: [mem 0x6001110000-0x600111ffff 64bit]
Apr 05 15:04:28 gss-i7-mio kernel: pci 0000:00:0d.0: PME# supported from D3hot D3cold
Apr 05 15:04:28 gss-i7-mio kernel: pci 0000:00:14.0: [8086:a0ed] type 00 class 0x0c0330
Apr 05 15:04:28 gss-i7-mio kernel: pci 0000:00:14.0: reg 0x10: [mem 0x6001100000-0x600110ffff 64bit]
Apr 05 15:04:28 gss-i7-mio kernel: pci 0000:00:14.0: PME# supported from D3hot D3cold
Apr 05 15:04:28 gss-i7-mio kernel: pci 0000:00:14.2: [8086:a0ef] type 00 class 0x050000
Apr 05 15:04:28 gss-i7-mio kernel: pci 0000:00:14.2: reg 0x10: [mem 0x6001124000-0x6001127fff 64bit]
Apr 05 15:04:28 gss-i7-mio kernel: pci 0000:00:14.2: reg 0x18: [mem 0x600112a000-0x600112afff 64bit]
Apr 05 15:04:28 gss-i7-mio kernel: pci 0000:00:16.0: [8086:a0e0] type 00 class 0x078000
Apr 05 15:04:28 gss-i7-mio kernel: pci 0000:00:16.0: reg 0x10: [mem 0x6001129000-0x6001129fff 64bit]
Apr 05 15:04:28 gss-i7-mio kernel: pci 0000:00:16.0: PME# supported from D3hot
Apr 05 15:04:28 gss-i7-mio kernel: pci 0000:00:16.3: [8086:a0e3] type 00 class 0x070002
Apr 05 15:04:28 gss-i7-mio kernel: pci 0000:00:16.3: reg 0x10: [io  0x40a0-0x40a7]
Apr 05 15:04:28 gss-i7-mio kernel: pci 0000:00:16.3: reg 0x14: [mem 0x80724000-0x80724fff]
Apr 05 15:04:28 gss-i7-mio kernel: pci 0000:00:17.0: [8086:a0d3] type 00 class 0x010601
Apr 05 15:04:28 gss-i7-mio kernel: pci 0000:00:17.0: reg 0x10: [mem 0x80720000-0x80721fff]
Apr 05 15:04:28 gss-i7-mio kernel: pci 0000:00:17.0: reg 0x14: [mem 0x80723000-0x807230ff]
Apr 05 15:04:28 gss-i7-mio kernel: pci 0000:00:17.0: reg 0x18: [io  0x4090-0x4097]
Apr 05 15:04:28 gss-i7-mio kernel: pci 0000:00:17.0: reg 0x1c: [io  0x4080-0x4083]
Apr 05 15:04:28 gss-i7-mio kernel: pci 0000:00:17.0: reg 0x20: [io  0x4060-0x407f]
Apr 05 15:04:28 gss-i7-mio kernel: pci 0000:00:17.0: reg 0x24: [mem 0x80722000-0x807227ff]
Apr 05 15:04:28 gss-i7-mio kernel: pci 0000:00:17.0: PME# supported from D3hot
Apr 05 15:04:28 gss-i7-mio kernel: pci 0000:00:1d.0: [8086:a0b1] type 01 class 0x060400
Apr 05 15:04:28 gss-i7-mio kernel: pci 0000:00:1d.0: PME# supported from D0 D3hot D3cold
Apr 05 15:04:28 gss-i7-mio kernel: pci 0000:00:1d.0: PTM enabled (root), 4ns granularity
Apr 05 15:04:28 gss-i7-mio kernel: pci 0000:00:1f.0: [8086:a082] type 00 class 0x060100
Apr 05 15:04:28 gss-i7-mio kernel: pci 0000:00:1f.3: [8086:a0c8] type 00 class 0x040300
Apr 05 15:04:28 gss-i7-mio kernel: pci 0000:00:1f.3: reg 0x10: [mem 0x6001120000-0x6001123fff 64bit]
Apr 05 15:04:28 gss-i7-mio kernel: pci 0000:00:1f.3: reg 0x20: [mem 0x6001000000-0x60010fffff 64bit]
Apr 05 15:04:28 gss-i7-mio kernel: pci 0000:00:1f.3: PME# supported from D3hot D3cold
Apr 05 15:04:28 gss-i7-mio kernel: pci 0000:00:1f.4: [8086:a0a3] type 00 class 0x0c0500
Apr 05 15:04:28 gss-i7-mio kernel: pci 0000:00:1f.4: reg 0x10: [mem 0x6001128000-0x60011280ff 64bit]
Apr 05 15:04:28 gss-i7-mio kernel: pci 0000:00:1f.4: reg 0x20: [io  0xefa0-0xefbf]
Apr 05 15:04:28 gss-i7-mio kernel: pci 0000:00:1f.5: [8086:a0a4] type 00 class 0x0c8000
Apr 05 15:04:28 gss-i7-mio kernel: pci 0000:00:1f.5: reg 0x10: [mem 0xfe010000-0xfe010fff]
Apr 05 15:04:28 gss-i7-mio kernel: pci 0000:00:1f.6: [8086:15fb] type 00 class 0x020000
Apr 05 15:04:28 gss-i7-mio kernel: pci 0000:00:1f.6: reg 0x10: [mem 0x80700000-0x8071ffff]
Apr 05 15:04:28 gss-i7-mio kernel: pci 0000:00:1f.6: PME# supported from D0 D3hot D3cold
Apr 05 15:04:28 gss-i7-mio kernel: pci 0000:01:00.0: [144d:a808] type 00 class 0x010802
Apr 05 15:04:28 gss-i7-mio kernel: pci 0000:01:00.0: reg 0x10: [mem 0x80600000-0x80603fff 64bit]
Apr 05 15:04:28 gss-i7-mio kernel: pci 0000:00:06.0: PCI bridge to [bus 01]
Apr 05 15:04:28 gss-i7-mio kernel: pci 0000:00:06.0:   bridge window [mem 0x80600000-0x806fffff]
Apr 05 15:04:28 gss-i7-mio kernel: pci 0000:02:00.0: [8086:1533] type 00 class 0x020000
Apr 05 15:04:28 gss-i7-mio kernel: pci 0000:02:00.0: reg 0x10: [mem 0x80480000-0x804fffff]
Apr 05 15:04:28 gss-i7-mio kernel: pci 0000:02:00.0: reg 0x18: [io  0x3000-0x301f]
Apr 05 15:04:28 gss-i7-mio kernel: pci 0000:02:00.0: reg 0x1c: [mem 0x80500000-0x80503fff]
Apr 05 15:04:28 gss-i7-mio kernel: pci 0000:02:00.0: reg 0x30: [mem 0x80400000-0x8047ffff pref]
Apr 05 15:04:28 gss-i7-mio kernel: pci 0000:02:00.0: PME# supported from D0 D3hot D3cold
Apr 05 15:04:28 gss-i7-mio kernel: pci 0000:00:1d.0: PCI bridge to [bus 02]
Apr 05 15:04:28 gss-i7-mio kernel: pci 0000:00:1d.0:   bridge window [io  0x3000-0x3fff]
Apr 05 15:04:28 gss-i7-mio kernel: pci 0000:00:1d.0:   bridge window [mem 0x80400000-0x805fffff]
Apr 05 15:04:28 gss-i7-mio kernel: ACPI: PCI Interrupt Link [LNKA] (IRQs 3 4 5 6 10 11 12 14 15) *0
Apr 05 15:04:28 gss-i7-mio kernel: ACPI: PCI Interrupt Link [LNKB] (IRQs 3 4 5 6 10 11 12 14 15) *1
Apr 05 15:04:28 gss-i7-mio kernel: ACPI: PCI Interrupt Link [LNKC] (IRQs 3 4 5 6 10 11 12 14 15) *0
Apr 05 15:04:28 gss-i7-mio kernel: ACPI: PCI Interrupt Link [LNKD] (IRQs 3 4 5 6 10 11 12 14 15) *0
Apr 05 15:04:28 gss-i7-mio kernel: ACPI: PCI Interrupt Link [LNKE] (IRQs 3 4 5 6 10 11 12 14 15) *0
Apr 05 15:04:28 gss-i7-mio kernel: ACPI: PCI Interrupt Link [LNKF] (IRQs 3 4 5 6 10 11 12 14 15) *0
Apr 05 15:04:28 gss-i7-mio kernel: ACPI: PCI Interrupt Link [LNKG] (IRQs 3 4 5 6 10 11 12 14 15) *0
Apr 05 15:04:28 gss-i7-mio kernel: ACPI: PCI Interrupt Link [LNKH] (IRQs 3 4 5 6 10 11 12 14 15) *0
Apr 05 15:04:28 gss-i7-mio kernel: ACPI: EC: interrupt unblocked
Apr 05 15:04:28 gss-i7-mio kernel: ACPI: EC: event unblocked
Apr 05 15:04:28 gss-i7-mio kernel: ACPI: \_SB_.PC00.LPCB.EC0_: GPE=0x4, IRQ=-1, EC_CMD/EC_SC=0x66, EC_DATA=0x62
Apr 05 15:04:28 gss-i7-mio kernel: ACPI: \_SB_.PC00.LPCB.EC0_: Boot DSDT EC used to handle transactions and events
Apr 05 15:04:28 gss-i7-mio kernel: iommu: Default domain type: Translated 
Apr 05 15:04:28 gss-i7-mio kernel: SCSI subsystem initialized
Apr 05 15:04:28 gss-i7-mio kernel: libata version 3.00 loaded.
Apr 05 15:04:28 gss-i7-mio kernel: pci 0000:00:02.0: vgaarb: setting as boot VGA device
Apr 05 15:04:28 gss-i7-mio kernel: pci 0000:00:02.0: vgaarb: VGA device added: decodes=io+mem,owns=io+mem,locks=none
Apr 05 15:04:28 gss-i7-mio kernel: pci 0000:00:02.0: vgaarb: bridge control possible
Apr 05 15:04:28 gss-i7-mio kernel: vgaarb: loaded
Apr 05 15:04:28 gss-i7-mio kernel: ACPI: bus type USB registered
Apr 05 15:04:28 gss-i7-mio kernel: usbcore: registered new interface driver usbfs
Apr 05 15:04:28 gss-i7-mio kernel: usbcore: registered new interface driver hub
Apr 05 15:04:28 gss-i7-mio kernel: usbcore: registered new device driver usb
Apr 05 15:04:28 gss-i7-mio kernel: pps_core: LinuxPPS API ver. 1 registered
Apr 05 15:04:28 gss-i7-mio kernel: pps_core: Software ver. 5.3.6 - Copyright 2005-2007 Rodolfo Giometti <giometti@linux.it>
Apr 05 15:04:28 gss-i7-mio kernel: PTP clock support registered
Apr 05 15:04:28 gss-i7-mio kernel: EDAC MC: Ver: 3.0.0
Apr 05 15:04:28 gss-i7-mio kernel: Registered efivars operations
Apr 05 15:04:28 gss-i7-mio kernel: PCI: Using ACPI for IRQ routing
Apr 05 15:04:28 gss-i7-mio kernel: PCI: pci_cache_line_size set to 64 bytes
Apr 05 15:04:28 gss-i7-mio kernel: pci 0000:00:1f.5: can't claim BAR 0 [mem 0xfe010000-0xfe010fff]: no compatible bridge window
Apr 05 15:04:28 gss-i7-mio kernel: e820: reserve RAM buffer [mem 0x0009f000-0x0009ffff]
Apr 05 15:04:28 gss-i7-mio kernel: e820: reserve RAM buffer [mem 0x6f7d7000-0x6fffffff]
Apr 05 15:04:28 gss-i7-mio kernel: e820: reserve RAM buffer [mem 0x71f8c000-0x73ffffff]
Apr 05 15:04:28 gss-i7-mio kernel: e820: reserve RAM buffer [mem 0x76000000-0x77ffffff]
Apr 05 15:04:28 gss-i7-mio kernel: e820: reserve RAM buffer [mem 0x107fc00000-0x107fffffff]
Apr 05 15:04:28 gss-i7-mio kernel: NetLabel: Initializing
Apr 05 15:04:28 gss-i7-mio kernel: NetLabel:  domain hash size = 128
Apr 05 15:04:28 gss-i7-mio kernel: NetLabel:  protocols = UNLABELED CIPSOv4 CALIPSO
Apr 05 15:04:28 gss-i7-mio kernel: NetLabel:  unlabeled traffic allowed by default
Apr 05 15:04:28 gss-i7-mio kernel: hpet0: at MMIO 0xfed00000, IRQs 2, 8, 0, 0, 0, 0, 0, 0
Apr 05 15:04:28 gss-i7-mio kernel: hpet0: 8 comparators, 64-bit 19.200000 MHz counter
Apr 05 15:04:28 gss-i7-mio kernel: clocksource: Switched to clocksource tsc-early
Apr 05 15:04:28 gss-i7-mio kernel: *** VALIDATE bpf ***
Apr 05 15:04:28 gss-i7-mio kernel: VFS: Disk quotas dquot_6.6.0
Apr 05 15:04:28 gss-i7-mio kernel: VFS: Dquot-cache hash table entries: 512 (order 0, 4096 bytes)
Apr 05 15:04:28 gss-i7-mio kernel: *** VALIDATE ramfs ***
Apr 05 15:04:28 gss-i7-mio kernel: *** VALIDATE hugetlbfs ***
Apr 05 15:04:28 gss-i7-mio kernel: AppArmor: AppArmor Filesystem Enabled
Apr 05 15:04:28 gss-i7-mio kernel: pnp: PnP ACPI init
Apr 05 15:04:28 gss-i7-mio kernel: system 00:00: [io  0x0299-0x029a] has been reserved
Apr 05 15:04:28 gss-i7-mio kernel: system 00:00: [io  0x0290-0x029f] could not be reserved
Apr 05 15:04:28 gss-i7-mio kernel: system 00:00: [io  0x02f0-0x02f7] has been reserved
Apr 05 15:04:28 gss-i7-mio kernel: system 00:00: Plug and Play ACPI device, IDs PNP0c02 (active)
Apr 05 15:04:28 gss-i7-mio kernel: pnp 00:01: [dma 0 disabled]
Apr 05 15:04:28 gss-i7-mio kernel: pnp 00:01: Plug and Play ACPI device, IDs PNP0501 (active)
Apr 05 15:04:28 gss-i7-mio kernel: pnp 00:02: [dma 0 disabled]
Apr 05 15:04:28 gss-i7-mio kernel: pnp 00:02: Plug and Play ACPI device, IDs PNP0501 (active)
Apr 05 15:04:28 gss-i7-mio kernel: ACPI: IRQ 7 override to edge, high
Apr 05 15:04:28 gss-i7-mio kernel: pnp 00:03: [dma 0 disabled]
Apr 05 15:04:28 gss-i7-mio kernel: pnp 00:03: Plug and Play ACPI device, IDs PNP0501 (active)
Apr 05 15:04:28 gss-i7-mio kernel: ACPI: IRQ 10 override to edge, high
Apr 05 15:04:28 gss-i7-mio kernel: pnp 00:04: [dma 0 disabled]
Apr 05 15:04:28 gss-i7-mio kernel: pnp 00:04: Plug and Play ACPI device, IDs PNP0501 (active)
Apr 05 15:04:28 gss-i7-mio kernel: ACPI: IRQ 6 override to edge, high
Apr 05 15:04:28 gss-i7-mio kernel: pnp 00:05: [dma 0 disabled]
Apr 05 15:04:28 gss-i7-mio kernel: system 00:05: [io  0x0200-0x027f] has been reserved
Apr 05 15:04:28 gss-i7-mio kernel: system 00:05: Plug and Play ACPI device, IDs AHC0512 PNP0c02 (active)
Apr 05 15:04:28 gss-i7-mio kernel: ACPI: IRQ 6 override to edge, high
Apr 05 15:04:28 gss-i7-mio kernel: pnp 00:06: [dma 0 disabled]
Apr 05 15:04:28 gss-i7-mio kernel: system 00:06: [io  0x0280-0x028f] has been reserved
Apr 05 15:04:28 gss-i7-mio kernel: system 00:06: Plug and Play ACPI device, IDs AHC0510 PNP0c02 (active)
Apr 05 15:04:28 gss-i7-mio kernel: ACPI: IRQ 6 override to edge, high
Apr 05 15:04:28 gss-i7-mio kernel: pnp 00:07: [dma 0 disabled]
Apr 05 15:04:28 gss-i7-mio kernel: system 00:07: [io  0x02a0-0x02bf] has been reserved
Apr 05 15:04:28 gss-i7-mio kernel: system 00:07: Plug and Play ACPI device, IDs AHC0b10 PNP0c02 (active)
Apr 05 15:04:28 gss-i7-mio kernel: system 00:08: [io  0x0680-0x069f] has been reserved
Apr 05 15:04:28 gss-i7-mio kernel: system 00:08: [io  0x164e-0x164f] has been reserved
Apr 05 15:04:28 gss-i7-mio kernel: system 00:08: Plug and Play ACPI device, IDs PNP0c02 (active)
Apr 05 15:04:28 gss-i7-mio kernel: system 00:09: [io  0x1854-0x1857] has been reserved
Apr 05 15:04:28 gss-i7-mio kernel: system 00:09: Plug and Play ACPI device, IDs INT3f0d PNP0c02 (active)
Apr 05 15:04:28 gss-i7-mio kernel: pnp 00:0a: disabling [mem 0xc0000000-0xcfffffff] because it overlaps 0000:00:02.0 BAR 9 [mem 0x00000000-0xdfffffff 64bit pref]
Apr 05 15:04:28 gss-i7-mio kernel: system 00:0a: [mem 0xfedc0000-0xfedc7fff] has been reserved
Apr 05 15:04:28 gss-i7-mio kernel: system 00:0a: [mem 0xfeda0000-0xfeda0fff] has been reserved
Apr 05 15:04:28 gss-i7-mio kernel: system 00:0a: [mem 0xfeda1000-0xfeda1fff] has been reserved
Apr 05 15:04:28 gss-i7-mio kernel: system 00:0a: [mem 0xfed20000-0xfed7ffff] could not be reserved
Apr 05 15:04:28 gss-i7-mio kernel: system 00:0a: [mem 0xfed90000-0xfed93fff] could not be reserved
Apr 05 15:04:28 gss-i7-mio kernel: system 00:0a: [mem 0xfed45000-0xfed8ffff] could not be reserved
Apr 05 15:04:28 gss-i7-mio kernel: system 00:0a: [mem 0xfee00000-0xfeefffff] could not be reserved
Apr 05 15:04:28 gss-i7-mio kernel: system 00:0a: Plug and Play ACPI device, IDs PNP0c02 (active)
Apr 05 15:04:28 gss-i7-mio kernel: system 00:0b: [io  0x1800-0x18fe] could not be reserved
Apr 05 15:04:28 gss-i7-mio kernel: system 00:0b: [mem 0xfe000000-0xfe01ffff] could not be reserved
Apr 05 15:04:28 gss-i7-mio kernel: system 00:0b: [mem 0xfe04c000-0xfe04ffff] has been reserved
Apr 05 15:04:28 gss-i7-mio kernel: system 00:0b: [mem 0xfe050000-0xfe0affff] has been reserved
Apr 05 15:04:28 gss-i7-mio kernel: system 00:0b: [mem 0xfe0d0000-0xfe0fffff] has been reserved
Apr 05 15:04:28 gss-i7-mio kernel: system 00:0b: [mem 0xfe200000-0xfe7fffff] has been reserved
Apr 05 15:04:28 gss-i7-mio kernel: system 00:0b: [mem 0xff000000-0xffffffff] has been reserved
Apr 05 15:04:28 gss-i7-mio kernel: system 00:0b: [mem 0xfd000000-0xfd68ffff] has been reserved
Apr 05 15:04:28 gss-i7-mio kernel: system 00:0b: [mem 0xfd6b0000-0xfd6cffff] has been reserved
Apr 05 15:04:28 gss-i7-mio kernel: system 00:0b: [mem 0xfd6f0000-0xfdffffff] has been reserved
Apr 05 15:04:28 gss-i7-mio kernel: system 00:0b: Plug and Play ACPI device, IDs PNP0c02 (active)
Apr 05 15:04:28 gss-i7-mio kernel: system 00:0c: [io  0x2000-0x20fe] has been reserved
Apr 05 15:04:28 gss-i7-mio kernel: system 00:0c: Plug and Play ACPI device, IDs PNP0c02 (active)
Apr 05 15:04:28 gss-i7-mio kernel: system 00:0d: Plug and Play ACPI device, IDs PNP0c02 (active)
Apr 05 15:04:28 gss-i7-mio kernel: pnp: PnP ACPI: found 14 devices
Apr 05 15:04:28 gss-i7-mio kernel: thermal_sys: Registered thermal governor 'fair_share'
Apr 05 15:04:28 gss-i7-mio kernel: thermal_sys: Registered thermal governor 'bang_bang'
Apr 05 15:04:28 gss-i7-mio kernel: thermal_sys: Registered thermal governor 'step_wise'
Apr 05 15:04:28 gss-i7-mio kernel: thermal_sys: Registered thermal governor 'user_space'
Apr 05 15:04:28 gss-i7-mio kernel: thermal_sys: Registered thermal governor 'power_allocator'
Apr 05 15:04:28 gss-i7-mio kernel: clocksource: acpi_pm: mask: 0xffffff max_cycles: 0xffffff, max_idle_ns: 2085701024 ns
Apr 05 15:04:28 gss-i7-mio kernel: pci_bus 0000:00: max bus depth: 1 pci_try_num: 2
Apr 05 15:04:28 gss-i7-mio kernel: pci 0000:00:02.0: BAR 9: assigned [mem 0x4020000000-0x40ffffffff 64bit pref]
Apr 05 15:04:28 gss-i7-mio kernel: pci 0000:00:02.0: BAR 7: assigned [mem 0x4010000000-0x4016ffffff 64bit]
Apr 05 15:04:28 gss-i7-mio kernel: pci 0000:00:1f.5: BAR 0: assigned [mem 0x80725000-0x80725fff]
Apr 05 15:04:28 gss-i7-mio kernel: pci 0000:00:06.0: PCI bridge to [bus 01]
Apr 05 15:04:28 gss-i7-mio kernel: pci 0000:00:06.0:   bridge window [mem 0x80600000-0x806fffff]
Apr 05 15:04:28 gss-i7-mio kernel: pci 0000:00:1d.0: PCI bridge to [bus 02]
Apr 05 15:04:28 gss-i7-mio kernel: pci 0000:00:1d.0:   bridge window [io  0x3000-0x3fff]
Apr 05 15:04:28 gss-i7-mio kernel: pci 0000:00:1d.0:   bridge window [mem 0x80400000-0x805fffff]
Apr 05 15:04:28 gss-i7-mio kernel: pci_bus 0000:00: resource 4 [io  0x0000-0x0cf7 window]
Apr 05 15:04:28 gss-i7-mio kernel: pci_bus 0000:00: resource 5 [io  0x0d00-0xffff window]
Apr 05 15:04:28 gss-i7-mio kernel: pci_bus 0000:00: resource 6 [mem 0x000a0000-0x000bffff window]
Apr 05 15:04:28 gss-i7-mio kernel: pci_bus 0000:00: resource 7 [mem 0x000e0000-0x000e3fff window]
Apr 05 15:04:28 gss-i7-mio kernel: pci_bus 0000:00: resource 8 [mem 0x000e4000-0x000e7fff window]
Apr 05 15:04:28 gss-i7-mio kernel: pci_bus 0000:00: resource 9 [mem 0x000e8000-0x000ebfff window]
Apr 05 15:04:28 gss-i7-mio kernel: pci_bus 0000:00: resource 10 [mem 0x000ec000-0x000effff window]
Apr 05 15:04:28 gss-i7-mio kernel: pci_bus 0000:00: resource 11 [mem 0x000f0000-0x000fffff window]
Apr 05 15:04:28 gss-i7-mio kernel: pci_bus 0000:00: resource 12 [mem 0x80400000-0xbfffffff window]
Apr 05 15:04:28 gss-i7-mio kernel: pci_bus 0000:00: resource 13 [mem 0x4000000000-0x7fffffffff window]
Apr 05 15:04:28 gss-i7-mio kernel: pci_bus 0000:01: resource 1 [mem 0x80600000-0x806fffff]
Apr 05 15:04:28 gss-i7-mio kernel: pci_bus 0000:02: resource 0 [io  0x3000-0x3fff]
Apr 05 15:04:28 gss-i7-mio kernel: pci_bus 0000:02: resource 1 [mem 0x80400000-0x805fffff]
Apr 05 15:04:28 gss-i7-mio kernel: NET: Registered protocol family 2
Apr 05 15:04:28 gss-i7-mio kernel: IP idents hash table entries: 262144 (order: 9, 2097152 bytes, linear)
Apr 05 15:04:28 gss-i7-mio kernel: tcp_listen_portaddr_hash hash table entries: 32768 (order: 7, 524288 bytes, linear)
Apr 05 15:04:28 gss-i7-mio kernel: TCP established hash table entries: 524288 (order: 10, 4194304 bytes, linear)
Apr 05 15:04:28 gss-i7-mio kernel: TCP bind hash table entries: 65536 (order: 8, 1048576 bytes, linear)
Apr 05 15:04:28 gss-i7-mio kernel: TCP: Hash tables configured (established 524288 bind 65536)
Apr 05 15:04:28 gss-i7-mio kernel: UDP hash table entries: 32768 (order: 8, 1048576 bytes, linear)
Apr 05 15:04:28 gss-i7-mio kernel: UDP-Lite hash table entries: 32768 (order: 8, 1048576 bytes, linear)
Apr 05 15:04:28 gss-i7-mio kernel: NET: Registered protocol family 1
Apr 05 15:04:28 gss-i7-mio kernel: NET: Registered protocol family 44
Apr 05 15:04:28 gss-i7-mio kernel: pci 0000:00:02.0: Video device with shadowed ROM at [mem 0x000c0000-0x000dffff]
Apr 05 15:04:28 gss-i7-mio kernel: PCI: CLS 64 bytes, default 64
Apr 05 15:04:28 gss-i7-mio kernel: Trying to unpack rootfs image as initramfs...
Apr 05 15:04:28 gss-i7-mio kernel: Freeing initrd memory: 44560K
Apr 05 15:04:28 gss-i7-mio kernel: PCI-DMA: Using software bounce buffering for IO (SWIOTLB)
Apr 05 15:04:28 gss-i7-mio kernel: software IO TLB: mapped [mem 0x64e62000-0x68e62000] (64MB)
Apr 05 15:04:28 gss-i7-mio kernel: clocksource: tsc: mask: 0xffffffffffffffff max_cycles: 0x1a03dfe73b3, max_idle_ns: 440795256845 ns
Apr 05 15:04:28 gss-i7-mio kernel: clocksource: Switched to clocksource tsc
Apr 05 15:04:28 gss-i7-mio kernel: platform rtc_cmos: registered platform RTC device (no PNP device found)
Apr 05 15:04:28 gss-i7-mio kernel: check: Scanning for low memory corruption every 60 seconds
Apr 05 15:04:28 gss-i7-mio kernel: Initialise system trusted keyrings
Apr 05 15:04:28 gss-i7-mio kernel: Key type blacklist registered
Apr 05 15:04:28 gss-i7-mio kernel: workingset: timestamp_bits=36 max_order=24 bucket_order=0
Apr 05 15:04:28 gss-i7-mio kernel: zbud: loaded
Apr 05 15:04:28 gss-i7-mio kernel: squashfs: version 4.0 (2009/01/31) Phillip Lougher
Apr 05 15:04:28 gss-i7-mio kernel: fuse: init (API version 7.31)
Apr 05 15:04:28 gss-i7-mio kernel: *** VALIDATE fuse ***
Apr 05 15:04:28 gss-i7-mio kernel: *** VALIDATE fuse ***
Apr 05 15:04:28 gss-i7-mio kernel: Platform Keyring initialized
Apr 05 15:04:28 gss-i7-mio kernel: Key type asymmetric registered
Apr 05 15:04:28 gss-i7-mio kernel: Asymmetric key parser 'x509' registered
Apr 05 15:04:28 gss-i7-mio kernel: Block layer SCSI generic (bsg) driver version 0.4 loaded (major 244)
Apr 05 15:04:28 gss-i7-mio kernel: io scheduler mq-deadline registered
Apr 05 15:04:28 gss-i7-mio kernel: pcieport 0000:00:06.0: PME: Signaling with IRQ 122
Apr 05 15:04:28 gss-i7-mio kernel: pcieport 0000:00:1d.0: PME: Signaling with IRQ 123
Apr 05 15:04:28 gss-i7-mio kernel: shpchp: Standard Hot Plug PCI Controller Driver version: 0.4
Apr 05 15:04:28 gss-i7-mio kernel: efifb: probing for efifb
Apr 05 15:04:28 gss-i7-mio kernel: efifb: No BGRT, not showing boot graphics
Apr 05 15:04:28 gss-i7-mio kernel: efifb: framebuffer at 0x4000000000, using 8100k, total 8100k
Apr 05 15:04:28 gss-i7-mio kernel: efifb: mode is 1920x1080x32, linelength=7680, pages=1
Apr 05 15:04:28 gss-i7-mio kernel: efifb: scrolling: redraw
Apr 05 15:04:28 gss-i7-mio kernel: efifb: Truecolor: size=8:8:8:8, shift=24:16:8:0
Apr 05 15:04:28 gss-i7-mio kernel: fbcon: Deferring console take-over
Apr 05 15:04:28 gss-i7-mio kernel: fb0: EFI VGA frame buffer device
Apr 05 15:04:28 gss-i7-mio kernel: intel_idle: does not run on family 6 model 140
Apr 05 15:04:28 gss-i7-mio kernel: input: Lid Switch as /devices/LNXSYSTM:00/LNXSYBUS:00/PNP0A08:00/device:08/PNP0C09:01/PNP0C0D:00/input/input0
Apr 05 15:04:28 gss-i7-mio kernel: ACPI: Lid Switch [LID1]
Apr 05 15:04:28 gss-i7-mio kernel: input: Sleep Button as /devices/LNXSYSTM:00/LNXSYBUS:00/PNP0A08:00/device:08/PNP0C09:01/PNP0C0E:00/input/input1
Apr 05 15:04:28 gss-i7-mio kernel: ACPI: Sleep Button [SLPB]
Apr 05 15:04:28 gss-i7-mio kernel: input: Sleep Button as /devices/LNXSYSTM:00/LNXSYBUS:00/PNP0C0E:01/input/input2
Apr 05 15:04:28 gss-i7-mio kernel: ACPI: Sleep Button [SLPB]
Apr 05 15:04:28 gss-i7-mio kernel: input: Power Button as /devices/LNXSYSTM:00/LNXSYBUS:00/PNP0C0C:00/input/input3
Apr 05 15:04:28 gss-i7-mio kernel: ACPI: Power Button [PWRB]
Apr 05 15:04:28 gss-i7-mio kernel: input: Power Button as /devices/LNXSYSTM:00/LNXPWRBN:00/input/input4
Apr 05 15:04:28 gss-i7-mio kernel: ACPI: Power Button [PWRF]
Apr 05 15:04:28 gss-i7-mio kernel: thermal LNXTHERM:00: registered as thermal_zone0
Apr 05 15:04:28 gss-i7-mio kernel: ACPI: Thermal Zone [TZ00] (75 C)
Apr 05 15:04:28 gss-i7-mio kernel: Serial: 8250/16550 driver, 32 ports, IRQ sharing enabled
Apr 05 15:04:28 gss-i7-mio kernel: 00:01: ttyS0 at I/O 0x3f8 (irq = 4, base_baud = 115200) is a U6_16550A
Apr 05 15:04:28 gss-i7-mio kernel: 00:02: ttyS1 at I/O 0x2f8 (irq = 3, base_baud = 115200) is a U6_16550A
Apr 05 15:04:28 gss-i7-mio kernel: 00:03: ttyS2 at I/O 0x3e8 (irq = 7, base_baud = 115200) is a U6_16550A
Apr 05 15:04:28 gss-i7-mio kernel: 00:04: ttyS3 at I/O 0x2e8 (irq = 10, base_baud = 115200) is a U6_16550A
Apr 05 15:04:28 gss-i7-mio kernel: serial 0000:00:16.3: enabling device (0000 -> 0003)
Apr 05 15:04:28 gss-i7-mio kernel: 0000:00:16.3: ttyS4 at I/O 0x40a0 (irq = 19, base_baud = 115200) is a 16550A
Apr 05 15:04:28 gss-i7-mio kernel: Linux agpgart interface v0.103
Apr 05 15:04:28 gss-i7-mio kernel: tpm_tis MSFT0101:00: 2.0 TPM (device-id 0x1B, rev-id 16)
Apr 05 15:04:28 gss-i7-mio kernel: tpm tpm0: [Firmware Bug]: TPM interrupt not working, polling instead
Apr 05 15:04:28 gss-i7-mio kernel: loop: module loaded
Apr 05 15:04:28 gss-i7-mio kernel: tun: Universal TUN/TAP device driver, 1.6
Apr 05 15:04:28 gss-i7-mio kernel: PPP generic driver version 2.4.2
Apr 05 15:04:28 gss-i7-mio kernel: VFIO - User Level meta-driver version: 0.3
Apr 05 15:04:28 gss-i7-mio kernel: ehci_hcd: USB 2.0 'Enhanced' Host Controller (EHCI) Driver
Apr 05 15:04:28 gss-i7-mio kernel: ehci-pci: EHCI PCI platform driver
Apr 05 15:04:28 gss-i7-mio kernel: ehci-platform: EHCI generic platform driver
Apr 05 15:04:28 gss-i7-mio kernel: ohci_hcd: USB 1.1 'Open' Host Controller (OHCI) Driver
Apr 05 15:04:28 gss-i7-mio kernel: ohci-pci: OHCI PCI platform driver
Apr 05 15:04:28 gss-i7-mio kernel: ohci-platform: OHCI generic platform driver
Apr 05 15:04:28 gss-i7-mio kernel: uhci_hcd: USB Universal Host Controller Interface driver
Apr 05 15:04:28 gss-i7-mio kernel: xhci_hcd 0000:00:0d.0: xHCI Host Controller
Apr 05 15:04:28 gss-i7-mio kernel: xhci_hcd 0000:00:0d.0: new USB bus registered, assigned bus number 1
Apr 05 15:04:28 gss-i7-mio kernel: xhci_hcd 0000:00:0d.0: hcc params 0x20007fc1 hci version 0x120 quirks 0x0000000000009810
Apr 05 15:04:28 gss-i7-mio kernel: xhci_hcd 0000:00:0d.0: cache line size of 64 is not supported
Apr 05 15:04:28 gss-i7-mio kernel: xhci_hcd 0000:00:0d.0: xHCI Host Controller
Apr 05 15:04:28 gss-i7-mio kernel: xhci_hcd 0000:00:0d.0: new USB bus registered, assigned bus number 2
Apr 05 15:04:28 gss-i7-mio kernel: xhci_hcd 0000:00:0d.0: Host supports USB 3.1 Enhanced SuperSpeed
Apr 05 15:04:28 gss-i7-mio kernel: usb usb1: New USB device found, idVendor=1d6b, idProduct=0002, bcdDevice= 5.04
Apr 05 15:04:28 gss-i7-mio kernel: usb usb1: New USB device strings: Mfr=3, Product=2, SerialNumber=1
Apr 05 15:04:28 gss-i7-mio kernel: usb usb1: Product: xHCI Host Controller
Apr 05 15:04:28 gss-i7-mio kernel: usb usb1: Manufacturer: Linux 5.4.0-150-generic xhci-hcd
Apr 05 15:04:28 gss-i7-mio kernel: usb usb1: SerialNumber: 0000:00:0d.0
Apr 05 15:04:28 gss-i7-mio kernel: hub 1-0:1.0: USB hub found
Apr 05 15:04:28 gss-i7-mio kernel: hub 1-0:1.0: 1 port detected
Apr 05 15:04:28 gss-i7-mio kernel: usb usb2: New USB device found, idVendor=1d6b, idProduct=0003, bcdDevice= 5.04
Apr 05 15:04:28 gss-i7-mio kernel: usb usb2: New USB device strings: Mfr=3, Product=2, SerialNumber=1
Apr 05 15:04:28 gss-i7-mio kernel: usb usb2: Product: xHCI Host Controller
Apr 05 15:04:28 gss-i7-mio kernel: usb usb2: Manufacturer: Linux 5.4.0-150-generic xhci-hcd
Apr 05 15:04:28 gss-i7-mio kernel: usb usb2: SerialNumber: 0000:00:0d.0
Apr 05 15:04:28 gss-i7-mio kernel: hub 2-0:1.0: USB hub found
Apr 05 15:04:28 gss-i7-mio kernel: hub 2-0:1.0: 4 ports detected
Apr 05 15:04:28 gss-i7-mio kernel: ACPI BIOS Error (bug): Could not resolve symbol [\_SB.UBTC.TPLD], AE_NOT_FOUND (20190816/psargs-330)
Apr 05 15:04:28 gss-i7-mio kernel: No Local Variables are initialized for Method [_PLD]
Apr 05 15:04:28 gss-i7-mio kernel: No Arguments are initialized for method [_PLD]
Apr 05 15:04:28 gss-i7-mio kernel: ACPI Error: Aborting method \_SB.PC00.TXHC.RHUB.SS01._PLD due to previous error (AE_NOT_FOUND) (20190816/psparse-531)
Apr 05 15:04:28 gss-i7-mio kernel: ACPI BIOS Error (bug): Could not resolve symbol [\_SB.UBTC.TPLD], AE_NOT_FOUND (20190816/psargs-330)
Apr 05 15:04:28 gss-i7-mio kernel: No Local Variables are initialized for Method [_PLD]
Apr 05 15:04:28 gss-i7-mio kernel: No Arguments are initialized for method [_PLD]
Apr 05 15:04:28 gss-i7-mio kernel: ACPI Error: Aborting method \_SB.PC00.TXHC.RHUB.SS02._PLD due to previous error (AE_NOT_FOUND) (20190816/psparse-531)
Apr 05 15:04:28 gss-i7-mio kernel: ACPI BIOS Error (bug): Could not resolve symbol [\_SB.UBTC.RUCC], AE_NOT_FOUND (20190816/psargs-330)
Apr 05 15:04:28 gss-i7-mio kernel: No Local Variables are initialized for Method [_PLD]
Apr 05 15:04:28 gss-i7-mio kernel: No Arguments are initialized for method [_PLD]
Apr 05 15:04:28 gss-i7-mio kernel: ACPI Error: Aborting method \_SB.PC00.TXHC.RHUB.SS03._PLD due to previous error (AE_NOT_FOUND) (20190816/psparse-531)
Apr 05 15:04:28 gss-i7-mio kernel: ACPI BIOS Error (bug): Could not resolve symbol [\_SB.UBTC.TPLD], AE_NOT_FOUND (20190816/psargs-330)
Apr 05 15:04:28 gss-i7-mio kernel: No Local Variables are initialized for Method [_PLD]
Apr 05 15:04:28 gss-i7-mio kernel: No Arguments are initialized for method [_PLD]
Apr 05 15:04:28 gss-i7-mio kernel: ACPI Error: Aborting method \_SB.PC00.TXHC.RHUB.SS04._PLD due to previous error (AE_NOT_FOUND) (20190816/psparse-531)
Apr 05 15:04:28 gss-i7-mio kernel: xhci_hcd 0000:00:14.0: xHCI Host Controller
Apr 05 15:04:28 gss-i7-mio kernel: xhci_hcd 0000:00:14.0: new USB bus registered, assigned bus number 3
Apr 05 15:04:28 gss-i7-mio kernel: xhci_hcd 0000:00:14.0: hcc params 0x20007fc1 hci version 0x120 quirks 0x0000000000009810
Apr 05 15:04:28 gss-i7-mio kernel: xhci_hcd 0000:00:14.0: cache line size of 64 is not supported
Apr 05 15:04:28 gss-i7-mio kernel: xhci_hcd 0000:00:14.0: xHCI Host Controller
Apr 05 15:04:28 gss-i7-mio kernel: xhci_hcd 0000:00:14.0: new USB bus registered, assigned bus number 4
Apr 05 15:04:28 gss-i7-mio kernel: xhci_hcd 0000:00:14.0: Host supports USB 3.1 Enhanced SuperSpeed
Apr 05 15:04:28 gss-i7-mio kernel: usb usb3: New USB device found, idVendor=1d6b, idProduct=0002, bcdDevice= 5.04
Apr 05 15:04:28 gss-i7-mio kernel: usb usb3: New USB device strings: Mfr=3, Product=2, SerialNumber=1
Apr 05 15:04:28 gss-i7-mio kernel: usb usb3: Product: xHCI Host Controller
Apr 05 15:04:28 gss-i7-mio kernel: usb usb3: Manufacturer: Linux 5.4.0-150-generic xhci-hcd
Apr 05 15:04:28 gss-i7-mio kernel: usb usb3: SerialNumber: 0000:00:14.0
Apr 05 15:04:28 gss-i7-mio kernel: hub 3-0:1.0: USB hub found
Apr 05 15:04:28 gss-i7-mio kernel: hub 3-0:1.0: 12 ports detected
Apr 05 15:04:28 gss-i7-mio kernel: ACPI BIOS Error (bug): Could not resolve symbol [\_SB.UBTC.RUCC], AE_NOT_FOUND (20190816/psargs-330)
Apr 05 15:04:28 gss-i7-mio kernel: No Local Variables are initialized for Method [_PLD]
Apr 05 15:04:28 gss-i7-mio kernel: No Arguments are initialized for method [_PLD]
Apr 05 15:04:28 gss-i7-mio kernel: ACPI Error: Aborting method \_SB.PC00.XHCI.RHUB.HS01._PLD due to previous error (AE_NOT_FOUND) (20190816/psparse-531)
Apr 05 15:04:28 gss-i7-mio kernel: usb usb4: New USB device found, idVendor=1d6b, idProduct=0003, bcdDevice= 5.04
Apr 05 15:04:28 gss-i7-mio kernel: usb usb4: New USB device strings: Mfr=3, Product=2, SerialNumber=1
Apr 05 15:04:28 gss-i7-mio kernel: usb usb4: Product: xHCI Host Controller
Apr 05 15:04:28 gss-i7-mio kernel: usb usb4: Manufacturer: Linux 5.4.0-150-generic xhci-hcd
Apr 05 15:04:28 gss-i7-mio kernel: usb usb4: SerialNumber: 0000:00:14.0
Apr 05 15:04:28 gss-i7-mio kernel: hub 4-0:1.0: USB hub found
Apr 05 15:04:28 gss-i7-mio kernel: hub 4-0:1.0: 4 ports detected
Apr 05 15:04:28 gss-i7-mio kernel: usb: port power management may be unreliable
Apr 05 15:04:28 gss-i7-mio kernel: i8042: PNP: No PS/2 controller found.
Apr 05 15:04:28 gss-i7-mio kernel: i8042: Probing ports directly.
Apr 05 15:04:28 gss-i7-mio kernel: i8042: No controller found
Apr 05 15:04:28 gss-i7-mio kernel: mousedev: PS/2 mouse device common for all mice
Apr 05 15:04:28 gss-i7-mio kernel: rtc_cmos rtc_cmos: RTC can wake from S4
Apr 05 15:04:28 gss-i7-mio kernel: rtc_cmos rtc_cmos: registered as rtc0
Apr 05 15:04:28 gss-i7-mio kernel: rtc_cmos rtc_cmos: alarms up to one month, y3k, 114 bytes nvram, hpet irqs
Apr 05 15:04:28 gss-i7-mio kernel: i2c /dev entries driver
Apr 05 15:04:28 gss-i7-mio kernel: device-mapper: uevent: version 1.0.3
Apr 05 15:04:28 gss-i7-mio kernel: device-mapper: ioctl: 4.41.0-ioctl (2019-09-16) initialised: dm-devel@redhat.com
Apr 05 15:04:28 gss-i7-mio kernel: platform eisa.0: Probing EISA bus 0
Apr 05 15:04:28 gss-i7-mio kernel: platform eisa.0: EISA: Cannot allocate resource for mainboard
Apr 05 15:04:28 gss-i7-mio kernel: platform eisa.0: Cannot allocate resource for EISA slot 1
Apr 05 15:04:28 gss-i7-mio kernel: platform eisa.0: Cannot allocate resource for EISA slot 2
Apr 05 15:04:28 gss-i7-mio kernel: platform eisa.0: Cannot allocate resource for EISA slot 3
Apr 05 15:04:28 gss-i7-mio kernel: platform eisa.0: Cannot allocate resource for EISA slot 4
Apr 05 15:04:28 gss-i7-mio kernel: platform eisa.0: Cannot allocate resource for EISA slot 5
Apr 05 15:04:28 gss-i7-mio kernel: platform eisa.0: Cannot allocate resource for EISA slot 6
Apr 05 15:04:28 gss-i7-mio kernel: platform eisa.0: Cannot allocate resource for EISA slot 7
Apr 05 15:04:28 gss-i7-mio kernel: platform eisa.0: Cannot allocate resource for EISA slot 8
Apr 05 15:04:28 gss-i7-mio kernel: platform eisa.0: EISA: Detected 0 cards
Apr 05 15:04:28 gss-i7-mio kernel: intel_pstate: Intel P-state driver initializing
Apr 05 15:04:28 gss-i7-mio kernel: intel_pstate: HWP enabled
Apr 05 15:04:28 gss-i7-mio kernel: ledtrig-cpu: registered to indicate activity on CPUs
Apr 05 15:04:28 gss-i7-mio kernel: EFI Variables Facility v0.08 2004-May-17
Apr 05 15:04:28 gss-i7-mio kernel: drop_monitor: Initializing network drop monitor service
Apr 05 15:04:28 gss-i7-mio kernel: NET: Registered protocol family 10
Apr 05 15:04:28 gss-i7-mio kernel: Segment Routing with IPv6
Apr 05 15:04:28 gss-i7-mio kernel: NET: Registered protocol family 17
Apr 05 15:04:28 gss-i7-mio kernel: Key type dns_resolver registered
Apr 05 15:04:28 gss-i7-mio kernel: RAS: Correctable Errors collector initialized.
Apr 05 15:04:28 gss-i7-mio kernel: microcode: sig=0x806c1, pf=0x80, revision=0xa6
Apr 05 15:04:28 gss-i7-mio kernel: microcode: Microcode Update Driver: v2.2.
Apr 05 15:04:28 gss-i7-mio kernel: *** VALIDATE rdt ***
Apr 05 15:04:28 gss-i7-mio kernel: resctrl: L2 allocation detected
Apr 05 15:04:28 gss-i7-mio kernel: resctrl: L2DATA allocation detected
Apr 05 15:04:28 gss-i7-mio kernel: resctrl: L2CODE allocation detected
Apr 05 15:04:28 gss-i7-mio kernel: IPI shorthand broadcast: enabled
Apr 05 15:04:28 gss-i7-mio kernel: sched_clock: Marking stable (1786404371, 665740)->(1791346699, -4276588)
Apr 05 15:04:28 gss-i7-mio kernel: registered taskstats version 1
Apr 05 15:04:28 gss-i7-mio kernel: Loading compiled-in X.509 certificates
Apr 05 15:04:28 gss-i7-mio kernel: Loaded X.509 cert 'Build time autogenerated kernel key: 1b6f3dadb8f129606217e3a0685f6c1e8ea0c66e'
Apr 05 15:04:28 gss-i7-mio kernel: Loaded X.509 cert 'Canonical Ltd. Live Patch Signing: 14df34d1a87cf37625abec039ef2bf521249b969'
Apr 05 15:04:28 gss-i7-mio kernel: Loaded X.509 cert 'Canonical Ltd. Kernel Module Signing: 88f752e560a1e0737e31163a466ad7b70a850c19'
Apr 05 15:04:28 gss-i7-mio kernel: blacklist: Loading compiled-in revocation X.509 certificates
Apr 05 15:04:28 gss-i7-mio kernel: Loaded X.509 cert 'Canonical Ltd. Secure Boot Signing: 61482aa2830d0ab2ad5af10b7250da9033ddcef0'
Apr 05 15:04:28 gss-i7-mio kernel: Loaded X.509 cert 'Canonical Ltd. Secure Boot Signing (2017): 242ade75ac4a15e50d50c84b0d45ff3eae707a03'
Apr 05 15:04:28 gss-i7-mio kernel: Loaded X.509 cert 'Canonical Ltd. Secure Boot Signing (ESM 2018): 365188c1d374d6b07c3c8f240f8ef722433d6a8b'
Apr 05 15:04:28 gss-i7-mio kernel: Loaded X.509 cert 'Canonical Ltd. Secure Boot Signing (2019): c0746fd6c5da3ae827864651ad66ae47fe24b3e8'
Apr 05 15:04:28 gss-i7-mio kernel: Loaded X.509 cert 'Canonical Ltd. Secure Boot Signing (2021 v1): a8d54bbb3825cfb94fa13c9f8a594a195c107b8d'
Apr 05 15:04:28 gss-i7-mio kernel: Loaded X.509 cert 'Canonical Ltd. Secure Boot Signing (2021 v2): 4cf046892d6fd3c9a5b03f98d845f90851dc6a8c'
Apr 05 15:04:28 gss-i7-mio kernel: Loaded X.509 cert 'Canonical Ltd. Secure Boot Signing (2021 v3): 100437bb6de6e469b581e61cd66bce3ef4ed53af'
Apr 05 15:04:28 gss-i7-mio kernel: Loaded X.509 cert 'Canonical Ltd. Secure Boot Signing (Ubuntu Core 2019): c1d57b8f6b743f23ee41f4f7ee292f06eecadfb9'
Apr 05 15:04:28 gss-i7-mio kernel: zswap: loaded using pool lzo/zbud
Apr 05 15:04:28 gss-i7-mio kernel: Key type ._fscrypt registered
Apr 05 15:04:28 gss-i7-mio kernel: Key type .fscrypt registered
Apr 05 15:04:28 gss-i7-mio kernel: Key type big_key registered
Apr 05 15:04:28 gss-i7-mio kernel: Key type trusted registered
Apr 05 15:04:28 gss-i7-mio kernel: Key type encrypted registered
Apr 05 15:04:28 gss-i7-mio kernel: AppArmor: AppArmor sha1 policy hashing enabled
Apr 05 15:04:28 gss-i7-mio kernel: integrity: Loading X.509 certificate: UEFI:MokListRT (MOKvar table)
Apr 05 15:04:28 gss-i7-mio kernel: integrity: Loaded X.509 cert 'Canonical Ltd. Master Certificate Authority: ad91990bc22ab1f517048c23b6655a268e345a63'
Apr 05 15:04:28 gss-i7-mio kernel: ima: Allocated hash algorithm: sha1
Apr 05 15:04:28 gss-i7-mio kernel: ima: No architecture policies found
Apr 05 15:04:28 gss-i7-mio kernel: evm: Initialising EVM extended attributes:
Apr 05 15:04:28 gss-i7-mio kernel: evm: security.selinux
Apr 05 15:04:28 gss-i7-mio kernel: evm: security.SMACK64
Apr 05 15:04:28 gss-i7-mio kernel: evm: security.SMACK64EXEC
Apr 05 15:04:28 gss-i7-mio kernel: evm: security.SMACK64TRANSMUTE
Apr 05 15:04:28 gss-i7-mio kernel: evm: security.SMACK64MMAP
Apr 05 15:04:28 gss-i7-mio kernel: evm: security.apparmor
Apr 05 15:04:28 gss-i7-mio kernel: evm: security.ima
Apr 05 15:04:28 gss-i7-mio kernel: evm: security.capability
Apr 05 15:04:28 gss-i7-mio kernel: evm: HMAC attrs: 0x1
Apr 05 15:04:28 gss-i7-mio kernel: PM:   Magic number: 4:890:90
Apr 05 15:04:28 gss-i7-mio kernel:  edac: hash matches
Apr 05 15:04:28 gss-i7-mio kernel: memory memory243: hash matches
Apr 05 15:04:28 gss-i7-mio kernel: rtc_cmos rtc_cmos: setting system clock to 2024-04-05T19:04:26 UTC (1712343866)
Apr 05 15:04:28 gss-i7-mio kernel: Freeing unused decrypted memory: 2040K
Apr 05 15:04:28 gss-i7-mio kernel: Freeing unused kernel image memory: 2748K
Apr 05 15:04:28 gss-i7-mio kernel: Write protecting the kernel read-only data: 26624k
Apr 05 15:04:28 gss-i7-mio kernel: Freeing unused kernel image memory: 2036K
Apr 05 15:04:28 gss-i7-mio kernel: Freeing unused kernel image memory: 768K
Apr 05 15:04:28 gss-i7-mio kernel: x86/mm: Checked W+X mappings: passed, no W+X pages found.
Apr 05 15:04:28 gss-i7-mio kernel: Run /init as init process
Apr 05 15:04:28 gss-i7-mio kernel: acpi PNP0C14:01: duplicate WMI GUID 05901221-D566-11D1-B2F0-00A0C9062910 (first instance was on PNP0C14:00)
Apr 05 15:04:28 gss-i7-mio kernel: dca service started, version 1.12.1
Apr 05 15:04:28 gss-i7-mio kernel: ahci 0000:00:17.0: version 3.0
Apr 05 15:04:28 gss-i7-mio kernel: ahci 0000:00:17.0: AHCI 0001.0301 32 slots 1 ports 6 Gbps 0x2 impl SATA mode
Apr 05 15:04:28 gss-i7-mio kernel: ahci 0000:00:17.0: flags: 64bit ncq sntf led clo only pio slum part deso sadm sds 
Apr 05 15:04:28 gss-i7-mio kernel: scsi host0: ahci
Apr 05 15:04:28 gss-i7-mio kernel: igb: Intel(R) Gigabit Ethernet Network Driver - version 5.6.0-k
Apr 05 15:04:28 gss-i7-mio kernel: igb: Copyright (c) 2007-2014 Intel Corporation.
Apr 05 15:04:28 gss-i7-mio kernel: igb 0000:02:00.0: enabling device (0000 -> 0002)
Apr 05 15:04:28 gss-i7-mio kernel: nvme nvme0: pci function 0000:01:00.0
Apr 05 15:04:28 gss-i7-mio kernel: scsi host1: ahci
Apr 05 15:04:28 gss-i7-mio kernel: ata1: DUMMY
Apr 05 15:04:28 gss-i7-mio kernel: ata2: SATA max UDMA/133 abar m2048@0x80722000 port 0x80722180 irq 126
Apr 05 15:04:28 gss-i7-mio kernel: pps pps0: new PPS source ptp0
Apr 05 15:04:28 gss-i7-mio kernel: igb 0000:02:00.0: added PHC on eth0
Apr 05 15:04:28 gss-i7-mio kernel: igb 0000:02:00.0: Intel(R) Gigabit Ethernet Network Connection
Apr 05 15:04:28 gss-i7-mio kernel: igb 0000:02:00.0: eth0: (PCIe:2.5Gb/s:Width x1) c4:00:ad:c3:8c:55
Apr 05 15:04:28 gss-i7-mio kernel: igb 0000:02:00.0: eth0: PBA No: 000300-000
Apr 05 15:04:28 gss-i7-mio kernel: igb 0000:02:00.0: Using MSI-X interrupts. 4 rx queue(s), 4 tx queue(s)
Apr 05 15:04:28 gss-i7-mio kernel: usb 3-3: new low-speed USB device number 2 using xhci_hcd
Apr 05 15:04:28 gss-i7-mio kernel: nvme nvme0: Shutdown timeout set to 10 seconds
Apr 05 15:04:28 gss-i7-mio kernel: nvme nvme0: 8/0/0 default/read/poll queues
Apr 05 15:04:28 gss-i7-mio kernel:  nvme0n1: p1 p2
Apr 05 15:04:28 gss-i7-mio kernel: usb 3-3: New USB device found, idVendor=1a2c, idProduct=2124, bcdDevice= 1.10
Apr 05 15:04:28 gss-i7-mio kernel: usb 3-3: New USB device strings: Mfr=1, Product=2, SerialNumber=0
Apr 05 15:04:28 gss-i7-mio kernel: usb 3-3: Product: USB Keyboard
Apr 05 15:04:28 gss-i7-mio kernel: usb 3-3: Manufacturer: SEM
Apr 05 15:04:28 gss-i7-mio kernel: ata2: SATA link down (SStatus 4 SControl 300)
Apr 05 15:04:28 gss-i7-mio kernel: igb 0000:02:00.0 enp2s0: renamed from eth0
Apr 05 15:04:28 gss-i7-mio kernel: usb 4-2: new SuperSpeed Gen 1 USB device number 2 using xhci_hcd
Apr 05 15:04:28 gss-i7-mio kernel: usb 4-2: New USB device found, idVendor=0b95, idProduct=1790, bcdDevice= 1.00
Apr 05 15:04:28 gss-i7-mio kernel: usb 4-2: New USB device strings: Mfr=1, Product=2, SerialNumber=3
Apr 05 15:04:28 gss-i7-mio kernel: usb 4-2: Product: AX88179
Apr 05 15:04:28 gss-i7-mio kernel: usb 4-2: Manufacturer: ASIX Elec. Corp.
Apr 05 15:04:28 gss-i7-mio kernel: usb 4-2: SerialNumber: 0000000000318E
Apr 05 15:04:28 gss-i7-mio kernel: usb 3-5: new high-speed USB device number 3 using xhci_hcd
Apr 05 15:04:28 gss-i7-mio kernel: usb 3-5: New USB device found, idVendor=1a40, idProduct=0201, bcdDevice= 1.00
Apr 05 15:04:28 gss-i7-mio kernel: usb 3-5: New USB device strings: Mfr=0, Product=1, SerialNumber=0
Apr 05 15:04:28 gss-i7-mio kernel: usb 3-5: Product: USB 2.0 Hub [MTT]
Apr 05 15:04:28 gss-i7-mio kernel: hub 3-5:1.0: USB hub found
Apr 05 15:04:28 gss-i7-mio kernel: hub 3-5:1.0: 7 ports detected
Apr 05 15:04:28 gss-i7-mio kernel: usb 3-6: new low-speed USB device number 4 using xhci_hcd
Apr 05 15:04:28 gss-i7-mio kernel: usb 3-6: New USB device found, idVendor=04f2, idProduct=0939, bcdDevice= 1.00
Apr 05 15:04:28 gss-i7-mio kernel: usb 3-6: New USB device strings: Mfr=1, Product=2, SerialNumber=0
Apr 05 15:04:28 gss-i7-mio kernel: usb 3-6: Product: USB Optical Mouse
Apr 05 15:04:28 gss-i7-mio kernel: usb 3-6: Manufacturer: PixArt
Apr 05 15:04:28 gss-i7-mio kernel: hidraw: raw HID events driver (C) Jiri Kosina
Apr 05 15:04:28 gss-i7-mio kernel: usbcore: registered new interface driver usbhid
Apr 05 15:04:28 gss-i7-mio kernel: usbhid: USB HID core driver
Apr 05 15:04:28 gss-i7-mio kernel: input: SEM USB Keyboard as /devices/pci0000:00/0000:00:14.0/usb3/3-3/3-3:1.0/0003:1A2C:2124.0001/input/input5
Apr 05 15:04:28 gss-i7-mio kernel: hid-generic 0003:1A2C:2124.0001: input,hidraw0: USB HID v1.10 Keyboard [SEM USB Keyboard] on usb-0000:00:14.0-3/input0
Apr 05 15:04:28 gss-i7-mio kernel: input: SEM USB Keyboard Consumer Control as /devices/pci0000:00/0000:00:14.0/usb3/3-3/3-3:1.1/0003:1A2C:2124.0002/input/input6
Apr 05 15:04:28 gss-i7-mio kernel: usb 3-5.1: new full-speed USB device number 5 using xhci_hcd
Apr 05 15:04:28 gss-i7-mio kernel: input: SEM USB Keyboard System Control as /devices/pci0000:00/0000:00:14.0/usb3/3-3/3-3:1.1/0003:1A2C:2124.0002/input/input7
Apr 05 15:04:28 gss-i7-mio kernel: hid-generic 0003:1A2C:2124.0002: input,hidraw1: USB HID v1.10 Device [SEM USB Keyboard] on usb-0000:00:14.0-3/input1
Apr 05 15:04:28 gss-i7-mio kernel: input: PixArt USB Optical Mouse as /devices/pci0000:00/0000:00:14.0/usb3/3-6/3-6:1.0/0003:04F2:0939.0003/input/input8
Apr 05 15:04:28 gss-i7-mio kernel: hid-generic 0003:04F2:0939.0003: input,hidraw2: USB HID v1.11 Mouse [PixArt USB Optical Mouse] on usb-0000:00:14.0-6/input0
Apr 05 15:04:28 gss-i7-mio kernel: usb 3-5.1: New USB device found, idVendor=0403, idProduct=6001, bcdDevice= 6.00
Apr 05 15:04:28 gss-i7-mio kernel: usb 3-5.1: New USB device strings: Mfr=1, Product=2, SerialNumber=3
Apr 05 15:04:28 gss-i7-mio kernel: usb 3-5.1: Product: USB-RS422 Cable
Apr 05 15:04:28 gss-i7-mio kernel: usb 3-5.1: Manufacturer: FTDI
Apr 05 15:04:28 gss-i7-mio kernel: usb 3-5.1: SerialNumber: FT56RA8W
Apr 05 15:04:28 gss-i7-mio kernel: usb 3-5.2: new full-speed USB device number 6 using xhci_hcd
Apr 05 15:04:28 gss-i7-mio kernel: usb 3-5.2: New USB device found, idVendor=0403, idProduct=6001, bcdDevice= 6.00
Apr 05 15:04:28 gss-i7-mio kernel: usb 3-5.2: New USB device strings: Mfr=1, Product=2, SerialNumber=3
Apr 05 15:04:28 gss-i7-mio kernel: usb 3-5.2: Product: USB-RS422 Cable
Apr 05 15:04:28 gss-i7-mio kernel: usb 3-5.2: Manufacturer: FTDI
Apr 05 15:04:28 gss-i7-mio kernel: usb 3-5.2: SerialNumber: FT56R99X
Apr 05 15:04:28 gss-i7-mio kernel: usb 3-5.3: new full-speed USB device number 7 using xhci_hcd
Apr 05 15:04:28 gss-i7-mio kernel: usb 3-5.3: New USB device found, idVendor=0403, idProduct=6001, bcdDevice= 6.00
Apr 05 15:04:28 gss-i7-mio kernel: usb 3-5.3: New USB device strings: Mfr=1, Product=2, SerialNumber=3
Apr 05 15:04:28 gss-i7-mio kernel: usb 3-5.3: Product: USB-RS422 Cable
Apr 05 15:04:28 gss-i7-mio kernel: usb 3-5.3: Manufacturer: FTDI
Apr 05 15:04:28 gss-i7-mio kernel: usb 3-5.3: SerialNumber: FT56RCTZ
Apr 05 15:04:28 gss-i7-mio kernel: usb 3-5.4: new full-speed USB device number 8 using xhci_hcd
Apr 05 15:04:28 gss-i7-mio kernel: usb 3-5.4: New USB device found, idVendor=0403, idProduct=6001, bcdDevice= 6.00
Apr 05 15:04:28 gss-i7-mio kernel: usb 3-5.4: New USB device strings: Mfr=1, Product=2, SerialNumber=3
Apr 05 15:04:28 gss-i7-mio kernel: usb 3-5.4: Product: USB-RS422 Cable
Apr 05 15:04:28 gss-i7-mio kernel: usb 3-5.4: Manufacturer: FTDI
Apr 05 15:04:28 gss-i7-mio kernel: usb 3-5.4: SerialNumber: FT56R8FD
Apr 05 15:04:28 gss-i7-mio kernel: fbcon: Taking over console
Apr 05 15:04:28 gss-i7-mio kernel: Console: switching to colour frame buffer device 240x67
Apr 05 15:04:28 gss-i7-mio kernel: EXT4-fs (nvme0n1p2): mounted filesystem with ordered data mode. Opts: (null)
Apr 05 15:04:28 gss-i7-mio systemd[1]: systemd 237 running in system mode. (+PAM +AUDIT +SELINUX +IMA +APPARMOR +SMACK +SYSVINIT +UTMP +LIBCRYPTSETUP +GCRYPT +GNUTLS +ACL +XZ +LZ4 +SECCOMP +BLKID +ELFUTILS +KMOD -IDN2 +IDN -PCRE2 default-hierarchy=hybrid)
Apr 05 15:04:28 gss-i7-mio systemd[1]: Detected architecture x86-64.
Apr 05 15:04:28 gss-i7-mio systemd[1]: Set hostname to <gss-i7-mio>.
Apr 05 15:04:28 gss-i7-mio systemd[1]: Configuration file /etc/systemd/system/gss-startup.service is marked executable. Please remove executable permission bits. Proceeding anyway.
Apr 05 15:04:28 gss-i7-mio systemd[1]: Reached target System Time Synchronized.
Apr 05 15:04:28 gss-i7-mio systemd[1]: Started Forward Password Requests to Wall Directory Watch.
Apr 05 15:04:28 gss-i7-mio systemd[1]: Set up automount Arbitrary Executable File Formats File System Automount Point.
Apr 05 15:04:28 gss-i7-mio systemd[1]: Reached target Mounting snaps.
Apr 05 15:04:28 gss-i7-mio systemd[1]: Reached target Remote File Systems.
Apr 05 15:04:28 gss-i7-mio systemd[1]: Reached target User and Group Name Lookups.
Apr 05 15:04:28 gss-i7-mio kernel: EXT4-fs (nvme0n1p2): re-mounted. Opts: errors=remount-ro
Apr 05 15:04:28 gss-i7-mio kernel: lp: driver loaded but no devices found
Apr 05 15:04:28 gss-i7-mio kernel: mce: CPU0: Core temperature above threshold, cpu clock throttled (total events = 1)
Apr 05 15:04:28 gss-i7-mio kernel: mce: CPU6: Core temperature above threshold, cpu clock throttled (total events = 1)
Apr 05 15:04:28 gss-i7-mio kernel: mce: CPU4: Core temperature above threshold, cpu clock throttled (total events = 1)
Apr 05 15:04:28 gss-i7-mio kernel: mce: CPU2: Core temperature above threshold, cpu clock throttled (total events = 1)
Apr 05 15:04:28 gss-i7-mio kernel: mce: CPU5: Package temperature above threshold, cpu clock throttled (total events = 1)
Apr 05 15:04:28 gss-i7-mio kernel: mce: CPU7: Package temperature above threshold, cpu clock throttled (total events = 1)
Apr 05 15:04:28 gss-i7-mio kernel: mce: CPU1: Package temperature above threshold, cpu clock throttled (total events = 1)
Apr 05 15:04:28 gss-i7-mio kernel: mce: CPU3: Package temperature above threshold, cpu clock throttled (total events = 1)
Apr 05 15:04:28 gss-i7-mio kernel: mce: CPU6: Package temperature above threshold, cpu clock throttled (total events = 1)
Apr 05 15:04:28 gss-i7-mio kernel: mce: CPU4: Package temperature above threshold, cpu clock throttled (total events = 1)
Apr 05 15:04:28 gss-i7-mio kernel: mce: CPU2: Package temperature above threshold, cpu clock throttled (total events = 1)
Apr 05 15:04:28 gss-i7-mio kernel: mce: CPU0: Package temperature above threshold, cpu clock throttled (total events = 1)
Apr 05 15:04:28 gss-i7-mio kernel: ppdev: user-space parallel port driver
Apr 05 15:04:28 gss-i7-mio systemd-journald[309]: Journal started
Apr 05 15:04:28 gss-i7-mio systemd-journald[309]: Runtime journal (/run/log/journal/31fc71ed00e94c2e84db429c2434e398) is 8.0M, max 640.9M, 632.9M free.
Apr 05 15:04:28 gss-i7-mio systemd-modules-load[307]: Inserted module 'lp'
Apr 05 15:04:28 gss-i7-mio systemd-modules-load[307]: Inserted module 'ppdev'
Apr 05 15:04:28 gss-i7-mio systemd-modules-load[307]: Inserted module 'parport_pc'
Apr 05 15:04:28 gss-i7-mio systemd[1]: Starting Flush Journal to Persistent Storage...
Apr 05 15:04:28 gss-i7-mio systemd-journald[309]: Time spent on flushing to /var is 31.684ms for 921 entries.
Apr 05 15:04:28 gss-i7-mio systemd-journald[309]: System journal (/var/log/journal/31fc71ed00e94c2e84db429c2434e398) is 80.0M, max 4.0G, 3.9G free.
Apr 05 15:04:28 gss-i7-mio kernel: mce: CPU0: Core temperature/speed normal
Apr 05 15:04:28 gss-i7-mio kernel: mce: CPU4: Core temperature/speed normal
Apr 05 15:04:28 gss-i7-mio systemd[1]: Started udev Kernel Device Manager.
Apr 05 15:04:28 gss-i7-mio systemd[1]: Started Set the console keyboard layout.
Apr 05 15:04:28 gss-i7-mio systemd[1]: Reached target Local File Systems (Pre).
Apr 05 15:04:28 gss-i7-mio systemd[1]: Mounting Mount unit for gtk-common-themes, revision 1515...
Apr 05 15:04:28 gss-i7-mio systemd[1]: Mounting Mount unit for snapd, revision 12883...
Apr 05 15:04:28 gss-i7-mio systemd[1]: Mounting Mount unit for gnome-logs, revision 106...
Apr 05 15:04:28 gss-i7-mio systemd[1]: Mounting Mount unit for gnome-characters, revision 726...
Apr 05 15:04:28 gss-i7-mio systemd[1]: Mounting Mount unit for core20, revision 1081...
Apr 05 15:04:28 gss-i7-mio systemd[1]: Mounting Mount unit for core18, revision 2128...
Apr 05 15:04:28 gss-i7-mio systemd[1]: Mounting Mount unit for gnome-3-34-1804, revision 72...
Apr 05 15:04:28 gss-i7-mio systemd[1]: Mounting Mount unit for gnome-calculator, revision 884...
Apr 05 15:04:28 gss-i7-mio systemd[1]: Mounting Mount unit for gnome-3-38-2004, revision 70...
Apr 05 15:04:28 gss-i7-mio systemd[1]: Mounting Mount unit for gnome-system-monitor, revision 163...
Apr 05 15:04:28 gss-i7-mio systemd[1]: Started udev Coldplug all Devices.
Apr 05 15:04:28 gss-i7-mio systemd[1]: Starting Show Plymouth Boot Screen...
Apr 05 15:04:28 gss-i7-mio systemd[1]: Started Flush Journal to Persistent Storage.
Apr 05 15:04:28 gss-i7-mio systemd[1]: Started Show Plymouth Boot Screen.
Apr 05 15:04:28 gss-i7-mio systemd[1]: Reached target Local Encrypted Volumes.
Apr 05 15:04:28 gss-i7-mio systemd[1]: Started Forward Password Requests to Plymouth Directory Watch.
Apr 05 15:04:28 gss-i7-mio systemd[1]: Activated swap /swapfile.
Apr 05 15:04:28 gss-i7-mio systemd[1]: Reached target Swap.
Apr 05 15:04:28 gss-i7-mio kernel: Adding 2097148k swap on /swapfile.  Priority:-2 extents:6 across:2260988k SSFS
Apr 05 15:04:28 gss-i7-mio systemd-udevd[352]: link_config: autonegotiation is unset or enabled, the speed and duplex are not writable.
Apr 05 15:04:28 gss-i7-mio mtp-probe[374]: checking bus 3, device 2: "/sys/devices/pci0000:00/0000:00:14.0/usb3/3-3"
Apr 05 15:04:28 gss-i7-mio mtp-probe[376]: checking bus 3, device 7: "/sys/devices/pci0000:00/0000:00:14.0/usb3/3-5/3-5.3"
Apr 05 15:04:28 gss-i7-mio mtp-probe[377]: checking bus 3, device 6: "/sys/devices/pci0000:00/0000:00:14.0/usb3/3-5/3-5.2"
Apr 05 15:04:28 gss-i7-mio mtp-probe[376]: bus: 3, device: 7 was not an MTP device
Apr 05 15:04:28 gss-i7-mio mtp-probe[374]: bus: 3, device: 2 was not an MTP device
Apr 05 15:04:28 gss-i7-mio mtp-probe[377]: bus: 3, device: 6 was not an MTP device
Apr 05 15:04:28 gss-i7-mio mtp-probe[380]: checking bus 4, device 2: "/sys/devices/pci0000:00/0000:00:14.0/usb4/4-2"
Apr 05 15:04:28 gss-i7-mio mtp-probe[373]: checking bus 3, device 4: "/sys/devices/pci0000:00/0000:00:14.0/usb3/3-6"
Apr 05 15:04:28 gss-i7-mio mtp-probe[373]: bus: 3, device: 4 was not an MTP device
Apr 05 15:04:28 gss-i7-mio mtp-probe[380]: bus: 4, device: 2 was not an MTP device
Apr 05 15:04:28 gss-i7-mio kernel: usbcore: registered new interface driver usbserial_generic
Apr 05 15:04:28 gss-i7-mio kernel: usbserial: USB Serial support registered for generic
Apr 05 15:04:28 gss-i7-mio mtp-probe[378]: checking bus 3, device 8: "/sys/devices/pci0000:00/0000:00:14.0/usb3/3-5/3-5.4"
Apr 05 15:04:28 gss-i7-mio mtp-probe[378]: bus: 3, device: 8 was not an MTP device
Apr 05 15:04:28 gss-i7-mio kernel: usbcore: registered new interface driver ftdi_sio
Apr 05 15:04:28 gss-i7-mio kernel: usbserial: USB Serial support registered for FTDI USB Serial Device
Apr 05 15:04:28 gss-i7-mio kernel: ftdi_sio 3-5.1:1.0: FTDI USB Serial Device converter detected
Apr 05 15:04:28 gss-i7-mio kernel: usb 3-5.1: Detected FT232RL
Apr 05 15:04:28 gss-i7-mio kernel: mei_me 0000:00:16.0: enabling device (0000 -> 0002)
Apr 05 15:04:28 gss-i7-mio mtp-probe[379]: checking bus 3, device 5: "/sys/devices/pci0000:00/0000:00:14.0/usb3/3-5/3-5.1"
Apr 05 15:04:28 gss-i7-mio mtp-probe[379]: bus: 3, device: 5 was not an MTP device
Apr 05 15:04:28 gss-i7-mio kernel: usb 3-5.1: FTDI USB Serial Device converter now attached to ttyUSB0
Apr 05 15:04:28 gss-i7-mio kernel: ftdi_sio 3-5.2:1.0: FTDI USB Serial Device converter detected
Apr 05 15:04:28 gss-i7-mio kernel: usb 3-5.2: Detected FT232RL
Apr 05 15:04:28 gss-i7-mio kernel: usb 3-5.2: FTDI USB Serial Device converter now attached to ttyUSB1
Apr 05 15:04:28 gss-i7-mio kernel: ftdi_sio 3-5.3:1.0: FTDI USB Serial Device converter detected
Apr 05 15:04:28 gss-i7-mio kernel: usb 3-5.3: Detected FT232RL
Apr 05 15:04:28 gss-i7-mio kernel: usb 3-5.3: FTDI USB Serial Device converter now attached to ttyUSB2
Apr 05 15:04:28 gss-i7-mio kernel: ftdi_sio 3-5.4:1.0: FTDI USB Serial Device converter detected
Apr 05 15:04:28 gss-i7-mio kernel: usb 3-5.4: Detected FT232RL
Apr 05 15:04:28 gss-i7-mio kernel: usb 3-5.4: FTDI USB Serial Device converter now attached to ttyUSB3
Apr 05 15:04:28 gss-i7-mio systemd[1]: Found device Samsung SSD 970 EVO Plus 1TB EFI\x20System\x20Partition.
Apr 05 15:04:28 gss-i7-mio systemd[1]: Starting File System Check on /dev/disk/by-uuid/BADF-3F6B...
Apr 05 15:04:28 gss-i7-mio systemd[1]: Started File System Check Daemon to report status.
Apr 05 15:04:28 gss-i7-mio kernel: cryptd: max_cpu_qlen set to 1000
Apr 05 15:04:28 gss-i7-mio systemd-fsck[420]: fsck.fat 4.1 (2017-01-24)
Apr 05 15:04:28 gss-i7-mio systemd-fsck[420]: /dev/nvme0n1p1: 10 files, 1343/130812 clusters
Apr 05 15:04:28 gss-i7-mio systemd[1]: Started File System Check on /dev/disk/by-uuid/BADF-3F6B.
Apr 05 15:04:28 gss-i7-mio systemd[1]: Mounting /boot/efi...
Apr 05 15:04:28 gss-i7-mio systemd[1]: Listening on Load/Save RF Kill Switch Status /dev/rfkill Watch.
Apr 05 15:04:28 gss-i7-mio systemd-udevd[337]: link_config: autonegotiation is unset or enabled, the speed and duplex are not writable.
Apr 05 15:04:28 gss-i7-mio kernel: AVX2 version of gcm_enc/dec engaged.
Apr 05 15:04:28 gss-i7-mio kernel: AES CTR mode by8 optimization enabled
Apr 05 15:04:28 gss-i7-mio kernel: [drm] Your graphics device 9a49 is not properly supported by the driver in this
                                   kernel version. To force driver probe anyway, use i915.force_probe=9a49
                                   module parameter or CONFIG_DRM_I915_FORCE_PROBE=9a49 configuration option,
                                   or (recommended) check for kernel updates.
Apr 05 15:04:28 gss-i7-mio systemd[1]: Mounted /boot/efi.
Apr 05 15:04:28 gss-i7-mio systemd[1]: Reached target Local File Systems.
Apr 05 15:04:28 gss-i7-mio systemd[1]: Starting Tell Plymouth To Write Out Runtime Data...
Apr 05 15:04:28 gss-i7-mio systemd[1]: Starting Create Volatile Files and Directories...
Apr 05 15:04:28 gss-i7-mio systemd[1]: Starting Set console font and keymap...
Apr 05 15:04:28 gss-i7-mio systemd[1]: Starting AppArmor initialization...
Apr 05 15:04:28 gss-i7-mio systemd[1]: Starting Clean up any mess left by 0dns-up...
Apr 05 15:04:28 gss-i7-mio systemd[1]: Started Set console font and keymap.
Apr 05 15:04:28 gss-i7-mio systemd[1]: Mounted Mount unit for snapd, revision 12883.
Apr 05 15:04:28 gss-i7-mio systemd[1]: Mounted Mount unit for gnome-logs, revision 106.
Apr 05 15:04:28 gss-i7-mio apparmor[455]:  * Starting AppArmor profiles
Apr 05 15:04:28 gss-i7-mio systemd[1]: Mounted Mount unit for core18, revision 2128.
Apr 05 15:04:28 gss-i7-mio systemd[1]: Started Tell Plymouth To Write Out Runtime Data.
Apr 05 15:04:28 gss-i7-mio systemd[1]: Started Clean up any mess left by 0dns-up.
Apr 05 15:04:28 gss-i7-mio systemd[1]: Mounted Mount unit for gnome-characters, revision 726.
Apr 05 15:04:28 gss-i7-mio systemd[1]: Mounted Mount unit for gtk-common-themes, revision 1515.
Apr 05 15:04:28 gss-i7-mio systemd[1]: Started Create Volatile Files and Directories.
Apr 05 15:04:28 gss-i7-mio systemd[1]: Starting Update UTMP about System Boot/Shutdown...
Apr 05 15:04:28 gss-i7-mio systemd[1]: Starting Network Name Resolution...
Apr 05 15:04:28 gss-i7-mio systemd[1]: Started Update UTMP about System Boot/Shutdown.
Apr 05 15:04:28 gss-i7-mio kernel: snd_hda_intel 0000:00:1f.3: enabling device (0000 -> 0002)
Apr 05 15:04:28 gss-i7-mio apparmor[455]: Skipping profile in /etc/apparmor.d/disable: usr.bin.firefox
Apr 05 15:04:28 gss-i7-mio systemd-resolved[501]: Positive Trust Anchors:
Apr 05 15:04:28 gss-i7-mio systemd-resolved[501]: . IN DS 19036 8 2 49aac11d7b6f6446702e54a1607371607a1a41855200fd2ce1cdde32f24e8fb5
Apr 05 15:04:28 gss-i7-mio systemd-resolved[501]: . IN DS 20326 8 2 e06d44b80b8f1d39a95c0b0d7c65d08458e880409bbc683457104237c7f8ec8d
Apr 05 15:04:28 gss-i7-mio systemd-resolved[501]: Negative trust anchors: 10.in-addr.arpa 16.172.in-addr.arpa 17.172.in-addr.arpa 18.172.in-addr.arpa 19.172.in-addr.arpa 20.172.in-addr.arpa 21.172.in-addr.arpa 22.172.in-addr.arpa 23.172.in-addr.arpa 24.172.in-addr.arpa 25.172.in-addr.arpa 26.172.in-addr.arpa 27.172.in-addr.arpa 28.172.in-addr.arpa 29.172.in-addr.arpa 30.172.in-addr.arpa 31.172.in-addr.arpa 168.192.in-addr.arpa d.f.ip6.arpa corp home internal intranet lan local private test
Apr 05 15:04:28 gss-i7-mio systemd-resolved[501]: Using system hostname 'gss-i7-mio'.
Apr 05 15:04:28 gss-i7-mio systemd[1]: Started Network Name Resolution.
Apr 05 15:04:28 gss-i7-mio systemd[1]: Reached target Host and Network Name Lookups.
Apr 05 15:04:28 gss-i7-mio audit[570]: AVC apparmor="STATUS" operation="profile_load" profile="unconfined" name="libreoffice-xpdfimport" pid=570 comm="apparmor_parser"
Apr 05 15:04:28 gss-i7-mio audit[567]: AVC apparmor="STATUS" operation="profile_load" profile="unconfined" name="libreoffice-oopslash" pid=567 comm="apparmor_parser"
Apr 05 15:04:28 gss-i7-mio audit[566]: AVC apparmor="STATUS" operation="profile_load" profile="unconfined" name="/usr/bin/man" pid=566 comm="apparmor_parser"
Apr 05 15:04:28 gss-i7-mio audit[566]: AVC apparmor="STATUS" operation="profile_load" profile="unconfined" name="man_filter" pid=566 comm="apparmor_parser"
Apr 05 15:04:28 gss-i7-mio audit[566]: AVC apparmor="STATUS" operation="profile_load" profile="unconfined" name="man_groff" pid=566 comm="apparmor_parser"
Apr 05 15:04:28 gss-i7-mio audit[572]: AVC apparmor="STATUS" operation="profile_load" profile="unconfined" name="/usr/sbin/chronyd" pid=572 comm="apparmor_parser"
Apr 05 15:04:28 gss-i7-mio audit[563]: AVC apparmor="STATUS" operation="profile_load" profile="unconfined" name="/sbin/dhclient" pid=563 comm="apparmor_parser"
Apr 05 15:04:28 gss-i7-mio audit[563]: AVC apparmor="STATUS" operation="profile_load" profile="unconfined" name="/usr/lib/NetworkManager/nm-dhcp-client.action" pid=563 comm="apparmor_parser"
Apr 05 15:04:28 gss-i7-mio audit[563]: AVC apparmor="STATUS" operation="profile_load" profile="unconfined" name="/usr/lib/NetworkManager/nm-dhcp-helper" pid=563 comm="apparmor_parser"
Apr 05 15:04:28 gss-i7-mio audit[563]: AVC apparmor="STATUS" operation="profile_load" profile="unconfined" name="/usr/lib/connman/scripts/dhclient-script" pid=563 comm="apparmor_parser"
Apr 05 15:04:28 gss-i7-mio audit[568]: AVC apparmor="STATUS" operation="profile_load" profile="unconfined" name="libreoffice-senddoc" pid=568 comm="apparmor_parser"
Apr 05 15:04:28 gss-i7-mio audit[573]: AVC apparmor="STATUS" operation="profile_load" profile="unconfined" name="/usr/sbin/cups-browsed" pid=573 comm="apparmor_parser"
Apr 05 15:04:28 gss-i7-mio kernel: audit: type=1400 audit(1712343868.940:2): apparmor="STATUS" operation="profile_load" profile="unconfined" name="libreoffice-xpdfimport" pid=570 comm="apparmor_parser"
Apr 05 15:04:28 gss-i7-mio kernel: audit: type=1400 audit(1712343868.940:3): apparmor="STATUS" operation="profile_load" profile="unconfined" name="libreoffice-oopslash" pid=567 comm="apparmor_parser"
Apr 05 15:04:28 gss-i7-mio kernel: audit: type=1400 audit(1712343868.940:4): apparmor="STATUS" operation="profile_load" profile="unconfined" name="/usr/bin/man" pid=566 comm="apparmor_parser"
Apr 05 15:04:28 gss-i7-mio kernel: audit: type=1400 audit(1712343868.940:5): apparmor="STATUS" operation="profile_load" profile="unconfined" name="man_filter" pid=566 comm="apparmor_parser"
Apr 05 15:04:28 gss-i7-mio kernel: audit: type=1400 audit(1712343868.940:6): apparmor="STATUS" operation="profile_load" profile="unconfined" name="man_groff" pid=566 comm="apparmor_parser"
Apr 05 15:04:28 gss-i7-mio kernel: audit: type=1400 audit(1712343868.940:7): apparmor="STATUS" operation="profile_load" profile="unconfined" name="/usr/sbin/chronyd" pid=572 comm="apparmor_parser"
Apr 05 15:04:28 gss-i7-mio kernel: audit: type=1400 audit(1712343868.940:8): apparmor="STATUS" operation="profile_load" profile="unconfined" name="/sbin/dhclient" pid=563 comm="apparmor_parser"
Apr 05 15:04:28 gss-i7-mio kernel: audit: type=1400 audit(1712343868.940:9): apparmor="STATUS" operation="profile_load" profile="unconfined" name="/usr/lib/NetworkManager/nm-dhcp-client.action" pid=563 comm="apparmor_parser"
Apr 05 15:04:28 gss-i7-mio kernel: audit: type=1400 audit(1712343868.940:10): apparmor="STATUS" operation="profile_load" profile="unconfined" name="/usr/lib/NetworkManager/nm-dhcp-helper" pid=563 comm="apparmor_parser"
Apr 05 15:04:28 gss-i7-mio audit[577]: AVC apparmor="STATUS" operation="profile_load" profile="unconfined" name="/usr/sbin/tcpdump" pid=577 comm="apparmor_parser"
Apr 05 15:04:28 gss-i7-mio audit[569]: AVC apparmor="STATUS" operation="profile_load" profile="unconfined" name="libreoffice-soffice" pid=569 comm="apparmor_parser"
Apr 05 15:04:28 gss-i7-mio audit[569]: AVC apparmor="STATUS" operation="profile_load" profile="unconfined" name="libreoffice-soffice//gpg" pid=569 comm="apparmor_parser"
Apr 05 15:04:28 gss-i7-mio apparmor[455]: Skipping profile in /etc/apparmor.d/disable: usr.sbin.rsyslogd
Apr 05 15:04:28 gss-i7-mio audit[571]: AVC apparmor="STATUS" operation="profile_load" profile="unconfined" name="/usr/lib/snapd/snap-confine" pid=571 comm="apparmor_parser"
Apr 05 15:04:28 gss-i7-mio audit[571]: AVC apparmor="STATUS" operation="profile_load" profile="unconfined" name="/usr/lib/snapd/snap-confine//mount-namespace-capture-helper" pid=571 comm="apparmor_parser"
Apr 05 15:04:28 gss-i7-mio audit[575]: AVC apparmor="STATUS" operation="profile_load" profile="unconfined" name="/usr/sbin/ippusbxd" pid=575 comm="apparmor_parser"
Apr 05 15:04:28 gss-i7-mio audit[574]: AVC apparmor="STATUS" operation="profile_load" profile="unconfined" name="/usr/lib/cups/backend/cups-pdf" pid=574 comm="apparmor_parser"
Apr 05 15:04:28 gss-i7-mio audit[574]: AVC apparmor="STATUS" operation="profile_load" profile="unconfined" name="/usr/sbin/cupsd" pid=574 comm="apparmor_parser"
Apr 05 15:04:28 gss-i7-mio audit[574]: AVC apparmor="STATUS" operation="profile_load" profile="unconfined" name="/usr/sbin/cupsd//third_party" pid=574 comm="apparmor_parser"
Apr 05 15:04:28 gss-i7-mio audit[564]: AVC apparmor="STATUS" operation="profile_load" profile="unconfined" name="/usr/bin/evince" pid=564 comm="apparmor_parser"
Apr 05 15:04:28 gss-i7-mio audit[564]: AVC apparmor="STATUS" operation="profile_load" profile="unconfined" name="/usr/bin/evince//sanitized_helper" pid=564 comm="apparmor_parser"
Apr 05 15:04:28 gss-i7-mio audit[564]: AVC apparmor="STATUS" operation="profile_load" profile="unconfined" name="/usr/bin/evince-previewer" pid=564 comm="apparmor_parser"
Apr 05 15:04:28 gss-i7-mio audit[564]: AVC apparmor="STATUS" operation="profile_load" profile="unconfined" name="/usr/bin/evince-previewer//sanitized_helper" pid=564 comm="apparmor_parser"
Apr 05 15:04:28 gss-i7-mio audit[564]: AVC apparmor="STATUS" operation="profile_load" profile="unconfined" name="/usr/bin/evince-thumbnailer" pid=564 comm="apparmor_parser"
Apr 05 15:04:28 gss-i7-mio apparmor[455]:    ...done.
Apr 05 15:04:28 gss-i7-mio systemd[1]: Started AppArmor initialization.
Apr 05 15:04:28 gss-i7-mio systemd[1]: Starting Load AppArmor profiles managed internally by snapd...
Apr 05 15:04:28 gss-i7-mio systemd[1]: Starting Raise network interfaces...
Apr 05 15:04:28 gss-i7-mio audit[597]: AVC apparmor="STATUS" operation="profile_load" profile="unconfined" name="/snap/snapd/12883/usr/lib/snapd/snap-confine" pid=597 comm="apparmor_parser"
Apr 05 15:04:28 gss-i7-mio audit[597]: AVC apparmor="STATUS" operation="profile_load" profile="unconfined" name="/snap/snapd/12883/usr/lib/snapd/snap-confine//mount-namespace-capture-helper" pid=597 comm="apparmor_parser"
