-- Logs begin at Tue 2022-09-13 15:31:57 EDT, end at Mon 2023-05-15 15:02:05 EDT. --
May 15 14:51:09 gss-opt-hwil kernel: microcode: microcode updated early to revision 0x26, date = 2019-11-12
May 15 14:51:09 gss-opt-hwil kernel: Linux version 5.4.0-148-generic (buildd@lcy02-amd64-056) (gcc version 7.5.0 (Ubuntu 7.5.0-3ubuntu1~18.04)) #165~18.04.1-Ubuntu SMP Thu Apr 20 01:14:06 UTC 2023 (Ubuntu 5.4.0-148.165~18.04.1-generic 5.4.231)
May 15 14:51:09 gss-opt-hwil kernel: Command line: BOOT_IMAGE=/boot/vmlinuz-5.4.0-148-generic root=UUID=4b3adb0e-00ee-4b07-b8cf-9fac919f0215 ro quiet splash vt.handoff=1
May 15 14:51:09 gss-opt-hwil kernel: KERNEL supported cpus:
May 15 14:51:09 gss-opt-hwil kernel:   Intel GenuineIntel
May 15 14:51:09 gss-opt-hwil kernel:   AMD AuthenticAMD
May 15 14:51:09 gss-opt-hwil kernel:   Hygon HygonGenuine
May 15 14:51:09 gss-opt-hwil kernel:   Centaur CentaurHauls
May 15 14:51:09 gss-opt-hwil kernel:   zhaoxin   Shanghai  
May 15 14:51:09 gss-opt-hwil kernel: x86/fpu: Supporting XSAVE feature 0x001: 'x87 floating point registers'
May 15 14:51:09 gss-opt-hwil kernel: x86/fpu: Supporting XSAVE feature 0x002: 'SSE registers'
May 15 14:51:09 gss-opt-hwil kernel: x86/fpu: Supporting XSAVE feature 0x004: 'AVX registers'
May 15 14:51:09 gss-opt-hwil kernel: x86/fpu: xstate_offset[2]:  576, xstate_sizes[2]:  256
May 15 14:51:09 gss-opt-hwil kernel: x86/fpu: Enabled xstate features 0x7, context size is 832 bytes, using 'standard' format.
May 15 14:51:09 gss-opt-hwil kernel: BIOS-provided physical RAM map:
May 15 14:51:09 gss-opt-hwil kernel: BIOS-e820: [mem 0x0000000000000000-0x000000000009d7ff] usable
May 15 14:51:09 gss-opt-hwil kernel: BIOS-e820: [mem 0x000000000009d800-0x000000000009ffff] reserved
May 15 14:51:09 gss-opt-hwil kernel: BIOS-e820: [mem 0x00000000000e0000-0x00000000000fffff] reserved
May 15 14:51:09 gss-opt-hwil kernel: BIOS-e820: [mem 0x0000000000100000-0x00000000cbe9cfff] usable
May 15 14:51:09 gss-opt-hwil kernel: BIOS-e820: [mem 0x00000000cbe9d000-0x00000000cbea3fff] ACPI NVS
May 15 14:51:09 gss-opt-hwil kernel: BIOS-e820: [mem 0x00000000cbea4000-0x00000000cc53cfff] usable
May 15 14:51:09 gss-opt-hwil kernel: BIOS-e820: [mem 0x00000000cc53d000-0x00000000cc76afff] reserved
May 15 14:51:09 gss-opt-hwil kernel: BIOS-e820: [mem 0x00000000cc76b000-0x00000000db898fff] usable
May 15 14:51:09 gss-opt-hwil kernel: BIOS-e820: [mem 0x00000000db899000-0x00000000db930fff] reserved
May 15 14:51:09 gss-opt-hwil kernel: BIOS-e820: [mem 0x00000000db931000-0x00000000db94bfff] ACPI data
May 15 14:51:09 gss-opt-hwil kernel: BIOS-e820: [mem 0x00000000db94c000-0x00000000dbaa1fff] ACPI NVS
May 15 14:51:09 gss-opt-hwil kernel: BIOS-e820: [mem 0x00000000dbaa2000-0x00000000dbffefff] reserved
May 15 14:51:09 gss-opt-hwil kernel: BIOS-e820: [mem 0x00000000dbfff000-0x00000000dbffffff] usable
May 15 14:51:09 gss-opt-hwil kernel: BIOS-e820: [mem 0x00000000dd000000-0x00000000df1fffff] reserved
May 15 14:51:09 gss-opt-hwil kernel: BIOS-e820: [mem 0x00000000f8000000-0x00000000fbffffff] reserved
May 15 14:51:09 gss-opt-hwil kernel: BIOS-e820: [mem 0x00000000fec00000-0x00000000fec00fff] reserved
May 15 14:51:09 gss-opt-hwil kernel: BIOS-e820: [mem 0x00000000fed00000-0x00000000fed03fff] reserved
May 15 14:51:09 gss-opt-hwil kernel: BIOS-e820: [mem 0x00000000fed1c000-0x00000000fed1ffff] reserved
May 15 14:51:09 gss-opt-hwil kernel: BIOS-e820: [mem 0x00000000fee00000-0x00000000fee00fff] reserved
May 15 14:51:09 gss-opt-hwil kernel: BIOS-e820: [mem 0x00000000ff000000-0x00000000ffffffff] reserved
May 15 14:51:09 gss-opt-hwil kernel: BIOS-e820: [mem 0x0000000100000000-0x000000021edfffff] usable
May 15 14:51:09 gss-opt-hwil kernel: NX (Execute Disable) protection: active
May 15 14:51:09 gss-opt-hwil kernel: SMBIOS 2.8 present.
May 15 14:51:09 gss-opt-hwil kernel: DMI: To be filled by O.E.M. To be filled by O.E.M./SHARKBAY, BIOS 4.6.5 07/25/2017
May 15 14:51:09 gss-opt-hwil kernel: tsc: Fast TSC calibration using PIT
May 15 14:51:09 gss-opt-hwil kernel: tsc: Detected 2494.448 MHz processor
May 15 14:51:09 gss-opt-hwil kernel: e820: update [mem 0x00000000-0x00000fff] usable ==> reserved
May 15 14:51:09 gss-opt-hwil kernel: e820: remove [mem 0x000a0000-0x000fffff] usable
May 15 14:51:09 gss-opt-hwil kernel: last_pfn = 0x21ee00 max_arch_pfn = 0x400000000
May 15 14:51:09 gss-opt-hwil kernel: MTRR default type: uncachable
May 15 14:51:09 gss-opt-hwil kernel: MTRR fixed ranges enabled:
May 15 14:51:09 gss-opt-hwil kernel:   00000-9FFFF write-back
May 15 14:51:09 gss-opt-hwil kernel:   A0000-BFFFF uncachable
May 15 14:51:09 gss-opt-hwil kernel:   C0000-CFFFF write-protect
May 15 14:51:09 gss-opt-hwil kernel:   D0000-E7FFF uncachable
May 15 14:51:09 gss-opt-hwil kernel:   E8000-FFFFF write-protect
May 15 14:51:09 gss-opt-hwil kernel: MTRR variable ranges enabled:
May 15 14:51:09 gss-opt-hwil kernel:   0 base 0000000000 mask 7E00000000 write-back
May 15 14:51:09 gss-opt-hwil kernel:   1 base 0200000000 mask 7FE0000000 write-back
May 15 14:51:09 gss-opt-hwil kernel:   2 base 00E0000000 mask 7FE0000000 uncachable
May 15 14:51:09 gss-opt-hwil kernel:   3 base 00DE000000 mask 7FFE000000 uncachable
May 15 14:51:09 gss-opt-hwil kernel:   4 base 00DD000000 mask 7FFF000000 uncachable
May 15 14:51:09 gss-opt-hwil kernel:   5 base 021F000000 mask 7FFF000000 uncachable
May 15 14:51:09 gss-opt-hwil kernel:   6 base 021EE00000 mask 7FFFE00000 uncachable
May 15 14:51:09 gss-opt-hwil kernel:   7 disabled
May 15 14:51:09 gss-opt-hwil kernel:   8 disabled
May 15 14:51:09 gss-opt-hwil kernel:   9 disabled
May 15 14:51:09 gss-opt-hwil kernel: x86/PAT: Configuration [0-7]: WB  WC  UC- UC  WB  WP  UC- WT  
May 15 14:51:09 gss-opt-hwil kernel: total RAM covered: 8126M
May 15 14:51:09 gss-opt-hwil kernel: Found optimal setting for mtrr clean up
May 15 14:51:09 gss-opt-hwil kernel:  gran_size: 64K         chunk_size: 64M         num_reg: 9          lose cover RAM: 0G
May 15 14:51:09 gss-opt-hwil kernel: e820: update [mem 0xdd000000-0xffffffff] usable ==> reserved
May 15 14:51:09 gss-opt-hwil kernel: last_pfn = 0xdc000 max_arch_pfn = 0x400000000
May 15 14:51:09 gss-opt-hwil kernel: found SMP MP-table at [mem 0x000fd7d0-0x000fd7df]
May 15 14:51:09 gss-opt-hwil kernel: check: Scanning 1 areas for low memory corruption
May 15 14:51:09 gss-opt-hwil kernel: Using GB pages for direct mapping
May 15 14:51:09 gss-opt-hwil kernel: RAMDISK: [mem 0x328dd000-0x35465fff]
May 15 14:51:09 gss-opt-hwil kernel: ACPI: Early table checksum verification disabled
May 15 14:51:09 gss-opt-hwil kernel: ACPI: RSDP 0x00000000000F04A0 000024 (v02 ALASKA)
May 15 14:51:09 gss-opt-hwil kernel: ACPI: XSDT 0x00000000DB936088 000094 (v01 ALASKA A M I    01072009 AMI  00010013)
May 15 14:51:09 gss-opt-hwil kernel: ACPI: FACP 0x00000000DB946700 00010C (v05 ALASKA A M I    01072009 AMI  00010013)
May 15 14:51:09 gss-opt-hwil kernel: ACPI: DSDT 0x00000000DB9361B0 01054F (v02 ALASKA A M I    00000027 INTL 20120711)
May 15 14:51:09 gss-opt-hwil kernel: ACPI: FACS 0x00000000DBAA1F80 000040
May 15 14:51:09 gss-opt-hwil kernel: ACPI: APIC 0x00000000DB946810 000072 (v03 ALASKA A M I    01072009 AMI  00010013)
May 15 14:51:09 gss-opt-hwil kernel: ACPI: FPDT 0x00000000DB946888 000044 (v01 ALASKA A M I    01072009 AMI  00010013)
May 15 14:51:09 gss-opt-hwil kernel: ACPI: LPIT 0x00000000DB9468D0 000094 (v01 ALASKA A M I    00000000 AMI. 00000005)
May 15 14:51:09 gss-opt-hwil kernel: ACPI: SSDT 0x00000000DB946968 000228 (v01 INTEL  sensrhub 00000000 INTL 20120711)
May 15 14:51:09 gss-opt-hwil kernel: ACPI: SSDT 0x00000000DB946B90 000141 (v01 Intel  zpoddult 00001000 INTL 20120711)
May 15 14:51:09 gss-opt-hwil kernel: ACPI: SSDT 0x00000000DB946CD8 000539 (v01 PmRef  Cpu0Ist  00003000 INTL 20120711)
May 15 14:51:09 gss-opt-hwil kernel: ACPI: SSDT 0x00000000DB947218 000AD8 (v01 PmRef  CpuPm    00003000 INTL 20120711)
May 15 14:51:09 gss-opt-hwil kernel: ACPI: MCFG 0x00000000DB947CF0 00003C (v01 ALASKA A M I    01072009 MSFT 00000097)
May 15 14:51:09 gss-opt-hwil kernel: ACPI: HPET 0x00000000DB947D30 000038 (v01 ALASKA A M I    01072009 AMI. 00000005)
May 15 14:51:09 gss-opt-hwil kernel: ACPI: SSDT 0x00000000DB947D68 000315 (v01 SataRe SataTabl 00001000 INTL 20120711)
May 15 14:51:09 gss-opt-hwil kernel: ACPI: SSDT 0x00000000DB948080 0034E1 (v01 SaSsdt SaSsdt   00003000 INTL 20091112)
May 15 14:51:09 gss-opt-hwil kernel: ACPI: ASF! 0x00000000DB94B568 0000A5 (v32 INTEL   HCG     00000001 TFSM 000F4240)
May 15 14:51:09 gss-opt-hwil kernel: ACPI: DMAR 0x00000000DB94B610 0000B0 (v01 INTEL  HSW      00000001 INTL 00000001)
May 15 14:51:09 gss-opt-hwil kernel: ACPI: Reserving FACP table memory at [mem 0xdb946700-0xdb94680b]
May 15 14:51:09 gss-opt-hwil kernel: ACPI: Reserving DSDT table memory at [mem 0xdb9361b0-0xdb9466fe]
May 15 14:51:09 gss-opt-hwil kernel: ACPI: Reserving FACS table memory at [mem 0xdbaa1f80-0xdbaa1fbf]
May 15 14:51:09 gss-opt-hwil kernel: ACPI: Reserving APIC table memory at [mem 0xdb946810-0xdb946881]
May 15 14:51:09 gss-opt-hwil kernel: ACPI: Reserving FPDT table memory at [mem 0xdb946888-0xdb9468cb]
May 15 14:51:09 gss-opt-hwil kernel: ACPI: Reserving LPIT table memory at [mem 0xdb9468d0-0xdb946963]
May 15 14:51:09 gss-opt-hwil kernel: ACPI: Reserving SSDT table memory at [mem 0xdb946968-0xdb946b8f]
May 15 14:51:09 gss-opt-hwil kernel: ACPI: Reserving SSDT table memory at [mem 0xdb946b90-0xdb946cd0]
May 15 14:51:09 gss-opt-hwil kernel: ACPI: Reserving SSDT table memory at [mem 0xdb946cd8-0xdb947210]
May 15 14:51:09 gss-opt-hwil kernel: ACPI: Reserving SSDT table memory at [mem 0xdb947218-0xdb947cef]
May 15 14:51:09 gss-opt-hwil kernel: ACPI: Reserving MCFG table memory at [mem 0xdb947cf0-0xdb947d2b]
May 15 14:51:09 gss-opt-hwil kernel: ACPI: Reserving HPET table memory at [mem 0xdb947d30-0xdb947d67]
May 15 14:51:09 gss-opt-hwil kernel: ACPI: Reserving SSDT table memory at [mem 0xdb947d68-0xdb94807c]
May 15 14:51:09 gss-opt-hwil kernel: ACPI: Reserving SSDT table memory at [mem 0xdb948080-0xdb94b560]
May 15 14:51:09 gss-opt-hwil kernel: ACPI: Reserving ASF! table memory at [mem 0xdb94b568-0xdb94b60c]
May 15 14:51:09 gss-opt-hwil kernel: ACPI: Reserving DMAR table memory at [mem 0xdb94b610-0xdb94b6bf]
May 15 14:51:09 gss-opt-hwil kernel: ACPI: Local APIC address 0xfee00000
May 15 14:51:09 gss-opt-hwil kernel: No NUMA configuration found
May 15 14:51:09 gss-opt-hwil kernel: Faking a node at [mem 0x0000000000000000-0x000000021edfffff]
May 15 14:51:09 gss-opt-hwil kernel: NODE_DATA(0) allocated [mem 0x21edd3000-0x21edfdfff]
May 15 14:51:09 gss-opt-hwil kernel: Zone ranges:
May 15 14:51:09 gss-opt-hwil kernel:   DMA      [mem 0x0000000000001000-0x0000000000ffffff]
May 15 14:51:09 gss-opt-hwil kernel:   DMA32    [mem 0x0000000001000000-0x00000000ffffffff]
May 15 14:51:09 gss-opt-hwil kernel:   Normal   [mem 0x0000000100000000-0x000000021edfffff]
May 15 14:51:09 gss-opt-hwil kernel:   Device   empty
May 15 14:51:09 gss-opt-hwil kernel: Movable zone start for each node
May 15 14:51:09 gss-opt-hwil kernel: Early memory node ranges
May 15 14:51:09 gss-opt-hwil kernel:   node   0: [mem 0x0000000000001000-0x000000000009cfff]
May 15 14:51:09 gss-opt-hwil kernel:   node   0: [mem 0x0000000000100000-0x00000000cbe9cfff]
May 15 14:51:09 gss-opt-hwil kernel:   node   0: [mem 0x00000000cbea4000-0x00000000cc53cfff]
May 15 14:51:09 gss-opt-hwil kernel:   node   0: [mem 0x00000000cc76b000-0x00000000db898fff]
May 15 14:51:09 gss-opt-hwil kernel:   node   0: [mem 0x00000000dbfff000-0x00000000dbffffff]
May 15 14:51:09 gss-opt-hwil kernel:   node   0: [mem 0x0000000100000000-0x000000021edfffff]
May 15 14:51:09 gss-opt-hwil kernel: Zeroed struct page in unavailable ranges: 23551 pages
May 15 14:51:09 gss-opt-hwil kernel: Initmem setup node 0 [mem 0x0000000000001000-0x000000021edfffff]
May 15 14:51:09 gss-opt-hwil kernel: On node 0 totalpages: 2073601
May 15 14:51:09 gss-opt-hwil kernel:   DMA zone: 64 pages used for memmap
May 15 14:51:09 gss-opt-hwil kernel:   DMA zone: 21 pages reserved
May 15 14:51:09 gss-opt-hwil kernel:   DMA zone: 3996 pages, LIFO batch:0
May 15 14:51:09 gss-opt-hwil kernel:   DMA32 zone: 13978 pages used for memmap
May 15 14:51:09 gss-opt-hwil kernel:   DMA32 zone: 894565 pages, LIFO batch:63
May 15 14:51:09 gss-opt-hwil kernel:   Normal zone: 18360 pages used for memmap
May 15 14:51:09 gss-opt-hwil kernel:   Normal zone: 1175040 pages, LIFO batch:63
May 15 14:51:09 gss-opt-hwil kernel: Reserving Intel graphics memory at [mem 0xdd200000-0xdf1fffff]
May 15 14:51:09 gss-opt-hwil kernel: ACPI: PM-Timer IO Port: 0x1808
May 15 14:51:09 gss-opt-hwil kernel: ACPI: Local APIC address 0xfee00000
May 15 14:51:09 gss-opt-hwil kernel: ACPI: LAPIC_NMI (acpi_id[0xff] high edge lint[0x1])
May 15 14:51:09 gss-opt-hwil kernel: IOAPIC[0]: apic_id 2, version 32, address 0xfec00000, GSI 0-39
May 15 14:51:09 gss-opt-hwil kernel: ACPI: INT_SRC_OVR (bus 0 bus_irq 0 global_irq 2 dfl dfl)
May 15 14:51:09 gss-opt-hwil kernel: ACPI: INT_SRC_OVR (bus 0 bus_irq 9 global_irq 9 high level)
May 15 14:51:09 gss-opt-hwil kernel: ACPI: IRQ0 used by override.
May 15 14:51:09 gss-opt-hwil kernel: ACPI: IRQ9 used by override.
May 15 14:51:09 gss-opt-hwil kernel: Using ACPI (MADT) for SMP configuration information
May 15 14:51:09 gss-opt-hwil kernel: ACPI: HPET id: 0x8086a701 base: 0xfed00000
May 15 14:51:09 gss-opt-hwil kernel: TSC deadline timer available
May 15 14:51:09 gss-opt-hwil kernel: smpboot: Allowing 4 CPUs, 0 hotplug CPUs
May 15 14:51:09 gss-opt-hwil kernel: PM: Registered nosave memory: [mem 0x00000000-0x00000fff]
May 15 14:51:09 gss-opt-hwil kernel: PM: Registered nosave memory: [mem 0x0009d000-0x0009dfff]
May 15 14:51:09 gss-opt-hwil kernel: PM: Registered nosave memory: [mem 0x0009e000-0x0009ffff]
May 15 14:51:09 gss-opt-hwil kernel: PM: Registered nosave memory: [mem 0x000a0000-0x000dffff]
May 15 14:51:09 gss-opt-hwil kernel: PM: Registered nosave memory: [mem 0x000e0000-0x000fffff]
May 15 14:51:09 gss-opt-hwil kernel: PM: Registered nosave memory: [mem 0xcbe9d000-0xcbea3fff]
May 15 14:51:09 gss-opt-hwil kernel: PM: Registered nosave memory: [mem 0xcc53d000-0xcc76afff]
May 15 14:51:09 gss-opt-hwil kernel: PM: Registered nosave memory: [mem 0xdb899000-0xdb930fff]
May 15 14:51:09 gss-opt-hwil kernel: PM: Registered nosave memory: [mem 0xdb931000-0xdb94bfff]
May 15 14:51:09 gss-opt-hwil kernel: PM: Registered nosave memory: [mem 0xdb94c000-0xdbaa1fff]
May 15 14:51:09 gss-opt-hwil kernel: PM: Registered nosave memory: [mem 0xdbaa2000-0xdbffefff]
May 15 14:51:09 gss-opt-hwil kernel: PM: Registered nosave memory: [mem 0xdc000000-0xdcffffff]
May 15 14:51:09 gss-opt-hwil kernel: PM: Registered nosave memory: [mem 0xdd000000-0xdf1fffff]
May 15 14:51:09 gss-opt-hwil kernel: PM: Registered nosave memory: [mem 0xdf200000-0xf7ffffff]
May 15 14:51:09 gss-opt-hwil kernel: PM: Registered nosave memory: [mem 0xf8000000-0xfbffffff]
May 15 14:51:09 gss-opt-hwil kernel: PM: Registered nosave memory: [mem 0xfc000000-0xfebfffff]
May 15 14:51:09 gss-opt-hwil kernel: PM: Registered nosave memory: [mem 0xfec00000-0xfec00fff]
May 15 14:51:09 gss-opt-hwil kernel: PM: Registered nosave memory: [mem 0xfec01000-0xfecfffff]
May 15 14:51:09 gss-opt-hwil kernel: PM: Registered nosave memory: [mem 0xfed00000-0xfed03fff]
May 15 14:51:09 gss-opt-hwil kernel: PM: Registered nosave memory: [mem 0xfed04000-0xfed1bfff]
May 15 14:51:09 gss-opt-hwil kernel: PM: Registered nosave memory: [mem 0xfed1c000-0xfed1ffff]
May 15 14:51:09 gss-opt-hwil kernel: PM: Registered nosave memory: [mem 0xfed20000-0xfedfffff]
May 15 14:51:09 gss-opt-hwil kernel: PM: Registered nosave memory: [mem 0xfee00000-0xfee00fff]
May 15 14:51:09 gss-opt-hwil kernel: PM: Registered nosave memory: [mem 0xfee01000-0xfeffffff]
May 15 14:51:09 gss-opt-hwil kernel: PM: Registered nosave memory: [mem 0xff000000-0xffffffff]
May 15 14:51:09 gss-opt-hwil kernel: [mem 0xdf200000-0xf7ffffff] available for PCI devices
May 15 14:51:09 gss-opt-hwil kernel: Booting paravirtualized kernel on bare hardware
May 15 14:51:09 gss-opt-hwil kernel: clocksource: refined-jiffies: mask: 0xffffffff max_cycles: 0xffffffff, max_idle_ns: 7645519600211568 ns
May 15 14:51:09 gss-opt-hwil kernel: setup_percpu: NR_CPUS:8192 nr_cpumask_bits:4 nr_cpu_ids:4 nr_node_ids:1
May 15 14:51:09 gss-opt-hwil kernel: percpu: Embedded 60 pages/cpu s208896 r8192 d28672 u524288
May 15 14:51:09 gss-opt-hwil kernel: pcpu-alloc: s208896 r8192 d28672 u524288 alloc=1*2097152
May 15 14:51:09 gss-opt-hwil kernel: pcpu-alloc: [0] 0 1 2 3 
May 15 14:51:09 gss-opt-hwil kernel: Built 1 zonelists, mobility grouping on.  Total pages: 2041178
May 15 14:51:09 gss-opt-hwil kernel: Policy zone: Normal
May 15 14:51:09 gss-opt-hwil kernel: Kernel command line: BOOT_IMAGE=/boot/vmlinuz-5.4.0-148-generic root=UUID=4b3adb0e-00ee-4b07-b8cf-9fac919f0215 ro quiet splash vt.handoff=1
May 15 14:51:09 gss-opt-hwil kernel: Dentry cache hash table entries: 1048576 (order: 11, 8388608 bytes, linear)
May 15 14:51:09 gss-opt-hwil kernel: Inode-cache hash table entries: 524288 (order: 10, 4194304 bytes, linear)
May 15 14:51:09 gss-opt-hwil kernel: mem auto-init: stack:off, heap alloc:on, heap free:off
May 15 14:51:09 gss-opt-hwil kernel: Calgary: detecting Calgary via BIOS EBDA area
May 15 14:51:09 gss-opt-hwil kernel: Calgary: Unable to locate Rio Grande table in EBDA - bailing!
May 15 14:51:09 gss-opt-hwil kernel: Memory: 8002348K/8294404K available (14339K kernel code, 2375K rwdata, 9468K rodata, 2748K init, 4980K bss, 292056K reserved, 0K cma-reserved)
May 15 14:51:09 gss-opt-hwil kernel: SLUB: HWalign=64, Order=0-3, MinObjects=0, CPUs=4, Nodes=1
May 15 14:51:09 gss-opt-hwil kernel: Kernel/User page tables isolation: enabled
May 15 14:51:09 gss-opt-hwil kernel: ftrace: allocating 44380 entries in 174 pages
May 15 14:51:09 gss-opt-hwil kernel: rcu: Hierarchical RCU implementation.
May 15 14:51:09 gss-opt-hwil kernel: rcu:         RCU restricting CPUs from NR_CPUS=8192 to nr_cpu_ids=4.
May 15 14:51:09 gss-opt-hwil kernel:         Tasks RCU enabled.
May 15 14:51:09 gss-opt-hwil kernel: rcu: RCU calculated value of scheduler-enlistment delay is 25 jiffies.
May 15 14:51:09 gss-opt-hwil kernel: rcu: Adjusting geometry for rcu_fanout_leaf=16, nr_cpu_ids=4
May 15 14:51:09 gss-opt-hwil kernel: NR_IRQS: 524544, nr_irqs: 728, preallocated irqs: 16
May 15 14:51:09 gss-opt-hwil kernel: random: crng init done
May 15 14:51:09 gss-opt-hwil kernel: vt handoff: transparent VT on vt#1
May 15 14:51:09 gss-opt-hwil kernel: Console: colour dummy device 80x25
May 15 14:51:09 gss-opt-hwil kernel: printk: console [tty0] enabled
May 15 14:51:09 gss-opt-hwil kernel: ACPI: Core revision 20190816
May 15 14:51:09 gss-opt-hwil kernel: hpet: HPET dysfunctional in PC10. Force disabled.
May 15 14:51:09 gss-opt-hwil kernel: APIC: Switch to symmetric I/O mode setup
May 15 14:51:09 gss-opt-hwil kernel: DMAR: Host address width 39
May 15 14:51:09 gss-opt-hwil kernel: DMAR: DRHD base: 0x000000fed90000 flags: 0x0
May 15 14:51:09 gss-opt-hwil kernel: DMAR: dmar0: reg_base_addr fed90000 ver 1:0 cap c0000020660462 ecap f0101a
May 15 14:51:09 gss-opt-hwil kernel: DMAR: DRHD base: 0x000000fed91000 flags: 0x1
May 15 14:51:09 gss-opt-hwil kernel: DMAR: dmar1: reg_base_addr fed91000 ver 1:0 cap d2008020660462 ecap f010da
May 15 14:51:09 gss-opt-hwil kernel: DMAR: RMRR base: 0x000000dbef5000 end: 0x000000dbf03fff
May 15 14:51:09 gss-opt-hwil kernel: DMAR: RMRR base: 0x000000dd000000 end: 0x000000df1fffff
May 15 14:51:09 gss-opt-hwil kernel: DMAR-IR: IOAPIC id 2 under DRHD base  0xfed91000 IOMMU 1
May 15 14:51:09 gss-opt-hwil kernel: DMAR-IR: HPET id 0 under DRHD base 0xfed91000
May 15 14:51:09 gss-opt-hwil kernel: DMAR-IR: Queued invalidation will be enabled to support x2apic and Intr-remapping.
May 15 14:51:09 gss-opt-hwil kernel: DMAR-IR: Enabled IRQ remapping in x2apic mode
May 15 14:51:09 gss-opt-hwil kernel: x2apic enabled
May 15 14:51:09 gss-opt-hwil kernel: Switched APIC routing to cluster x2apic.
May 15 14:51:09 gss-opt-hwil kernel: clocksource: tsc-early: mask: 0xffffffffffffffff max_cycles: 0x23f4bd17ebb, max_idle_ns: 440795272447 ns
May 15 14:51:09 gss-opt-hwil kernel: Calibrating delay loop (skipped), value calculated using timer frequency.. 4988.89 BogoMIPS (lpj=9977792)
May 15 14:51:09 gss-opt-hwil kernel: pid_max: default: 32768 minimum: 301
May 15 14:51:09 gss-opt-hwil kernel: LSM: Security Framework initializing
May 15 14:51:09 gss-opt-hwil kernel: Yama: becoming mindful.
May 15 14:51:09 gss-opt-hwil kernel: AppArmor: AppArmor initialized
May 15 14:51:09 gss-opt-hwil kernel: Mount-cache hash table entries: 16384 (order: 5, 131072 bytes, linear)
May 15 14:51:09 gss-opt-hwil kernel: Mountpoint-cache hash table entries: 16384 (order: 5, 131072 bytes, linear)
May 15 14:51:09 gss-opt-hwil kernel: *** VALIDATE tmpfs ***
May 15 14:51:09 gss-opt-hwil kernel: *** VALIDATE proc ***
May 15 14:51:09 gss-opt-hwil kernel: *** VALIDATE cgroup1 ***
May 15 14:51:09 gss-opt-hwil kernel: *** VALIDATE cgroup2 ***
May 15 14:51:09 gss-opt-hwil kernel: mce: CPU0: Thermal monitoring enabled (TM1)
May 15 14:51:09 gss-opt-hwil kernel: process: using mwait in idle threads
May 15 14:51:09 gss-opt-hwil kernel: Last level iTLB entries: 4KB 1024, 2MB 1024, 4MB 1024
May 15 14:51:09 gss-opt-hwil kernel: Last level dTLB entries: 4KB 1024, 2MB 1024, 4MB 1024, 1GB 4
May 15 14:51:09 gss-opt-hwil kernel: Spectre V1 : Mitigation: usercopy/swapgs barriers and __user pointer sanitization
May 15 14:51:09 gss-opt-hwil kernel: Spectre V2 : Mitigation: Retpolines
May 15 14:51:09 gss-opt-hwil kernel: Spectre V2 : Spectre v2 / SpectreRSB mitigation: Filling RSB on context switch
May 15 14:51:09 gss-opt-hwil kernel: Spectre V2 : Spectre v2 / SpectreRSB : Filling RSB on VMEXIT
May 15 14:51:09 gss-opt-hwil kernel: Spectre V2 : Enabling Restricted Speculation for firmware calls
May 15 14:51:09 gss-opt-hwil kernel: Spectre V2 : mitigation: Enabling conditional Indirect Branch Prediction Barrier
May 15 14:51:09 gss-opt-hwil kernel: Spectre V2 : User space: Mitigation: STIBP via seccomp and prctl
May 15 14:51:09 gss-opt-hwil kernel: Speculative Store Bypass: Mitigation: Speculative Store Bypass disabled via prctl and seccomp
May 15 14:51:09 gss-opt-hwil kernel: MDS: Mitigation: Clear CPU buffers
May 15 14:51:09 gss-opt-hwil kernel: MMIO Stale Data: Unknown: No mitigations
May 15 14:51:09 gss-opt-hwil kernel: SRBDS: Mitigation: Microcode
May 15 14:51:09 gss-opt-hwil kernel: Freeing SMP alternatives memory: 40K
May 15 14:51:09 gss-opt-hwil kernel: smpboot: CPU0: Intel(R) Core(TM) i5-4300U CPU @ 1.90GHz (family: 0x6, model: 0x45, stepping: 0x1)
May 15 14:51:09 gss-opt-hwil kernel: Performance Events: PEBS fmt2+, Haswell events, 16-deep LBR, full-width counters, Intel PMU driver.
May 15 14:51:09 gss-opt-hwil kernel: ... version:                3
May 15 14:51:09 gss-opt-hwil kernel: ... bit width:              48
May 15 14:51:09 gss-opt-hwil kernel: ... generic registers:      4
May 15 14:51:09 gss-opt-hwil kernel: ... value mask:             0000ffffffffffff
May 15 14:51:09 gss-opt-hwil kernel: ... max period:             00007fffffffffff
May 15 14:51:09 gss-opt-hwil kernel: ... fixed-purpose events:   3
May 15 14:51:09 gss-opt-hwil kernel: ... event mask:             000000070000000f
May 15 14:51:09 gss-opt-hwil kernel: rcu: Hierarchical SRCU implementation.
May 15 14:51:09 gss-opt-hwil kernel: NMI watchdog: Enabled. Permanently consumes one hw-PMU counter.
May 15 14:51:09 gss-opt-hwil kernel: smp: Bringing up secondary CPUs ...
May 15 14:51:09 gss-opt-hwil kernel: x86: Booting SMP configuration:
May 15 14:51:09 gss-opt-hwil kernel: .... node  #0, CPUs:      #1 #2
May 15 14:51:09 gss-opt-hwil kernel: MDS CPU bug present and SMT on, data leak possible. See https://www.kernel.org/doc/html/latest/admin-guide/hw-vuln/mds.html for more details.
May 15 14:51:09 gss-opt-hwil kernel:  #3
May 15 14:51:09 gss-opt-hwil kernel: smp: Brought up 1 node, 4 CPUs
May 15 14:51:09 gss-opt-hwil kernel: smpboot: Max logical packages: 1
May 15 14:51:09 gss-opt-hwil kernel: smpboot: Total of 4 processors activated (19955.58 BogoMIPS)
May 15 14:51:09 gss-opt-hwil kernel: devtmpfs: initialized
May 15 14:51:09 gss-opt-hwil kernel: x86/mm: Memory block size: 128MB
May 15 14:51:09 gss-opt-hwil kernel: PM: Registering ACPI NVS region [mem 0xcbe9d000-0xcbea3fff] (28672 bytes)
May 15 14:51:09 gss-opt-hwil kernel: PM: Registering ACPI NVS region [mem 0xdb94c000-0xdbaa1fff] (1400832 bytes)
May 15 14:51:09 gss-opt-hwil kernel: clocksource: jiffies: mask: 0xffffffff max_cycles: 0xffffffff, max_idle_ns: 7645041785100000 ns
May 15 14:51:09 gss-opt-hwil kernel: futex hash table entries: 1024 (order: 4, 65536 bytes, linear)
May 15 14:51:09 gss-opt-hwil kernel: pinctrl core: initialized pinctrl subsystem
May 15 14:51:09 gss-opt-hwil kernel: PM: RTC time: 18:51:05, date: 2023-05-15
May 15 14:51:09 gss-opt-hwil kernel: NET: Registered protocol family 16
May 15 14:51:09 gss-opt-hwil kernel: audit: initializing netlink subsys (disabled)
May 15 14:51:09 gss-opt-hwil kernel: audit: type=2000 audit(1684176665.004:1): state=initialized audit_enabled=0 res=1
May 15 14:51:09 gss-opt-hwil kernel: EISA bus registered
May 15 14:51:09 gss-opt-hwil kernel: cpuidle: using governor ladder
May 15 14:51:09 gss-opt-hwil kernel: cpuidle: using governor menu
May 15 14:51:09 gss-opt-hwil kernel: ACPI: bus type PCI registered
May 15 14:51:09 gss-opt-hwil kernel: acpiphp: ACPI Hot Plug PCI Controller Driver version: 0.5
May 15 14:51:09 gss-opt-hwil kernel: PCI: MMCONFIG for domain 0000 [bus 00-3f] at [mem 0xf8000000-0xfbffffff] (base 0xf8000000)
May 15 14:51:09 gss-opt-hwil kernel: PCI: MMCONFIG at [mem 0xf8000000-0xfbffffff] reserved in E820
May 15 14:51:09 gss-opt-hwil kernel: PCI: Using configuration type 1 for base access
May 15 14:51:09 gss-opt-hwil kernel: core: PMU erratum BJ122, BV98, HSD29 worked around, HT is on
May 15 14:51:09 gss-opt-hwil kernel: ENERGY_PERF_BIAS: Set to 'normal', was 'performance'
May 15 14:51:09 gss-opt-hwil kernel: HugeTLB registered 1.00 GiB page size, pre-allocated 0 pages
May 15 14:51:09 gss-opt-hwil kernel: HugeTLB registered 2.00 MiB page size, pre-allocated 0 pages
May 15 14:51:09 gss-opt-hwil kernel: ACPI: Added _OSI(Module Device)
May 15 14:51:09 gss-opt-hwil kernel: ACPI: Added _OSI(Processor Device)
May 15 14:51:09 gss-opt-hwil kernel: ACPI: Added _OSI(3.0 _SCP Extensions)
May 15 14:51:09 gss-opt-hwil kernel: ACPI: Added _OSI(Processor Aggregator Device)
May 15 14:51:09 gss-opt-hwil kernel: ACPI: Added _OSI(Linux-Dell-Video)
May 15 14:51:09 gss-opt-hwil kernel: ACPI: Added _OSI(Linux-Lenovo-NV-HDMI-Audio)
May 15 14:51:09 gss-opt-hwil kernel: ACPI: Added _OSI(Linux-HPI-Hybrid-Graphics)
May 15 14:51:09 gss-opt-hwil kernel: ACPI: 7 ACPI AML tables successfully acquired and loaded
May 15 14:51:09 gss-opt-hwil kernel: ACPI: [Firmware Bug]: BIOS _OSI(Linux) query ignored
May 15 14:51:09 gss-opt-hwil kernel: ACPI: Dynamic OEM Table Load:
May 15 14:51:09 gss-opt-hwil kernel: ACPI: SSDT 0xFFFF983595319400 0003D3 (v01 PmRef  Cpu0Cst  00003001 INTL 20120711)
May 15 14:51:09 gss-opt-hwil kernel: ACPI: Dynamic OEM Table Load:
May 15 14:51:09 gss-opt-hwil kernel: ACPI: SSDT 0xFFFF9835952CF800 0005AA (v01 PmRef  ApIst    00003000 INTL 20120711)
May 15 14:51:09 gss-opt-hwil kernel: ACPI: Dynamic OEM Table Load:
May 15 14:51:09 gss-opt-hwil kernel: ACPI: SSDT 0xFFFF983594E2C600 000119 (v01 PmRef  ApCst    00003000 INTL 20120711)
May 15 14:51:09 gss-opt-hwil kernel: ACPI: EC: EC started
May 15 14:51:09 gss-opt-hwil kernel: ACPI: EC: interrupt blocked
May 15 14:51:09 gss-opt-hwil kernel: ACPI: \_SB_.PCI0.LPCB.EC0_: Used as first EC
May 15 14:51:09 gss-opt-hwil kernel: ACPI: \_SB_.PCI0.LPCB.EC0_: GPE=0x32, IRQ=-1, EC_CMD/EC_SC=0x66, EC_DATA=0x62
May 15 14:51:09 gss-opt-hwil kernel: ACPI: \_SB_.PCI0.LPCB.EC0_: Boot DSDT EC used to handle transactions
May 15 14:51:09 gss-opt-hwil kernel: ACPI: Interpreter enabled
May 15 14:51:09 gss-opt-hwil kernel: ACPI: (supports S0 S3 S4 S5)
May 15 14:51:09 gss-opt-hwil kernel: ACPI: Using IOAPIC for interrupt routing
May 15 14:51:09 gss-opt-hwil kernel: PCI: Using host bridge windows from ACPI; if necessary, use "pci=nocrs" and report a bug
May 15 14:51:09 gss-opt-hwil kernel: ACPI: Enabled 9 GPEs in block 00 to 7F
May 15 14:51:09 gss-opt-hwil kernel: ACPI: Power Resource [FN00] (off)
May 15 14:51:09 gss-opt-hwil kernel: ACPI: Power Resource [FN01] (off)
May 15 14:51:09 gss-opt-hwil kernel: ACPI: Power Resource [FN02] (off)
May 15 14:51:09 gss-opt-hwil kernel: ACPI: Power Resource [FN03] (off)
May 15 14:51:09 gss-opt-hwil kernel: ACPI: Power Resource [FN04] (off)
May 15 14:51:09 gss-opt-hwil kernel: ACPI: PCI Root Bridge [PCI0] (domain 0000 [bus 00-3e])
May 15 14:51:09 gss-opt-hwil kernel: acpi PNP0A08:00: _OSC: OS supports [ExtendedConfig ASPM ClockPM Segments MSI HPX-Type3]
May 15 14:51:09 gss-opt-hwil kernel: acpi PNP0A08:00: _OSC: OS now controls [PCIeHotplug SHPCHotplug PME AER PCIeCapability LTR]
May 15 14:51:09 gss-opt-hwil kernel: PCI host bridge to bus 0000:00
May 15 14:51:09 gss-opt-hwil kernel: pci_bus 0000:00: root bus resource [io  0x0000-0x0cf7 window]
May 15 14:51:09 gss-opt-hwil kernel: pci_bus 0000:00: root bus resource [io  0x0d00-0xffff window]
May 15 14:51:09 gss-opt-hwil kernel: pci_bus 0000:00: root bus resource [mem 0x000a0000-0x000bffff window]
May 15 14:51:09 gss-opt-hwil kernel: pci_bus 0000:00: root bus resource [mem 0x000d0000-0x000d3fff window]
May 15 14:51:09 gss-opt-hwil kernel: pci_bus 0000:00: root bus resource [mem 0x000d4000-0x000d7fff window]
May 15 14:51:09 gss-opt-hwil kernel: pci_bus 0000:00: root bus resource [mem 0x000d8000-0x000dbfff window]
May 15 14:51:09 gss-opt-hwil kernel: pci_bus 0000:00: root bus resource [mem 0x000dc000-0x000dffff window]
May 15 14:51:09 gss-opt-hwil kernel: pci_bus 0000:00: root bus resource [mem 0x000e0000-0x000e3fff window]
May 15 14:51:09 gss-opt-hwil kernel: pci_bus 0000:00: root bus resource [mem 0x000e4000-0x000e7fff window]
May 15 14:51:09 gss-opt-hwil kernel: pci_bus 0000:00: root bus resource [mem 0xdf200000-0xfeafffff window]
May 15 14:51:09 gss-opt-hwil kernel: pci_bus 0000:00: root bus resource [bus 00-3e]
May 15 14:51:09 gss-opt-hwil kernel: pci 0000:00:00.0: [8086:0a04] type 00 class 0x060000
May 15 14:51:09 gss-opt-hwil kernel: pci 0000:00:02.0: [8086:0a16] type 00 class 0x030000
May 15 14:51:09 gss-opt-hwil kernel: pci 0000:00:02.0: reg 0x10: [mem 0xf6c00000-0xf6ffffff 64bit]
May 15 14:51:09 gss-opt-hwil kernel: pci 0000:00:02.0: reg 0x18: [mem 0xe0000000-0xefffffff 64bit pref]
May 15 14:51:09 gss-opt-hwil kernel: pci 0000:00:02.0: reg 0x20: [io  0xf000-0xf03f]
May 15 14:51:09 gss-opt-hwil kernel: pci 0000:00:03.0: [8086:0a0c] type 00 class 0x040300
May 15 14:51:09 gss-opt-hwil kernel: pci 0000:00:03.0: reg 0x10: [mem 0xf7d34000-0xf7d37fff 64bit]
May 15 14:51:09 gss-opt-hwil kernel: pci 0000:00:14.0: [8086:9c31] type 00 class 0x0c0330
May 15 14:51:09 gss-opt-hwil kernel: pci 0000:00:14.0: reg 0x10: [mem 0xf7d20000-0xf7d2ffff 64bit]
May 15 14:51:09 gss-opt-hwil kernel: pci 0000:00:14.0: PME# supported from D3hot D3cold
May 15 14:51:09 gss-opt-hwil kernel: pci 0000:00:16.0: [8086:9c3a] type 00 class 0x078000
May 15 14:51:09 gss-opt-hwil kernel: pci 0000:00:16.0: reg 0x10: [mem 0xf7d3f000-0xf7d3f01f 64bit]
May 15 14:51:09 gss-opt-hwil kernel: pci 0000:00:16.0: PME# supported from D0 D3hot D3cold
May 15 14:51:09 gss-opt-hwil kernel: pci 0000:00:16.3: [8086:9c3d] type 00 class 0x070002
May 15 14:51:09 gss-opt-hwil kernel: pci 0000:00:16.3: reg 0x10: [io  0xf0e0-0xf0e7]
May 15 14:51:09 gss-opt-hwil kernel: pci 0000:00:16.3: reg 0x14: [mem 0xf7d3d000-0xf7d3dfff]
May 15 14:51:09 gss-opt-hwil kernel: pci 0000:00:19.0: [8086:155a] type 00 class 0x020000
May 15 14:51:09 gss-opt-hwil kernel: pci 0000:00:19.0: reg 0x10: [mem 0xf7d00000-0xf7d1ffff]
May 15 14:51:09 gss-opt-hwil kernel: pci 0000:00:19.0: reg 0x14: [mem 0xf7d3c000-0xf7d3cfff]
May 15 14:51:09 gss-opt-hwil kernel: pci 0000:00:19.0: reg 0x18: [io  0xf080-0xf09f]
May 15 14:51:09 gss-opt-hwil kernel: pci 0000:00:19.0: PME# supported from D0 D3hot D3cold
May 15 14:51:09 gss-opt-hwil kernel: pci 0000:00:1b.0: [8086:9c20] type 00 class 0x040300
May 15 14:51:09 gss-opt-hwil kernel: pci 0000:00:1b.0: reg 0x10: [mem 0xf7d30000-0xf7d33fff 64bit]
May 15 14:51:09 gss-opt-hwil kernel: pci 0000:00:1b.0: PME# supported from D0 D3hot D3cold
May 15 14:51:09 gss-opt-hwil kernel: pci 0000:00:1c.0: [8086:9c10] type 01 class 0x060400
May 15 14:51:09 gss-opt-hwil kernel: pci 0000:00:1c.0: PME# supported from D0 D3hot D3cold
May 15 14:51:09 gss-opt-hwil kernel: pci 0000:00:1c.3: [8086:9c16] type 01 class 0x060400
May 15 14:51:09 gss-opt-hwil kernel: pci 0000:00:1c.3: PME# supported from D0 D3hot D3cold
May 15 14:51:09 gss-opt-hwil kernel: pci 0000:00:1d.0: [8086:9c26] type 00 class 0x0c0320
May 15 14:51:09 gss-opt-hwil kernel: pci 0000:00:1d.0: reg 0x10: [mem 0xf7d3b000-0xf7d3b3ff]
May 15 14:51:09 gss-opt-hwil kernel: pci 0000:00:1d.0: PME# supported from D0 D3hot D3cold
May 15 14:51:09 gss-opt-hwil kernel: pci 0000:00:1f.0: [8086:9c43] type 00 class 0x060100
May 15 14:51:09 gss-opt-hwil kernel: pci 0000:00:1f.2: [8086:9c03] type 00 class 0x010601
May 15 14:51:09 gss-opt-hwil kernel: pci 0000:00:1f.2: reg 0x10: [io  0xf0d0-0xf0d7]
May 15 14:51:09 gss-opt-hwil kernel: pci 0000:00:1f.2: reg 0x14: [io  0xf0c0-0xf0c3]
May 15 14:51:09 gss-opt-hwil kernel: pci 0000:00:1f.2: reg 0x18: [io  0xf0b0-0xf0b7]
May 15 14:51:09 gss-opt-hwil kernel: pci 0000:00:1f.2: reg 0x1c: [io  0xf0a0-0xf0a3]
May 15 14:51:09 gss-opt-hwil kernel: pci 0000:00:1f.2: reg 0x20: [io  0xf060-0xf07f]
May 15 14:51:09 gss-opt-hwil kernel: pci 0000:00:1f.2: reg 0x24: [mem 0xf7d3a000-0xf7d3a7ff]
May 15 14:51:09 gss-opt-hwil kernel: pci 0000:00:1f.2: PME# supported from D3hot
May 15 14:51:09 gss-opt-hwil kernel: pci 0000:00:1f.3: [8086:9c22] type 00 class 0x0c0500
May 15 14:51:09 gss-opt-hwil kernel: pci 0000:00:1f.3: reg 0x10: [mem 0xf7d39000-0xf7d390ff 64bit]
May 15 14:51:09 gss-opt-hwil kernel: pci 0000:00:1f.3: reg 0x20: [io  0xf040-0xf05f]
May 15 14:51:09 gss-opt-hwil kernel: pci 0000:00:1c.0: PCI bridge to [bus 01]
May 15 14:51:09 gss-opt-hwil kernel: pci 0000:00:1c.0:   bridge window [io  0xe000-0xefff]
May 15 14:51:09 gss-opt-hwil kernel: pci 0000:00:1c.0:   bridge window [mem 0xf7000000-0xf79fffff]
May 15 14:51:09 gss-opt-hwil kernel: pci 0000:00:1c.0:   bridge window [mem 0xf0000000-0xf09fffff 64bit pref]
May 15 14:51:09 gss-opt-hwil kernel: pci 0000:02:00.0: [8086:1533] type 00 class 0x020000
May 15 14:51:09 gss-opt-hwil kernel: pci 0000:02:00.0: reg 0x10: [mem 0xf7b00000-0xf7bfffff]
May 15 14:51:09 gss-opt-hwil kernel: pci 0000:02:00.0: reg 0x18: [io  0xd000-0xd01f]
May 15 14:51:09 gss-opt-hwil kernel: pci 0000:02:00.0: reg 0x1c: [mem 0xf7c00000-0xf7c03fff]
May 15 14:51:09 gss-opt-hwil kernel: pci 0000:02:00.0: reg 0x30: [mem 0xf7a00000-0xf7afffff pref]
May 15 14:51:09 gss-opt-hwil kernel: pci 0000:02:00.0: PME# supported from D0 D3hot D3cold
May 15 14:51:09 gss-opt-hwil kernel: pci 0000:00:1c.3: PCI bridge to [bus 02]
May 15 14:51:09 gss-opt-hwil kernel: pci 0000:00:1c.3:   bridge window [io  0xd000-0xdfff]
May 15 14:51:09 gss-opt-hwil kernel: pci 0000:00:1c.3:   bridge window [mem 0xf7a00000-0xf7cfffff]
May 15 14:51:09 gss-opt-hwil kernel: ACPI: PCI Interrupt Link [LNKA] (IRQs 3 4 5 6 *10 11 12 14 15)
May 15 14:51:09 gss-opt-hwil kernel: ACPI: PCI Interrupt Link [LNKB] (IRQs 3 4 5 6 10 11 12 14 15) *0, disabled.
May 15 14:51:09 gss-opt-hwil kernel: ACPI: PCI Interrupt Link [LNKC] (IRQs 3 4 *5 6 10 11 12 14 15)
May 15 14:51:09 gss-opt-hwil kernel: ACPI: PCI Interrupt Link [LNKD] (IRQs 3 4 *5 6 10 11 12 14 15)
May 15 14:51:09 gss-opt-hwil kernel: ACPI: PCI Interrupt Link [LNKE] (IRQs 3 4 5 6 *10 11 12 14 15)
May 15 14:51:09 gss-opt-hwil kernel: ACPI: PCI Interrupt Link [LNKF] (IRQs 3 4 5 6 10 11 12 14 15) *0, disabled.
May 15 14:51:09 gss-opt-hwil kernel: ACPI: PCI Interrupt Link [LNKG] (IRQs 3 4 *5 6 10 11 12 14 15)
May 15 14:51:09 gss-opt-hwil kernel: ACPI: PCI Interrupt Link [LNKH] (IRQs 3 4 5 6 *10 11 12 14 15)
May 15 14:51:09 gss-opt-hwil kernel: ACPI: EC: interrupt unblocked
May 15 14:51:09 gss-opt-hwil kernel: ACPI: EC: event unblocked
May 15 14:51:09 gss-opt-hwil kernel: ACPI: \_SB_.PCI0.LPCB.EC0_: GPE=0x32, IRQ=-1, EC_CMD/EC_SC=0x66, EC_DATA=0x62
May 15 14:51:09 gss-opt-hwil kernel: ACPI: \_SB_.PCI0.LPCB.EC0_: Boot DSDT EC used to handle transactions and events
May 15 14:51:09 gss-opt-hwil kernel: iommu: Default domain type: Translated 
May 15 14:51:09 gss-opt-hwil kernel: SCSI subsystem initialized
May 15 14:51:09 gss-opt-hwil kernel: libata version 3.00 loaded.
May 15 14:51:09 gss-opt-hwil kernel: pci 0000:00:02.0: vgaarb: setting as boot VGA device
May 15 14:51:09 gss-opt-hwil kernel: pci 0000:00:02.0: vgaarb: VGA device added: decodes=io+mem,owns=io+mem,locks=none
May 15 14:51:09 gss-opt-hwil kernel: pci 0000:00:02.0: vgaarb: bridge control possible
May 15 14:51:09 gss-opt-hwil kernel: vgaarb: loaded
May 15 14:51:09 gss-opt-hwil kernel: ACPI: bus type USB registered
May 15 14:51:09 gss-opt-hwil kernel: usbcore: registered new interface driver usbfs
May 15 14:51:09 gss-opt-hwil kernel: usbcore: registered new interface driver hub
May 15 14:51:09 gss-opt-hwil kernel: usbcore: registered new device driver usb
May 15 14:51:09 gss-opt-hwil kernel: pps_core: LinuxPPS API ver. 1 registered
May 15 14:51:09 gss-opt-hwil kernel: pps_core: Software ver. 5.3.6 - Copyright 2005-2007 Rodolfo Giometti <giometti@linux.it>
May 15 14:51:09 gss-opt-hwil kernel: PTP clock support registered
May 15 14:51:09 gss-opt-hwil kernel: EDAC MC: Ver: 3.0.0
May 15 14:51:09 gss-opt-hwil kernel: PCI: Using ACPI for IRQ routing
May 15 14:51:09 gss-opt-hwil kernel: PCI: pci_cache_line_size set to 64 bytes
May 15 14:51:09 gss-opt-hwil kernel: e820: reserve RAM buffer [mem 0x0009d800-0x0009ffff]
May 15 14:51:09 gss-opt-hwil kernel: e820: reserve RAM buffer [mem 0xcbe9d000-0xcbffffff]
May 15 14:51:09 gss-opt-hwil kernel: e820: reserve RAM buffer [mem 0xcc53d000-0xcfffffff]
May 15 14:51:09 gss-opt-hwil kernel: e820: reserve RAM buffer [mem 0xdb899000-0xdbffffff]
May 15 14:51:09 gss-opt-hwil kernel: e820: reserve RAM buffer [mem 0x21ee00000-0x21fffffff]
May 15 14:51:09 gss-opt-hwil kernel: NetLabel: Initializing
May 15 14:51:09 gss-opt-hwil kernel: NetLabel:  domain hash size = 128
May 15 14:51:09 gss-opt-hwil kernel: NetLabel:  protocols = UNLABELED CIPSOv4 CALIPSO
May 15 14:51:09 gss-opt-hwil kernel: NetLabel:  unlabeled traffic allowed by default
May 15 14:51:09 gss-opt-hwil kernel: clocksource: Switched to clocksource tsc-early
May 15 14:51:09 gss-opt-hwil kernel: *** VALIDATE bpf ***
May 15 14:51:09 gss-opt-hwil kernel: VFS: Disk quotas dquot_6.6.0
May 15 14:51:09 gss-opt-hwil kernel: VFS: Dquot-cache hash table entries: 512 (order 0, 4096 bytes)
May 15 14:51:09 gss-opt-hwil kernel: *** VALIDATE ramfs ***
May 15 14:51:09 gss-opt-hwil kernel: *** VALIDATE hugetlbfs ***
May 15 14:51:09 gss-opt-hwil kernel: AppArmor: AppArmor Filesystem Enabled
May 15 14:51:09 gss-opt-hwil kernel: pnp: PnP ACPI init
May 15 14:51:09 gss-opt-hwil kernel: system 00:00: [mem 0xfed40000-0xfed44fff] has been reserved
May 15 14:51:09 gss-opt-hwil kernel: system 00:00: Plug and Play ACPI device, IDs PNP0c01 (active)
May 15 14:51:09 gss-opt-hwil kernel: system 00:01: [io  0x0680-0x069f] has been reserved
May 15 14:51:09 gss-opt-hwil kernel: system 00:01: [io  0xffff] has been reserved
May 15 14:51:09 gss-opt-hwil kernel: system 00:01: [io  0xffff] has been reserved
May 15 14:51:09 gss-opt-hwil kernel: system 00:01: [io  0xffff] has been reserved
May 15 14:51:09 gss-opt-hwil kernel: system 00:01: [io  0x1c00-0x1cfe] has been reserved
May 15 14:51:09 gss-opt-hwil kernel: system 00:01: [io  0x1d00-0x1dfe] has been reserved
May 15 14:51:09 gss-opt-hwil kernel: system 00:01: [io  0x1e00-0x1efe] has been reserved
May 15 14:51:09 gss-opt-hwil kernel: system 00:01: [io  0x1f00-0x1ffe] has been reserved
May 15 14:51:09 gss-opt-hwil kernel: system 00:01: [io  0x1800-0x18fe] has been reserved
May 15 14:51:09 gss-opt-hwil kernel: system 00:01: [io  0x164e-0x164f] has been reserved
May 15 14:51:09 gss-opt-hwil kernel: system 00:01: Plug and Play ACPI device, IDs PNP0c02 (active)
May 15 14:51:09 gss-opt-hwil kernel: pnp 00:02: Plug and Play ACPI device, IDs PNP0b00 (active)
May 15 14:51:09 gss-opt-hwil kernel: system 00:03: [io  0x1854-0x1857] has been reserved
May 15 14:51:09 gss-opt-hwil kernel: system 00:03: Plug and Play ACPI device, IDs INT3f0d PNP0c02 (active)
May 15 14:51:09 gss-opt-hwil kernel: system 00:04: Plug and Play ACPI device, IDs PNP0c02 (active)
May 15 14:51:09 gss-opt-hwil kernel: pnp 00:05: [dma 0 disabled]
May 15 14:51:09 gss-opt-hwil kernel: pnp 00:05: Plug and Play ACPI device, IDs PNP0501 (active)
May 15 14:51:09 gss-opt-hwil kernel: pnp 00:06: [dma 0 disabled]
May 15 14:51:09 gss-opt-hwil kernel: pnp 00:06: Plug and Play ACPI device, IDs PNP0501 (active)
May 15 14:51:09 gss-opt-hwil kernel: pnp 00:07: [dma 0 disabled]
May 15 14:51:09 gss-opt-hwil kernel: pnp 00:07: Plug and Play ACPI device, IDs PNP0501 (active)
May 15 14:51:09 gss-opt-hwil kernel: pnp 00:08: [dma 0 disabled]
May 15 14:51:09 gss-opt-hwil kernel: pnp 00:08: Plug and Play ACPI device, IDs PNP0501 (active)
May 15 14:51:09 gss-opt-hwil kernel: system 00:09: [io  0x0b00-0x0b7f] has been reserved
May 15 14:51:09 gss-opt-hwil kernel: system 00:09: [io  0x0b80-0x0b9f] has been reserved
May 15 14:51:09 gss-opt-hwil kernel: system 00:09: Plug and Play ACPI device, IDs PNP0c02 (active)
May 15 14:51:09 gss-opt-hwil kernel: system 00:0a: [io  0x04d0-0x04d1] has been reserved
May 15 14:51:09 gss-opt-hwil kernel: system 00:0a: Plug and Play ACPI device, IDs PNP0c02 (active)
May 15 14:51:09 gss-opt-hwil kernel: system 00:0b: Plug and Play ACPI device, IDs PNP0c02 (active)
May 15 14:51:09 gss-opt-hwil kernel: system 00:0c: [mem 0xfed1c000-0xfed1ffff] has been reserved
May 15 14:51:09 gss-opt-hwil kernel: system 00:0c: [mem 0xfed10000-0xfed17fff] has been reserved
May 15 14:51:09 gss-opt-hwil kernel: system 00:0c: [mem 0xfed18000-0xfed18fff] has been reserved
May 15 14:51:09 gss-opt-hwil kernel: system 00:0c: [mem 0xfed19000-0xfed19fff] has been reserved
May 15 14:51:09 gss-opt-hwil kernel: system 00:0c: [mem 0xf8000000-0xfbffffff] has been reserved
May 15 14:51:09 gss-opt-hwil kernel: system 00:0c: [mem 0xfed20000-0xfed3ffff] has been reserved
May 15 14:51:09 gss-opt-hwil kernel: system 00:0c: [mem 0xfed90000-0xfed93fff] could not be reserved
May 15 14:51:09 gss-opt-hwil kernel: system 00:0c: [mem 0xfed45000-0xfed8ffff] has been reserved
May 15 14:51:09 gss-opt-hwil kernel: system 00:0c: [mem 0xff000000-0xffffffff] has been reserved
May 15 14:51:09 gss-opt-hwil kernel: system 00:0c: [mem 0xfee00000-0xfeefffff] could not be reserved
May 15 14:51:09 gss-opt-hwil kernel: system 00:0c: [mem 0xf7fdf000-0xf7fdffff] has been reserved
May 15 14:51:09 gss-opt-hwil kernel: system 00:0c: [mem 0xf7fe0000-0xf7feffff] has been reserved
May 15 14:51:09 gss-opt-hwil kernel: system 00:0c: Plug and Play ACPI device, IDs PNP0c02 (active)
May 15 14:51:09 gss-opt-hwil kernel: pnp: PnP ACPI: found 13 devices
May 15 14:51:09 gss-opt-hwil kernel: thermal_sys: Registered thermal governor 'fair_share'
May 15 14:51:09 gss-opt-hwil kernel: thermal_sys: Registered thermal governor 'bang_bang'
May 15 14:51:09 gss-opt-hwil kernel: thermal_sys: Registered thermal governor 'step_wise'
May 15 14:51:09 gss-opt-hwil kernel: thermal_sys: Registered thermal governor 'user_space'
May 15 14:51:09 gss-opt-hwil kernel: thermal_sys: Registered thermal governor 'power_allocator'
May 15 14:51:09 gss-opt-hwil kernel: clocksource: acpi_pm: mask: 0xffffff max_cycles: 0xffffff, max_idle_ns: 2085701024 ns
May 15 14:51:09 gss-opt-hwil kernel: pci 0000:00:1c.0: PCI bridge to [bus 01]
May 15 14:51:09 gss-opt-hwil kernel: pci 0000:00:1c.0:   bridge window [io  0xe000-0xefff]
May 15 14:51:09 gss-opt-hwil kernel: pci 0000:00:1c.0:   bridge window [mem 0xf7000000-0xf79fffff]
May 15 14:51:09 gss-opt-hwil kernel: pci 0000:00:1c.0:   bridge window [mem 0xf0000000-0xf09fffff 64bit pref]
May 15 14:51:09 gss-opt-hwil kernel: pci 0000:00:1c.3: PCI bridge to [bus 02]
May 15 14:51:09 gss-opt-hwil kernel: pci 0000:00:1c.3:   bridge window [io  0xd000-0xdfff]
May 15 14:51:09 gss-opt-hwil kernel: pci 0000:00:1c.3:   bridge window [mem 0xf7a00000-0xf7cfffff]
May 15 14:51:09 gss-opt-hwil kernel: pci_bus 0000:00: resource 4 [io  0x0000-0x0cf7 window]
May 15 14:51:09 gss-opt-hwil kernel: pci_bus 0000:00: resource 5 [io  0x0d00-0xffff window]
May 15 14:51:09 gss-opt-hwil kernel: pci_bus 0000:00: resource 6 [mem 0x000a0000-0x000bffff window]
May 15 14:51:09 gss-opt-hwil kernel: pci_bus 0000:00: resource 7 [mem 0x000d0000-0x000d3fff window]
May 15 14:51:09 gss-opt-hwil kernel: pci_bus 0000:00: resource 8 [mem 0x000d4000-0x000d7fff window]
May 15 14:51:09 gss-opt-hwil kernel: pci_bus 0000:00: resource 9 [mem 0x000d8000-0x000dbfff window]
May 15 14:51:09 gss-opt-hwil kernel: pci_bus 0000:00: resource 10 [mem 0x000dc000-0x000dffff window]
May 15 14:51:09 gss-opt-hwil kernel: pci_bus 0000:00: resource 11 [mem 0x000e0000-0x000e3fff window]
May 15 14:51:09 gss-opt-hwil kernel: pci_bus 0000:00: resource 12 [mem 0x000e4000-0x000e7fff window]
May 15 14:51:09 gss-opt-hwil kernel: pci_bus 0000:00: resource 13 [mem 0xdf200000-0xfeafffff window]
May 15 14:51:09 gss-opt-hwil kernel: pci_bus 0000:01: resource 0 [io  0xe000-0xefff]
May 15 14:51:09 gss-opt-hwil kernel: pci_bus 0000:01: resource 1 [mem 0xf7000000-0xf79fffff]
May 15 14:51:09 gss-opt-hwil kernel: pci_bus 0000:01: resource 2 [mem 0xf0000000-0xf09fffff 64bit pref]
May 15 14:51:09 gss-opt-hwil kernel: pci_bus 0000:02: resource 0 [io  0xd000-0xdfff]
May 15 14:51:09 gss-opt-hwil kernel: pci_bus 0000:02: resource 1 [mem 0xf7a00000-0xf7cfffff]
May 15 14:51:09 gss-opt-hwil kernel: NET: Registered protocol family 2
May 15 14:51:09 gss-opt-hwil kernel: IP idents hash table entries: 131072 (order: 8, 1048576 bytes, linear)
May 15 14:51:09 gss-opt-hwil kernel: tcp_listen_portaddr_hash hash table entries: 4096 (order: 4, 65536 bytes, linear)
May 15 14:51:09 gss-opt-hwil kernel: TCP established hash table entries: 65536 (order: 7, 524288 bytes, linear)
May 15 14:51:09 gss-opt-hwil kernel: TCP bind hash table entries: 65536 (order: 8, 1048576 bytes, linear)
May 15 14:51:09 gss-opt-hwil kernel: TCP: Hash tables configured (established 65536 bind 65536)
May 15 14:51:09 gss-opt-hwil kernel: UDP hash table entries: 4096 (order: 5, 131072 bytes, linear)
May 15 14:51:09 gss-opt-hwil kernel: UDP-Lite hash table entries: 4096 (order: 5, 131072 bytes, linear)
May 15 14:51:09 gss-opt-hwil kernel: NET: Registered protocol family 1
May 15 14:51:09 gss-opt-hwil kernel: NET: Registered protocol family 44
May 15 14:51:09 gss-opt-hwil kernel: pci 0000:00:02.0: Video device with shadowed ROM at [mem 0x000c0000-0x000dffff]
May 15 14:51:09 gss-opt-hwil kernel: pci 0000:00:1d.0: quirk_usb_early_handoff+0x0/0x6a0 took 20290 usecs
May 15 14:51:09 gss-opt-hwil kernel: PCI: CLS 64 bytes, default 64
May 15 14:51:09 gss-opt-hwil kernel: Trying to unpack rootfs image as initramfs...
May 15 14:51:09 gss-opt-hwil kernel: Freeing initrd memory: 44580K
May 15 14:51:09 gss-opt-hwil kernel: PCI-DMA: Using software bounce buffering for IO (SWIOTLB)
May 15 14:51:09 gss-opt-hwil kernel: software IO TLB: mapped [mem 0xd7899000-0xdb899000] (64MB)
May 15 14:51:09 gss-opt-hwil kernel: check: Scanning for low memory corruption every 60 seconds
May 15 14:51:09 gss-opt-hwil kernel: Initialise system trusted keyrings
May 15 14:51:09 gss-opt-hwil kernel: Key type blacklist registered
May 15 14:51:09 gss-opt-hwil kernel: workingset: timestamp_bits=36 max_order=21 bucket_order=0
May 15 14:51:09 gss-opt-hwil kernel: zbud: loaded
May 15 14:51:09 gss-opt-hwil kernel: squashfs: version 4.0 (2009/01/31) Phillip Lougher
May 15 14:51:09 gss-opt-hwil kernel: fuse: init (API version 7.31)
May 15 14:51:09 gss-opt-hwil kernel: *** VALIDATE fuse ***
May 15 14:51:09 gss-opt-hwil kernel: *** VALIDATE fuse ***
May 15 14:51:09 gss-opt-hwil kernel: Platform Keyring initialized
May 15 14:51:09 gss-opt-hwil kernel: Key type asymmetric registered
May 15 14:51:09 gss-opt-hwil kernel: Asymmetric key parser 'x509' registered
May 15 14:51:09 gss-opt-hwil kernel: Block layer SCSI generic (bsg) driver version 0.4 loaded (major 244)
May 15 14:51:09 gss-opt-hwil kernel: io scheduler mq-deadline registered
May 15 14:51:09 gss-opt-hwil kernel: pcieport 0000:00:1c.0: PME: Signaling with IRQ 42
May 15 14:51:09 gss-opt-hwil kernel: pcieport 0000:00:1c.0: pciehp: Slot #0 AttnBtn- PwrCtrl- MRL- AttnInd- PwrInd- HotPlug+ Surprise+ Interlock- NoCompl+ LLActRep+
May 15 14:51:09 gss-opt-hwil kernel: pcieport 0000:00:1c.3: PME: Signaling with IRQ 43
May 15 14:51:09 gss-opt-hwil kernel: shpchp: Standard Hot Plug PCI Controller Driver version: 0.4
May 15 14:51:09 gss-opt-hwil kernel: vesafb: mode is 640x480x32, linelength=2560, pages=0
May 15 14:51:09 gss-opt-hwil kernel: vesafb: scrolling: redraw
May 15 14:51:09 gss-opt-hwil kernel: vesafb: Truecolor: size=8:8:8:8, shift=24:16:8:0
May 15 14:51:09 gss-opt-hwil kernel: vesafb: framebuffer at 0xe0000000, mapped to 0x00000000bda6fee0, using 1216k, total 1216k
May 15 14:51:09 gss-opt-hwil kernel: fbcon: Deferring console take-over
May 15 14:51:09 gss-opt-hwil kernel: fb0: VESA VGA frame buffer device
May 15 14:51:09 gss-opt-hwil kernel: intel_idle: MWAIT substates: 0x11142120
May 15 14:51:09 gss-opt-hwil kernel: intel_idle: v0.4.1 model 0x45
May 15 14:51:09 gss-opt-hwil kernel: intel_idle: lapic_timer_reliable_states 0xffffffff
May 15 14:51:09 gss-opt-hwil kernel: input: Power Button as /devices/LNXSYSTM:00/LNXSYBUS:00/PNP0C0C:00/input/input0
May 15 14:51:09 gss-opt-hwil kernel: ACPI: Power Button [PWRB]
May 15 14:51:09 gss-opt-hwil kernel: input: Power Button as /devices/LNXSYSTM:00/LNXPWRBN:00/input/input1
May 15 14:51:09 gss-opt-hwil kernel: ACPI: Power Button [PWRF]
May 15 14:51:09 gss-opt-hwil kernel: thermal LNXTHERM:00: registered as thermal_zone0
May 15 14:51:09 gss-opt-hwil kernel: ACPI: Thermal Zone [TZ00] (28 C)
May 15 14:51:09 gss-opt-hwil kernel: thermal LNXTHERM:01: registered as thermal_zone1
May 15 14:51:09 gss-opt-hwil kernel: ACPI: Thermal Zone [TZ01] (30 C)
May 15 14:51:09 gss-opt-hwil kernel: Serial: 8250/16550 driver, 32 ports, IRQ sharing enabled
May 15 14:51:09 gss-opt-hwil kernel: 00:05: ttyS0 at I/O 0x3f8 (irq = 4, base_baud = 115200) is a 16550A
May 15 14:51:09 gss-opt-hwil kernel: 00:06: ttyS1 at I/O 0x2f8 (irq = 3, base_baud = 115200) is a 16550A
May 15 14:51:09 gss-opt-hwil kernel: 00:07: ttyS2 at I/O 0x3e8 (irq = 7, base_baud = 115200) is a 16550A
May 15 14:51:09 gss-opt-hwil kernel: 00:08: ttyS3 at I/O 0x2e8 (irq = 11, base_baud = 115200) is a 16550A
May 15 14:51:09 gss-opt-hwil kernel: 0000:00:16.3: ttyS4 at I/O 0xf0e0 (irq = 19, base_baud = 115200) is a 16550A
May 15 14:51:09 gss-opt-hwil kernel: hpet_acpi_add: no address or irqs in _CRS
May 15 14:51:09 gss-opt-hwil kernel: Linux agpgart interface v0.103
May 15 14:51:09 gss-opt-hwil kernel: loop: module loaded
May 15 14:51:09 gss-opt-hwil kernel: tun: Universal TUN/TAP device driver, 1.6
May 15 14:51:09 gss-opt-hwil kernel: PPP generic driver version 2.4.2
May 15 14:51:09 gss-opt-hwil kernel: VFIO - User Level meta-driver version: 0.3
May 15 14:51:09 gss-opt-hwil kernel: ehci_hcd: USB 2.0 'Enhanced' Host Controller (EHCI) Driver
May 15 14:51:09 gss-opt-hwil kernel: ehci-pci: EHCI PCI platform driver
May 15 14:51:09 gss-opt-hwil kernel: ehci-pci 0000:00:1d.0: EHCI Host Controller
May 15 14:51:09 gss-opt-hwil kernel: ehci-pci 0000:00:1d.0: new USB bus registered, assigned bus number 1
May 15 14:51:09 gss-opt-hwil kernel: ehci-pci 0000:00:1d.0: debug port 2
May 15 14:51:09 gss-opt-hwil kernel: ehci-pci 0000:00:1d.0: cache line size of 64 is not supported
May 15 14:51:09 gss-opt-hwil kernel: ehci-pci 0000:00:1d.0: irq 23, io mem 0xf7d3b000
May 15 14:51:09 gss-opt-hwil kernel: ehci-pci 0000:00:1d.0: USB 2.0 started, EHCI 1.00
May 15 14:51:09 gss-opt-hwil kernel: usb usb1: New USB device found, idVendor=1d6b, idProduct=0002, bcdDevice= 5.04
May 15 14:51:09 gss-opt-hwil kernel: usb usb1: New USB device strings: Mfr=3, Product=2, SerialNumber=1
May 15 14:51:09 gss-opt-hwil kernel: usb usb1: Product: EHCI Host Controller
May 15 14:51:09 gss-opt-hwil kernel: usb usb1: Manufacturer: Linux 5.4.0-148-generic ehci_hcd
May 15 14:51:09 gss-opt-hwil kernel: usb usb1: SerialNumber: 0000:00:1d.0
May 15 14:51:09 gss-opt-hwil kernel: hub 1-0:1.0: USB hub found
May 15 14:51:09 gss-opt-hwil kernel: hub 1-0:1.0: 3 ports detected
May 15 14:51:09 gss-opt-hwil kernel: ehci-platform: EHCI generic platform driver
May 15 14:51:09 gss-opt-hwil kernel: ohci_hcd: USB 1.1 'Open' Host Controller (OHCI) Driver
May 15 14:51:09 gss-opt-hwil kernel: ohci-pci: OHCI PCI platform driver
May 15 14:51:09 gss-opt-hwil kernel: ohci-platform: OHCI generic platform driver
May 15 14:51:09 gss-opt-hwil kernel: uhci_hcd: USB Universal Host Controller Interface driver
May 15 14:51:09 gss-opt-hwil kernel: xhci_hcd 0000:00:14.0: xHCI Host Controller
May 15 14:51:09 gss-opt-hwil kernel: xhci_hcd 0000:00:14.0: new USB bus registered, assigned bus number 2
May 15 14:51:09 gss-opt-hwil kernel: xhci_hcd 0000:00:14.0: hcc params 0x200077c1 hci version 0x100 quirks 0x000000000004b810
May 15 14:51:09 gss-opt-hwil kernel: xhci_hcd 0000:00:14.0: cache line size of 64 is not supported
May 15 14:51:09 gss-opt-hwil kernel: xhci_hcd 0000:00:14.0: xHCI Host Controller
May 15 14:51:09 gss-opt-hwil kernel: xhci_hcd 0000:00:14.0: new USB bus registered, assigned bus number 3
May 15 14:51:09 gss-opt-hwil kernel: xhci_hcd 0000:00:14.0: Host supports USB 3.0 SuperSpeed
May 15 14:51:09 gss-opt-hwil kernel: usb usb2: New USB device found, idVendor=1d6b, idProduct=0002, bcdDevice= 5.04
May 15 14:51:09 gss-opt-hwil kernel: usb usb2: New USB device strings: Mfr=3, Product=2, SerialNumber=1
May 15 14:51:09 gss-opt-hwil kernel: usb usb2: Product: xHCI Host Controller
May 15 14:51:09 gss-opt-hwil kernel: usb usb2: Manufacturer: Linux 5.4.0-148-generic xhci-hcd
May 15 14:51:09 gss-opt-hwil kernel: usb usb2: SerialNumber: 0000:00:14.0
May 15 14:51:09 gss-opt-hwil kernel: hub 2-0:1.0: USB hub found
May 15 14:51:09 gss-opt-hwil kernel: hub 2-0:1.0: 9 ports detected
May 15 14:51:09 gss-opt-hwil kernel: usb usb3: New USB device found, idVendor=1d6b, idProduct=0003, bcdDevice= 5.04
May 15 14:51:09 gss-opt-hwil kernel: usb usb3: New USB device strings: Mfr=3, Product=2, SerialNumber=1
May 15 14:51:09 gss-opt-hwil kernel: usb usb3: Product: xHCI Host Controller
May 15 14:51:09 gss-opt-hwil kernel: usb usb3: Manufacturer: Linux 5.4.0-148-generic xhci-hcd
May 15 14:51:09 gss-opt-hwil kernel: usb usb3: SerialNumber: 0000:00:14.0
May 15 14:51:09 gss-opt-hwil kernel: hub 3-0:1.0: USB hub found
May 15 14:51:09 gss-opt-hwil kernel: hub 3-0:1.0: 4 ports detected
May 15 14:51:09 gss-opt-hwil kernel: i8042: PNP: No PS/2 controller found.
May 15 14:51:09 gss-opt-hwil kernel: i8042: Probing ports directly.
May 15 14:51:09 gss-opt-hwil kernel: serio: i8042 KBD port at 0x60,0x64 irq 1
May 15 14:51:09 gss-opt-hwil kernel: mousedev: PS/2 mouse device common for all mice
May 15 14:51:09 gss-opt-hwil kernel: rtc_cmos 00:02: RTC can wake from S4
May 15 14:51:09 gss-opt-hwil kernel: rtc_cmos 00:02: registered as rtc0
May 15 14:51:09 gss-opt-hwil kernel: rtc_cmos 00:02: alarms up to one month, y3k, 242 bytes nvram
May 15 14:51:09 gss-opt-hwil kernel: i2c /dev entries driver
May 15 14:51:09 gss-opt-hwil kernel: device-mapper: uevent: version 1.0.3
May 15 14:51:09 gss-opt-hwil kernel: device-mapper: ioctl: 4.41.0-ioctl (2019-09-16) initialised: dm-devel@redhat.com
May 15 14:51:09 gss-opt-hwil kernel: platform eisa.0: Probing EISA bus 0
May 15 14:51:09 gss-opt-hwil kernel: platform eisa.0: EISA: Cannot allocate resource for mainboard
May 15 14:51:09 gss-opt-hwil kernel: platform eisa.0: Cannot allocate resource for EISA slot 1
May 15 14:51:09 gss-opt-hwil kernel: platform eisa.0: Cannot allocate resource for EISA slot 2
May 15 14:51:09 gss-opt-hwil kernel: platform eisa.0: Cannot allocate resource for EISA slot 3
May 15 14:51:09 gss-opt-hwil kernel: platform eisa.0: Cannot allocate resource for EISA slot 4
May 15 14:51:09 gss-opt-hwil kernel: platform eisa.0: Cannot allocate resource for EISA slot 5
May 15 14:51:09 gss-opt-hwil kernel: platform eisa.0: Cannot allocate resource for EISA slot 6
May 15 14:51:09 gss-opt-hwil kernel: platform eisa.0: Cannot allocate resource for EISA slot 7
May 15 14:51:09 gss-opt-hwil kernel: platform eisa.0: Cannot allocate resource for EISA slot 8
May 15 14:51:09 gss-opt-hwil kernel: platform eisa.0: EISA: Detected 0 cards
May 15 14:51:09 gss-opt-hwil kernel: intel_pstate: Intel P-state driver initializing
May 15 14:51:09 gss-opt-hwil kernel: ledtrig-cpu: registered to indicate activity on CPUs
May 15 14:51:09 gss-opt-hwil kernel: drop_monitor: Initializing network drop monitor service
May 15 14:51:09 gss-opt-hwil kernel: NET: Registered protocol family 10
May 15 14:51:09 gss-opt-hwil kernel: Segment Routing with IPv6
May 15 14:51:09 gss-opt-hwil kernel: NET: Registered protocol family 17
May 15 14:51:09 gss-opt-hwil kernel: Key type dns_resolver registered
May 15 14:51:09 gss-opt-hwil kernel: RAS: Correctable Errors collector initialized.
May 15 14:51:09 gss-opt-hwil kernel: microcode: sig=0x40651, pf=0x40, revision=0x26
May 15 14:51:09 gss-opt-hwil kernel: microcode: Microcode Update Driver: v2.2.
May 15 14:51:09 gss-opt-hwil kernel: IPI shorthand broadcast: enabled
May 15 14:51:09 gss-opt-hwil kernel: sched_clock: Marking stable (1059396943, 1289805)->(1063577989, -2891241)
May 15 14:51:09 gss-opt-hwil kernel: registered taskstats version 1
May 15 14:51:09 gss-opt-hwil kernel: Loading compiled-in X.509 certificates
May 15 14:51:09 gss-opt-hwil kernel: Loaded X.509 cert 'Build time autogenerated kernel key: 7d8d5ef85c30cd6964f3916c3b476e1d4b2fd33b'
May 15 14:51:09 gss-opt-hwil kernel: Loaded X.509 cert 'Canonical Ltd. Live Patch Signing: 14df34d1a87cf37625abec039ef2bf521249b969'
May 15 14:51:09 gss-opt-hwil kernel: Loaded X.509 cert 'Canonical Ltd. Kernel Module Signing: 88f752e560a1e0737e31163a466ad7b70a850c19'
May 15 14:51:09 gss-opt-hwil kernel: blacklist: Loading compiled-in revocation X.509 certificates
May 15 14:51:09 gss-opt-hwil kernel: Loaded X.509 cert 'Canonical Ltd. Secure Boot Signing: 61482aa2830d0ab2ad5af10b7250da9033ddcef0'
May 15 14:51:09 gss-opt-hwil kernel: Loaded X.509 cert 'Canonical Ltd. Secure Boot Signing (2017): 242ade75ac4a15e50d50c84b0d45ff3eae707a03'
May 15 14:51:09 gss-opt-hwil kernel: Loaded X.509 cert 'Canonical Ltd. Secure Boot Signing (ESM 2018): 365188c1d374d6b07c3c8f240f8ef722433d6a8b'
May 15 14:51:09 gss-opt-hwil kernel: Loaded X.509 cert 'Canonical Ltd. Secure Boot Signing (2019): c0746fd6c5da3ae827864651ad66ae47fe24b3e8'
May 15 14:51:09 gss-opt-hwil kernel: Loaded X.509 cert 'Canonical Ltd. Secure Boot Signing (2021 v1): a8d54bbb3825cfb94fa13c9f8a594a195c107b8d'
May 15 14:51:09 gss-opt-hwil kernel: Loaded X.509 cert 'Canonical Ltd. Secure Boot Signing (2021 v2): 4cf046892d6fd3c9a5b03f98d845f90851dc6a8c'
May 15 14:51:09 gss-opt-hwil kernel: Loaded X.509 cert 'Canonical Ltd. Secure Boot Signing (2021 v3): 100437bb6de6e469b581e61cd66bce3ef4ed53af'
May 15 14:51:09 gss-opt-hwil kernel: Loaded X.509 cert 'Canonical Ltd. Secure Boot Signing (Ubuntu Core 2019): c1d57b8f6b743f23ee41f4f7ee292f06eecadfb9'
May 15 14:51:09 gss-opt-hwil kernel: zswap: loaded using pool lzo/zbud
May 15 14:51:09 gss-opt-hwil kernel: Key type ._fscrypt registered
May 15 14:51:09 gss-opt-hwil kernel: Key type .fscrypt registered
May 15 14:51:09 gss-opt-hwil kernel: Key type big_key registered
May 15 14:51:09 gss-opt-hwil kernel: Key type encrypted registered
May 15 14:51:09 gss-opt-hwil kernel: AppArmor: AppArmor sha1 policy hashing enabled
May 15 14:51:09 gss-opt-hwil kernel: ima: No TPM chip found, activating TPM-bypass!
May 15 14:51:09 gss-opt-hwil kernel: ima: Allocated hash algorithm: sha1
May 15 14:51:09 gss-opt-hwil kernel: ima: No architecture policies found
May 15 14:51:09 gss-opt-hwil kernel: evm: Initialising EVM extended attributes:
May 15 14:51:09 gss-opt-hwil kernel: evm: security.selinux
May 15 14:51:09 gss-opt-hwil kernel: evm: security.SMACK64
May 15 14:51:09 gss-opt-hwil kernel: evm: security.SMACK64EXEC
May 15 14:51:09 gss-opt-hwil kernel: evm: security.SMACK64TRANSMUTE
May 15 14:51:09 gss-opt-hwil kernel: evm: security.SMACK64MMAP
May 15 14:51:09 gss-opt-hwil kernel: evm: security.apparmor
May 15 14:51:09 gss-opt-hwil kernel: evm: security.ima
May 15 14:51:09 gss-opt-hwil kernel: evm: security.capability
May 15 14:51:09 gss-opt-hwil kernel: evm: HMAC attrs: 0x1
May 15 14:51:09 gss-opt-hwil kernel: PM:   Magic number: 7:370:898
May 15 14:51:09 gss-opt-hwil kernel: rtc_cmos 00:02: setting system clock to 2023-05-15T18:51:06 UTC (1684176666)
May 15 14:51:09 gss-opt-hwil kernel: Freeing unused decrypted memory: 2040K
May 15 14:51:09 gss-opt-hwil kernel: Freeing unused kernel image memory: 2748K
May 15 14:51:09 gss-opt-hwil kernel: Write protecting the kernel read-only data: 26624k
May 15 14:51:09 gss-opt-hwil kernel: Freeing unused kernel image memory: 2036K
May 15 14:51:09 gss-opt-hwil kernel: Freeing unused kernel image memory: 772K
May 15 14:51:09 gss-opt-hwil kernel: x86/mm: Checked W+X mappings: passed, no W+X pages found.
May 15 14:51:09 gss-opt-hwil kernel: x86/mm: Checking user space page tables
May 15 14:51:09 gss-opt-hwil kernel: x86/mm: Checked W+X mappings: passed, no W+X pages found.
May 15 14:51:09 gss-opt-hwil kernel: Run /init as init process
May 15 14:51:09 gss-opt-hwil kernel: dca service started, version 1.12.1
May 15 14:51:09 gss-opt-hwil kernel: ahci 0000:00:1f.2: version 3.0
May 15 14:51:09 gss-opt-hwil kernel: e1000e: Intel(R) PRO/1000 Network Driver - 3.2.6-k
May 15 14:51:09 gss-opt-hwil kernel: e1000e: Copyright(c) 1999 - 2015 Intel Corporation.
May 15 14:51:09 gss-opt-hwil kernel: igb: Intel(R) Gigabit Ethernet Network Driver - version 5.6.0-k
May 15 14:51:09 gss-opt-hwil kernel: igb: Copyright (c) 2007-2014 Intel Corporation.
May 15 14:51:09 gss-opt-hwil kernel: e1000e 0000:00:19.0: Interrupt Throttling Rate (ints/sec) set to dynamic conservative mode
May 15 14:51:09 gss-opt-hwil kernel: ahci 0000:00:1f.2: AHCI 0001.0300 32 slots 4 ports 6 Gbps 0x2 impl SATA mode
May 15 14:51:09 gss-opt-hwil kernel: ahci 0000:00:1f.2: flags: 64bit ncq pm led clo only pio slum part deso sadm sds apst 
May 15 14:51:09 gss-opt-hwil kernel: scsi host0: ahci
May 15 14:51:09 gss-opt-hwil kernel: scsi host1: ahci
May 15 14:51:09 gss-opt-hwil kernel: scsi host2: ahci
May 15 14:51:09 gss-opt-hwil kernel: scsi host3: ahci
May 15 14:51:09 gss-opt-hwil kernel: ata1: DUMMY
May 15 14:51:09 gss-opt-hwil kernel: ata2: SATA max UDMA/133 abar m2048@0xf7d3a000 port 0xf7d3a180 irq 45
May 15 14:51:09 gss-opt-hwil kernel: ata3: DUMMY
May 15 14:51:09 gss-opt-hwil kernel: ata4: DUMMY
May 15 14:51:09 gss-opt-hwil kernel: pps pps0: new PPS source ptp0
May 15 14:51:09 gss-opt-hwil kernel: igb 0000:02:00.0: added PHC on eth0
May 15 14:51:09 gss-opt-hwil kernel: igb 0000:02:00.0: Intel(R) Gigabit Ethernet Network Connection
May 15 14:51:09 gss-opt-hwil kernel: igb 0000:02:00.0: eth0: (PCIe:2.5Gb/s:Width x1) c4:00:ad:cf:7d:43
May 15 14:51:09 gss-opt-hwil kernel: igb 0000:02:00.0: eth0: PBA No: 000200-000
May 15 14:51:09 gss-opt-hwil kernel: igb 0000:02:00.0: Using MSI-X interrupts. 4 rx queue(s), 4 tx queue(s)
May 15 14:51:09 gss-opt-hwil kernel: usb 2-1: new low-speed USB device number 2 using xhci_hcd
May 15 14:51:09 gss-opt-hwil kernel: usb 1-1: new high-speed USB device number 2 using ehci-pci
May 15 14:51:09 gss-opt-hwil kernel: e1000e 0000:00:19.0 0000:00:19.0 (uninitialized): registered PHC clock
May 15 14:51:09 gss-opt-hwil kernel: e1000e 0000:00:19.0 eth1: (PCI Express:2.5GT/s:Width x1) c4:00:ad:cf:7d:42
May 15 14:51:09 gss-opt-hwil kernel: e1000e 0000:00:19.0 eth1: Intel(R) PRO/1000 Network Connection
May 15 14:51:09 gss-opt-hwil kernel: e1000e 0000:00:19.0 eth1: MAC: 11, PHY: 12, PBA No: FFFFFF-0FF
May 15 14:51:09 gss-opt-hwil kernel: usb 2-1: New USB device found, idVendor=413c, idProduct=2107, bcdDevice= 1.04
May 15 14:51:09 gss-opt-hwil kernel: usb 2-1: New USB device strings: Mfr=1, Product=2, SerialNumber=0
May 15 14:51:09 gss-opt-hwil kernel: usb 2-1: Product: Dell USB Entry Keyboard
May 15 14:51:09 gss-opt-hwil kernel: usb 2-1: Manufacturer: DELL
May 15 14:51:09 gss-opt-hwil kernel: usb 1-1: New USB device found, idVendor=8087, idProduct=8000, bcdDevice= 0.04
May 15 14:51:09 gss-opt-hwil kernel: usb 1-1: New USB device strings: Mfr=0, Product=0, SerialNumber=0
May 15 14:51:09 gss-opt-hwil kernel: hub 1-1:1.0: USB hub found
May 15 14:51:09 gss-opt-hwil kernel: hub 1-1:1.0: 8 ports detected
May 15 14:51:09 gss-opt-hwil kernel: usb 2-2: new low-speed USB device number 3 using xhci_hcd
May 15 14:51:09 gss-opt-hwil kernel: ata2: SATA link up 6.0 Gbps (SStatus 133 SControl 300)
May 15 14:51:09 gss-opt-hwil kernel: ata2.00: ATA-10: JAJMS600M1TB, VE0R5312, max UDMA/133
May 15 14:51:09 gss-opt-hwil kernel: ata2.00: 2000409264 sectors, multi 16: LBA48 NCQ (depth 32), AA
May 15 14:51:09 gss-opt-hwil kernel: ata2.00: configured for UDMA/133
May 15 14:51:09 gss-opt-hwil kernel: scsi 1:0:0:0: Direct-Access     ATA      JAJMS600M1TB     5312 PQ: 0 ANSI: 5
May 15 14:51:09 gss-opt-hwil kernel: sd 1:0:0:0: Attached scsi generic sg0 type 0
May 15 14:51:09 gss-opt-hwil kernel: sd 1:0:0:0: [sda] 2000409264 512-byte logical blocks: (1.02 TB/954 GiB)
May 15 14:51:09 gss-opt-hwil kernel: sd 1:0:0:0: [sda] Write Protect is off
May 15 14:51:09 gss-opt-hwil kernel: sd 1:0:0:0: [sda] Mode Sense: 00 3a 00 00
May 15 14:51:09 gss-opt-hwil kernel: sd 1:0:0:0: [sda] Write cache: enabled, read cache: enabled, doesn't support DPO or FUA
May 15 14:51:09 gss-opt-hwil kernel:  sda: sda1
May 15 14:51:09 gss-opt-hwil kernel: sd 1:0:0:0: [sda] Attached SCSI disk
May 15 14:51:09 gss-opt-hwil kernel: igb 0000:02:00.0 enp2s0: renamed from eth0
May 15 14:51:09 gss-opt-hwil kernel: e1000e 0000:00:19.0 eno1: renamed from eth1
May 15 14:51:09 gss-opt-hwil kernel: usb 2-2: New USB device found, idVendor=1bcf, idProduct=000a, bcdDevice= 6.12
May 15 14:51:09 gss-opt-hwil kernel: usb 2-2: New USB device strings: Mfr=0, Product=2, SerialNumber=0
May 15 14:51:09 gss-opt-hwil kernel: usb 2-2: Product: USB Laser Wheel Mouse
May 15 14:51:09 gss-opt-hwil kernel: tsc: Refined TSC clocksource calibration: 2494.226 MHz
May 15 14:51:09 gss-opt-hwil kernel: clocksource: tsc: mask: 0xffffffffffffffff max_cycles: 0x23f3eb3743e, max_idle_ns: 440795257847 ns
May 15 14:51:09 gss-opt-hwil kernel: clocksource: Switched to clocksource tsc
May 15 14:51:09 gss-opt-hwil kernel: usb 2-4: new high-speed USB device number 4 using xhci_hcd
May 15 14:51:09 gss-opt-hwil kernel: usb 2-4: New USB device found, idVendor=1a40, idProduct=0201, bcdDevice= 1.00
May 15 14:51:09 gss-opt-hwil kernel: usb 2-4: New USB device strings: Mfr=0, Product=1, SerialNumber=0
May 15 14:51:09 gss-opt-hwil kernel: usb 2-4: Product: USB 2.0 Hub [MTT]
May 15 14:51:09 gss-opt-hwil kernel: hub 2-4:1.0: USB hub found
May 15 14:51:09 gss-opt-hwil kernel: hub 2-4:1.0: 7 ports detected
May 15 14:51:09 gss-opt-hwil kernel: hidraw: raw HID events driver (C) Jiri Kosina
May 15 14:51:09 gss-opt-hwil kernel: usbcore: registered new interface driver usbhid
May 15 14:51:09 gss-opt-hwil kernel: usbhid: USB HID core driver
May 15 14:51:09 gss-opt-hwil kernel: input: DELL Dell USB Entry Keyboard as /devices/pci0000:00/0000:00:14.0/usb2/2-1/2-1:1.0/0003:413C:2107.0001/input/input3
May 15 14:51:09 gss-opt-hwil kernel: hid-generic 0003:413C:2107.0001: input,hidraw0: USB HID v1.11 Keyboard [DELL Dell USB Entry Keyboard] on usb-0000:00:14.0-1/input0
May 15 14:51:09 gss-opt-hwil kernel: input: USB Laser Wheel Mouse as /devices/pci0000:00/0000:00:14.0/usb2/2-2/2-2:1.0/0003:1BCF:000A.0002/input/input4
May 15 14:51:09 gss-opt-hwil kernel: input: USB Laser Wheel Mouse as /devices/pci0000:00/0000:00:14.0/usb2/2-2/2-2:1.0/0003:1BCF:000A.0002/input/input5
May 15 14:51:09 gss-opt-hwil kernel: hid-generic 0003:1BCF:000A.0002: input,hiddev0,hidraw1: USB HID v1.11 Mouse [USB Laser Wheel Mouse] on usb-0000:00:14.0-2/input0
May 15 14:51:09 gss-opt-hwil kernel: fbcon: Taking over console
May 15 14:51:09 gss-opt-hwil kernel: Console: switching to colour frame buffer device 80x30
May 15 14:51:09 gss-opt-hwil kernel: EXT4-fs (sda1): mounted filesystem with ordered data mode. Opts: (null)
May 15 14:51:09 gss-opt-hwil kernel: usb 2-4.1: new full-speed USB device number 5 using xhci_hcd
May 15 14:51:09 gss-opt-hwil systemd[1]: systemd 237 running in system mode. (+PAM +AUDIT +SELINUX +IMA +APPARMOR +SMACK +SYSVINIT +UTMP +LIBCRYPTSETUP +GCRYPT +GNUTLS +ACL +XZ +LZ4 +SECCOMP +BLKID +ELFUTILS +KMOD -IDN2 +IDN -PCRE2 default-hierarchy=hybrid)
May 15 14:51:09 gss-opt-hwil systemd[1]: Detected architecture x86-64.
May 15 14:51:09 gss-opt-hwil systemd[1]: Set hostname to <gss-opt-hwil>.
May 15 14:51:09 gss-opt-hwil kernel: usb 2-4.1: New USB device found, idVendor=0403, idProduct=6001, bcdDevice= 6.00
May 15 14:51:09 gss-opt-hwil kernel: usb 2-4.1: New USB device strings: Mfr=1, Product=2, SerialNumber=3
May 15 14:51:09 gss-opt-hwil kernel: usb 2-4.1: Product: USB-RS422 Cable
May 15 14:51:09 gss-opt-hwil kernel: usb 2-4.1: Manufacturer: FTDI
May 15 14:51:09 gss-opt-hwil kernel: usb 2-4.1: SerialNumber: FT5SBRMZ
May 15 14:51:09 gss-opt-hwil kernel: usb 2-4.2: new full-speed USB device number 6 using xhci_hcd
May 15 14:51:09 gss-opt-hwil kernel: usb 2-4.2: New USB device found, idVendor=0403, idProduct=6001, bcdDevice= 6.00
May 15 14:51:09 gss-opt-hwil kernel: usb 2-4.2: New USB device strings: Mfr=1, Product=2, SerialNumber=3
May 15 14:51:09 gss-opt-hwil kernel: usb 2-4.2: Product: USB-RS422 Cable
May 15 14:51:09 gss-opt-hwil kernel: usb 2-4.2: Manufacturer: FTDI
May 15 14:51:09 gss-opt-hwil kernel: usb 2-4.2: SerialNumber: FT5S34NP
May 15 14:51:09 gss-opt-hwil kernel: usb 2-4.3: new full-speed USB device number 7 using xhci_hcd
May 15 14:51:09 gss-opt-hwil kernel: usb 2-4.3: New USB device found, idVendor=0403, idProduct=6001, bcdDevice= 6.00
May 15 14:51:09 gss-opt-hwil kernel: usb 2-4.3: New USB device strings: Mfr=1, Product=2, SerialNumber=3
May 15 14:51:09 gss-opt-hwil kernel: usb 2-4.3: Product: USB-RS422 Cable
May 15 14:51:09 gss-opt-hwil kernel: usb 2-4.3: Manufacturer: FTDI
May 15 14:51:09 gss-opt-hwil kernel: usb 2-4.3: SerialNumber: FT5SBRXP
May 15 14:51:09 gss-opt-hwil kernel: usb 2-4.4: new full-speed USB device number 8 using xhci_hcd
May 15 14:51:09 gss-opt-hwil kernel: usb 2-4.4: New USB device found, idVendor=0403, idProduct=6001, bcdDevice= 6.00
May 15 14:51:09 gss-opt-hwil kernel: usb 2-4.4: New USB device strings: Mfr=1, Product=2, SerialNumber=3
May 15 14:51:09 gss-opt-hwil kernel: usb 2-4.4: Product: USB-RS422 Cable
May 15 14:51:09 gss-opt-hwil kernel: usb 2-4.4: Manufacturer: FTDI
May 15 14:51:09 gss-opt-hwil kernel: usb 2-4.4: SerialNumber: FT5SBR6P
May 15 14:51:09 gss-opt-hwil systemd[1]: Configuration file /etc/systemd/system/gss-startup.service is marked executable. Please remove executable permission bits. Proceeding anyway.
May 15 14:51:09 gss-opt-hwil systemd[1]: Reached target System Time Synchronized.
May 15 14:51:09 gss-opt-hwil systemd[1]: Reached target Remote File Systems.
May 15 14:51:09 gss-opt-hwil systemd[1]: Reached target User and Group Name Lookups.
May 15 14:51:09 gss-opt-hwil systemd[1]: Started Forward Password Requests to Wall Directory Watch.
May 15 14:51:09 gss-opt-hwil systemd[1]: Set up automount Arbitrary Executable File Formats File System Automount Point.
May 15 14:51:09 gss-opt-hwil systemd[1]: Created slice User and Session Slice.
May 15 14:51:09 gss-opt-hwil kernel: EXT4-fs (sda1): re-mounted. Opts: errors=remount-ro
May 15 14:51:09 gss-opt-hwil kernel: lp: driver loaded but no devices found
May 15 14:51:09 gss-opt-hwil kernel: ppdev: user-space parallel port driver
May 15 14:51:09 gss-opt-hwil systemd-journald[366]: Journal started
May 15 14:51:09 gss-opt-hwil systemd-journald[366]: Runtime journal (/run/log/journal/b8df4725b7914370b6a71903844629f1) is 8.0M, max 78.6M, 70.6M free.
May 15 14:51:09 gss-opt-hwil systemd-modules-load[362]: Inserted module 'lp'
May 15 14:51:09 gss-opt-hwil systemd-modules-load[362]: Inserted module 'ppdev'
May 15 14:51:09 gss-opt-hwil systemd-modules-load[362]: Inserted module 'parport_pc'
May 15 14:51:09 gss-opt-hwil systemd[1]: Starting Flush Journal to Persistent Storage...
May 15 14:51:09 gss-opt-hwil systemd[1]: Started udev Coldplug all Devices.
May 15 14:51:09 gss-opt-hwil systemd-journald[366]: Time spent on flushing to /var is 867.337ms for 808 entries.
May 15 14:51:09 gss-opt-hwil systemd-journald[366]: System journal (/var/log/journal/b8df4725b7914370b6a71903844629f1) is 1.0G, max 4.0G, 2.9G free.
May 15 14:51:10 gss-opt-hwil kernel: Adding 2097148k swap on /swapfile.  Priority:-2 extents:6 across:2260988k SSFS
May 15 14:51:10 gss-opt-hwil kernel: usbcore: registered new interface driver usbserial_generic
May 15 14:51:10 gss-opt-hwil kernel: usbserial: USB Serial support registered for generic
May 15 14:51:10 gss-opt-hwil kernel: usbcore: registered new interface driver ftdi_sio
May 15 14:51:10 gss-opt-hwil kernel: usbserial: USB Serial support registered for FTDI USB Serial Device
May 15 14:51:10 gss-opt-hwil kernel: ftdi_sio 2-4.1:1.0: FTDI USB Serial Device converter detected
May 15 14:51:10 gss-opt-hwil kernel: usb 2-4.1: Detected FT232RL
May 15 14:51:10 gss-opt-hwil kernel: usb 2-4.1: FTDI USB Serial Device converter now attached to ttyUSB0
May 15 14:51:10 gss-opt-hwil kernel: ftdi_sio 2-4.2:1.0: FTDI USB Serial Device converter detected
May 15 14:51:10 gss-opt-hwil kernel: usb 2-4.2: Detected FT232RL
May 15 14:51:10 gss-opt-hwil kernel: usb 2-4.2: FTDI USB Serial Device converter now attached to ttyUSB1
May 15 14:51:10 gss-opt-hwil kernel: ftdi_sio 2-4.3:1.0: FTDI USB Serial Device converter detected
May 15 14:51:10 gss-opt-hwil kernel: usb 2-4.3: Detected FT232RL
May 15 14:51:10 gss-opt-hwil kernel: usb 2-4.3: FTDI USB Serial Device converter now attached to ttyUSB2
May 15 14:51:10 gss-opt-hwil kernel: ftdi_sio 2-4.4:1.0: FTDI USB Serial Device converter detected
May 15 14:51:10 gss-opt-hwil kernel: usb 2-4.4: Detected FT232RL
May 15 14:51:10 gss-opt-hwil kernel: usb 2-4.4: FTDI USB Serial Device converter now attached to ttyUSB3
May 15 14:51:10 gss-opt-hwil kernel: checking generic (e0000000 130000) vs hw (e0000000 10000000)
May 15 14:51:10 gss-opt-hwil kernel: fb0: switching to inteldrmfb from VESA VGA
May 15 14:51:10 gss-opt-hwil kernel: Console: switching to colour dummy device 80x25
May 15 14:51:10 gss-opt-hwil kernel: i915 0000:00:02.0: vgaarb: deactivate vga console
May 15 14:51:10 gss-opt-hwil kernel: [drm] Supports vblank timestamp caching Rev 2 (21.10.2013).
May 15 14:51:10 gss-opt-hwil kernel: [drm] Driver supports precise vblank timestamp query.
May 15 14:51:10 gss-opt-hwil kernel: i915 0000:00:02.0: vgaarb: changed VGA decodes: olddecodes=io+mem,decodes=io+mem:owns=io+mem
May 15 14:51:10 gss-opt-hwil kernel: snd_hda_codec_realtek hdaudioC1D0: autoconfig for ALC888-VD: line_outs=1 (0x14/0x0/0x0/0x0/0x0) type:hp
May 15 14:51:10 gss-opt-hwil kernel: snd_hda_codec_realtek hdaudioC1D0:    speaker_outs=0 (0x0/0x0/0x0/0x0/0x0)
May 15 14:51:10 gss-opt-hwil kernel: snd_hda_codec_realtek hdaudioC1D0:    hp_outs=0 (0x0/0x0/0x0/0x0/0x0)
May 15 14:51:10 gss-opt-hwil kernel: snd_hda_codec_realtek hdaudioC1D0:    mono: mono_out=0x0
May 15 14:51:10 gss-opt-hwil kernel: snd_hda_codec_realtek hdaudioC1D0:    inputs:
May 15 14:51:10 gss-opt-hwil kernel: snd_hda_codec_realtek hdaudioC1D0:      Mic=0x18
May 15 14:51:10 gss-opt-hwil kernel: snd_hda_codec_realtek hdaudioC1D0:      Line=0x1a
May 15 14:51:10 gss-opt-hwil kernel: RAPL PMU: API unit is 2^-32 Joules, 4 fixed counters, 655360 ms ovfl timer
May 15 14:51:10 gss-opt-hwil kernel: RAPL PMU: hw unit of domain pp0-core 2^-14 Joules
May 15 14:51:10 gss-opt-hwil kernel: RAPL PMU: hw unit of domain package 2^-14 Joules
May 15 14:51:10 gss-opt-hwil kernel: RAPL PMU: hw unit of domain dram 2^-14 Joules
May 15 14:51:10 gss-opt-hwil kernel: RAPL PMU: hw unit of domain pp1-gpu 2^-14 Joules
May 15 14:51:10 gss-opt-hwil kernel: input: HDA Intel PCH Mic as /devices/pci0000:00/0000:00:1b.0/sound/card1/input6
May 15 14:51:10 gss-opt-hwil kernel: input: HDA Intel PCH Line as /devices/pci0000:00/0000:00:1b.0/sound/card1/input7
May 15 14:51:10 gss-opt-hwil kernel: input: HDA Intel PCH Headphone as /devices/pci0000:00/0000:00:1b.0/sound/card1/input8
May 15 14:51:10 gss-opt-hwil kernel: cryptd: max_cpu_qlen set to 1000
May 15 14:51:10 gss-opt-hwil kernel: AVX2 version of gcm_enc/dec engaged.
May 15 14:51:10 gss-opt-hwil kernel: AES CTR mode by8 optimization enabled
May 15 14:51:10 gss-opt-hwil kernel: [drm:hsw_enable_ips [i915]] *ERROR* Timed out waiting for IPS enable
May 15 14:51:10 gss-opt-hwil kernel: [drm] Initialized i915 1.6.0 20190822 for 0000:00:02.0 on minor 0
May 15 14:51:10 gss-opt-hwil kernel: ACPI: Video Device [GFX0] (multi-head: yes  rom: no  post: no)
May 15 14:51:10 gss-opt-hwil kernel: input: Video Bus as /devices/LNXSYSTM:00/LNXSYBUS:00/PNP0A08:00/LNXVIDEO:00/input/input9
May 15 14:51:10 gss-opt-hwil kernel: snd_hda_intel 0000:00:03.0: bound 0000:00:02.0 (ops i915_audio_component_bind_ops [i915])
May 15 14:51:10 gss-opt-hwil kernel: fbcon: i915drmfb (fb0) is primary device
May 15 14:51:10 gss-opt-hwil kernel: Console: switching to colour frame buffer device 240x67
May 15 14:51:10 gss-opt-hwil kernel: i915 0000:00:02.0: fb0: i915drmfb frame buffer device
May 15 14:51:10 gss-opt-hwil kernel: input: HDA Intel HDMI HDMI/DP,pcm=3 as /devices/pci0000:00/0000:00:03.0/sound/card0/input10
May 15 14:51:10 gss-opt-hwil kernel: input: HDA Intel HDMI HDMI/DP,pcm=7 as /devices/pci0000:00/0000:00:03.0/sound/card0/input11
May 15 14:51:10 gss-opt-hwil kernel: input: HDA Intel HDMI HDMI/DP,pcm=8 as /devices/pci0000:00/0000:00:03.0/sound/card0/input12
May 15 14:51:10 gss-opt-hwil kernel: input: HDA Intel HDMI HDMI/DP,pcm=9 as /devices/pci0000:00/0000:00:03.0/sound/card0/input13
May 15 14:51:10 gss-opt-hwil kernel: input: HDA Intel HDMI HDMI/DP,pcm=10 as /devices/pci0000:00/0000:00:03.0/sound/card0/input14
May 15 14:51:10 gss-opt-hwil kernel: ------------[ cut here ]------------
May 15 14:51:10 gss-opt-hwil kernel: WARN_ON(was_visible)
May 15 14:51:10 gss-opt-hwil kernel: WARNING: CPU: 3 PID: 598 at /build/linux-hwe-5.4-J6gyKQ/linux-hwe-5.4-5.4.0/drivers/gpu/drm/i915/display/intel_display.c:11535 intel_plane_atomic_calc_changes+0x235/0x6f0 [i915]
May 15 14:51:10 gss-opt-hwil kernel: Modules linked in: kvm snd_hda_codec_hdmi crct10dif_pclmul crc32_pclmul ghash_clmulni_intel aesni_intel crypto_simd cryptd glue_helper rapl snd_hda_codec_realtek snd_hda_codec_generic ledtrig_audio i915 intel_cstate snd_hda_intel snd_intel_dspcfg snd_hda_codec snd_hda_core snd_hwdep snd_pcm drm_kms_helper input_leds snd_seq_midi snd_seq_midi_event drm joydev snd_rawmidi ftdi_sio usbserial fb_sys_fops snd_seq syscopyarea snd_seq_device sysfillrect snd_timer sysimgblt lpc_ich snd serio_raw mei_me mei soundcore mac_hid sch_fq_codel parport_pc ppdev lp parport ip_tables x_tables autofs4 hid_generic usbhid hid igb e1000e ahci i2c_algo_bit libahci dca video
May 15 14:51:10 gss-opt-hwil kernel: CPU: 3 PID: 598 Comm: kworker/3:4 Not tainted 5.4.0-148-generic #165~18.04.1-Ubuntu
May 15 14:51:10 gss-opt-hwil kernel: Hardware name: To be filled by O.E.M. To be filled by O.E.M./SHARKBAY, BIOS 4.6.5 07/25/2017
May 15 14:51:10 gss-opt-hwil kernel: Workqueue: events output_poll_execute [drm_kms_helper]
May 15 14:51:10 gss-opt-hwil kernel: RIP: 0010:intel_plane_atomic_calc_changes+0x235/0x6f0 [i915]
May 15 14:51:10 gss-opt-hwil kernel: Code: c3 84 c0 41 be 01 00 00 00 0f 84 69 fe ff ff 48 c7 c6 f8 23 67 c0 48 c7 c7 34 17 67 c0 4c 89 55 a8 4c 89 5d b0 e8 2b 22 91 c8 <0f> 0b 31 c0 4c 8b 55 a8 4c 8b 5d b0 e9 3d fe ff ff 4d 85 d2 49 8b
May 15 14:51:10 gss-opt-hwil kernel: RSP: 0000:ffffb76b80967a90 EFLAGS: 00010282
May 15 14:51:10 gss-opt-hwil kernel: RAX: 0000000000000000 RBX: ffff98359353e200 RCX: 0000000000000000
May 15 14:51:10 gss-opt-hwil kernel: RDX: 0000000000000014 RSI: ffffffff8ad975f4 RDI: 0000000000000246
May 15 14:51:10 gss-opt-hwil kernel: RBP: ffffb76b80967ae8 R08: ffffffff8ad975e0 R09: 000000000002f700
May 15 14:51:10 gss-opt-hwil kernel: R10: ffff98358c9fd600 R11: 0000000000000256 R12: ffff983592ab2000
May 15 14:51:10 gss-opt-hwil kernel: R13: ffff9835924ea000 R14: 0000000000000001 R15: 0000000000000001
May 15 14:51:10 gss-opt-hwil kernel: FS:  0000000000000000(0000) GS:ffff983596980000(0000) knlGS:0000000000000000
May 15 14:51:10 gss-opt-hwil kernel: CS:  0010 DS: 0000 ES: 0000 CR0: 0000000080050033
May 15 14:51:10 gss-opt-hwil kernel: CR2: 000055b05c1a8340 CR3: 0000000210e00001 CR4: 00000000001606e0
May 15 14:51:10 gss-opt-hwil kernel: Call Trace:
May 15 14:51:10 gss-opt-hwil kernel:  intel_plane_atomic_check_with_state+0x197/0x200 [i915]
May 15 14:51:10 gss-opt-hwil kernel:  intel_plane_atomic_check+0x5b/0x70 [i915]
May 15 14:51:10 gss-opt-hwil kernel:  drm_atomic_helper_check_planes+0xf9/0x200 [drm_kms_helper]
May 15 14:51:10 gss-opt-hwil kernel:  intel_atomic_check+0x69e/0xf40 [i915]
May 15 14:51:10 gss-opt-hwil kernel:  ? drm_mode_put_tile_group+0x51/0x80 [drm]
May 15 14:51:10 gss-opt-hwil kernel:  drm_atomic_check_only+0x566/0x800 [drm]
May 15 14:51:10 gss-opt-hwil kernel:  drm_atomic_commit+0x18/0x50 [drm]
May 15 14:51:10 gss-opt-hwil kernel:  drm_client_modeset_commit_atomic+0x1c4/0x200 [drm]
May 15 14:51:10 gss-opt-hwil kernel:  drm_client_modeset_commit_force+0x5a/0x170 [drm]
May 15 14:51:10 gss-opt-hwil kernel:  drm_fb_helper_restore_fbdev_mode_unlocked+0x4e/0xa0 [drm_kms_helper]
May 15 14:51:10 gss-opt-hwil kernel:  drm_fb_helper_set_par+0x2d/0x50 [drm_kms_helper]
May 15 14:51:10 gss-opt-hwil kernel:  drm_fb_helper_hotplug_event.part.22+0xaf/0xc0 [drm_kms_helper]
May 15 14:51:10 gss-opt-hwil kernel:  drm_fb_helper_hotplug_event+0x1f/0x30 [drm_kms_helper]
May 15 14:51:10 gss-opt-hwil kernel:  intel_fbdev_output_poll_changed+0x6b/0xa0 [i915]
May 15 14:51:10 gss-opt-hwil kernel:  drm_kms_helper_hotplug_event+0x2a/0x40 [drm_kms_helper]
May 15 14:51:10 gss-opt-hwil kernel:  output_poll_execute+0x1a9/0x1b0 [drm_kms_helper]
May 15 14:51:10 gss-opt-hwil kernel:  process_one_work+0x20f/0x400
May 15 14:51:10 gss-opt-hwil kernel:  worker_thread+0x34/0x410
May 15 14:51:10 gss-opt-hwil kernel:  kthread+0x121/0x140
May 15 14:51:10 gss-opt-hwil kernel:  ? process_one_work+0x400/0x400
May 15 14:51:10 gss-opt-hwil kernel:  ? kthread_park+0x90/0x90
May 15 14:51:10 gss-opt-hwil kernel:  ret_from_fork+0x35/0x40
May 15 14:51:10 gss-opt-hwil kernel: ---[ end trace c0ae47bb218c5795 ]---
May 15 14:51:10 gss-opt-hwil kernel: ------------[ cut here ]------------
May 15 14:51:10 gss-opt-hwil kernel: vblank not available on crtc 0, ret=-22
May 15 14:51:10 gss-opt-hwil kernel: WARNING: CPU: 3 PID: 598 at /build/linux-hwe-5.4-J6gyKQ/linux-hwe-5.4-5.4.0/drivers/gpu/drm/drm_vblank.c:1092 drm_wait_one_vblank+0x159/0x1b0 [drm]
May 15 14:51:10 gss-opt-hwil kernel: Modules linked in: kvm snd_hda_codec_hdmi crct10dif_pclmul crc32_pclmul ghash_clmulni_intel aesni_intel crypto_simd cryptd glue_helper rapl snd_hda_codec_realtek snd_hda_codec_generic ledtrig_audio i915 intel_cstate snd_hda_intel snd_intel_dspcfg snd_hda_codec snd_hda_core snd_hwdep snd_pcm drm_kms_helper input_leds snd_seq_midi snd_seq_midi_event drm joydev snd_rawmidi ftdi_sio usbserial fb_sys_fops snd_seq syscopyarea snd_seq_device sysfillrect snd_timer sysimgblt lpc_ich snd serio_raw mei_me mei soundcore mac_hid sch_fq_codel parport_pc ppdev lp parport ip_tables x_tables autofs4 hid_generic usbhid hid igb e1000e ahci i2c_algo_bit libahci dca video
May 15 14:51:10 gss-opt-hwil kernel: CPU: 3 PID: 598 Comm: kworker/3:4 Tainted: G        W         5.4.0-148-generic #165~18.04.1-Ubuntu
May 15 14:51:10 gss-opt-hwil kernel: Hardware name: To be filled by O.E.M. To be filled by O.E.M./SHARKBAY, BIOS 4.6.5 07/25/2017
May 15 14:51:10 gss-opt-hwil kernel: Workqueue: events output_poll_execute [drm_kms_helper]
May 15 14:51:10 gss-opt-hwil kernel: RIP: 0010:drm_wait_one_vblank+0x159/0x1b0 [drm]
May 15 14:51:10 gss-opt-hwil kernel: Code: 89 ff e8 3a fb 52 c9 49 89 c7 eb a5 0f 0b 31 c0 eb c8 0f 0b e9 5c ff ff ff 89 c2 44 89 e6 48 c7 c7 a0 c4 3e c0 e8 d7 cf ad c8 <0f> 0b e9 44 ff ff ff 0f 0b 31 c0 e9 2b ff ff ff 0f 0b 45 31 f6 e9
May 15 14:51:10 gss-opt-hwil kernel: RSP: 0000:ffffb76b80967a68 EFLAGS: 00010282
May 15 14:51:10 gss-opt-hwil kernel: RAX: 0000000000000000 RBX: ffff983592a20000 RCX: 0000000000000006
May 15 14:51:10 gss-opt-hwil kernel: RDX: 0000000000000007 RSI: 0000000000000096 RDI: ffff98359699c8c0
May 15 14:51:10 gss-opt-hwil kernel: RBP: ffffb76b80967ac8 R08: 0000000000000385 R09: 0000000000000004
May 15 14:51:10 gss-opt-hwil kernel: R10: 0000000000000001 R11: 0000000000000001 R12: 0000000000000000
May 15 14:51:10 gss-opt-hwil kernel: R13: 0000000000000000 R14: ffff983592081000 R15: ffff983592085800
May 15 14:51:10 gss-opt-hwil kernel: FS:  0000000000000000(0000) GS:ffff983596980000(0000) knlGS:0000000000000000
May 15 14:51:10 gss-opt-hwil kernel: CS:  0010 DS: 0000 ES: 0000 CR0: 0000000080050033
May 15 14:51:10 gss-opt-hwil kernel: CR2: 000055b05c1a8340 CR3: 0000000210e00001 CR4: 00000000001606e0
May 15 14:51:10 gss-opt-hwil kernel: Call Trace:
May 15 14:51:10 gss-opt-hwil kernel:  ? gen6_read32+0xa8/0x210 [i915]
May 15 14:51:10 gss-opt-hwil kernel:  hsw_disable_ips+0x6f/0xf0 [i915]
May 15 14:51:10 gss-opt-hwil kernel:  intel_pre_plane_update+0x1b4/0x280 [i915]
May 15 14:51:10 gss-opt-hwil kernel:  intel_atomic_commit_tail+0xed/0x15b0 [i915]
May 15 14:51:10 gss-opt-hwil kernel:  ? flush_workqueue_prep_pwqs+0xfa/0x130
May 15 14:51:10 gss-opt-hwil kernel:  ? flush_workqueue+0x198/0x3c0
May 15 14:51:10 gss-opt-hwil kernel:  ? intel_atomic_commit_ready+0x48/0x54 [i915]
May 15 14:51:10 gss-opt-hwil kernel:  intel_atomic_commit+0x2cb/0x340 [i915]
May 15 14:51:10 gss-opt-hwil kernel:  drm_atomic_commit+0x4a/0x50 [drm]
May 15 14:51:10 gss-opt-hwil kernel:  ? drm_atomic_commit+0x4a/0x50 [drm]
May 15 14:51:10 gss-opt-hwil kernel:  drm_client_modeset_commit_atomic+0x1c4/0x200 [drm]
May 15 14:51:10 gss-opt-hwil kernel:  drm_client_modeset_commit_force+0x5a/0x170 [drm]
May 15 14:51:10 gss-opt-hwil kernel:  drm_fb_helper_restore_fbdev_mode_unlocked+0x4e/0xa0 [drm_kms_helper]
May 15 14:51:10 gss-opt-hwil kernel:  drm_fb_helper_set_par+0x2d/0x50 [drm_kms_helper]
May 15 14:51:10 gss-opt-hwil kernel:  drm_fb_helper_hotplug_event.part.22+0xaf/0xc0 [drm_kms_helper]
May 15 14:51:10 gss-opt-hwil kernel:  drm_fb_helper_hotplug_event+0x1f/0x30 [drm_kms_helper]
May 15 14:51:10 gss-opt-hwil kernel:  intel_fbdev_output_poll_changed+0x6b/0xa0 [i915]
May 15 14:51:10 gss-opt-hwil kernel:  drm_kms_helper_hotplug_event+0x2a/0x40 [drm_kms_helper]
May 15 14:51:10 gss-opt-hwil kernel:  output_poll_execute+0x1a9/0x1b0 [drm_kms_helper]
May 15 14:51:10 gss-opt-hwil kernel:  process_one_work+0x20f/0x400
May 15 14:51:10 gss-opt-hwil kernel:  worker_thread+0x34/0x410
May 15 14:51:10 gss-opt-hwil kernel:  kthread+0x121/0x140
May 15 14:51:10 gss-opt-hwil kernel:  ? process_one_work+0x400/0x400
May 15 14:51:10 gss-opt-hwil kernel:  ? kthread_park+0x90/0x90
May 15 14:51:10 gss-opt-hwil kernel:  ret_from_fork+0x35/0x40
May 15 14:51:10 gss-opt-hwil kernel: ---[ end trace c0ae47bb218c5796 ]---
May 15 14:51:09 gss-opt-hwil mtp-probe[476]: checking bus 2, device 5: "/sys/devices/pci0000:00/0000:00:14.0/usb2/2-4/2-4.1"
May 15 14:51:09 gss-opt-hwil systemd[1]: Started Apply Kernel Variables.
May 15 14:51:09 gss-opt-hwil mtp-probe[476]: bus: 2, device: 5 was not an MTP device
May 15 14:51:09 gss-opt-hwil systemd[1]: Started Set the console keyboard layout.
May 15 14:51:09 gss-opt-hwil mtp-probe[478]: checking bus 2, device 6: "/sys/devices/pci0000:00/0000:00:14.0/usb2/2-4/2-4.2"
May 15 14:51:09 gss-opt-hwil systemd[1]: Started Create Static Device Nodes in /dev.
May 15 14:51:09 gss-opt-hwil mtp-probe[478]: bus: 2, device: 6 was not an MTP device
May 15 14:51:09 gss-opt-hwil systemd[1]: Starting udev Kernel Device Manager...
May 15 14:51:09 gss-opt-hwil mtp-probe[460]: checking bus 2, device 3: "/sys/devices/pci0000:00/0000:00:14.0/usb2/2-2"
May 15 14:51:09 gss-opt-hwil systemd[1]: Reached target Local File Systems (Pre).
May 15 14:51:09 gss-opt-hwil mtp-probe[460]: bus: 2, device: 3 was not an MTP device
May 15 14:51:09 gss-opt-hwil systemd[1]: Mounting Mount unit for gnome-characters, revision 781...
May 15 14:51:09 gss-opt-hwil mtp-probe[477]: checking bus 2, device 8: "/sys/devices/pci0000:00/0000:00:14.0/usb2/2-4/2-4.4"
May 15 14:51:09 gss-opt-hwil systemd[1]: Mounting Mount unit for gnome-system-monitor, revision 178...
May 15 14:51:09 gss-opt-hwil mtp-probe[477]: bus: 2, device: 8 was not an MTP device
May 15 14:51:09 gss-opt-hwil systemd[1]: Mounting Mount unit for gnome-system-monitor, revision 181...
May 15 14:51:09 gss-opt-hwil mtp-probe[473]: checking bus 2, device 7: "/sys/devices/pci0000:00/0000:00:14.0/usb2/2-4/2-4.3"
May 15 14:51:09 gss-opt-hwil systemd[1]: Mounting Mount unit for core22, revision 634...
May 15 14:51:09 gss-opt-hwil mtp-probe[473]: bus: 2, device: 7 was not an MTP device
May 15 14:51:09 gss-opt-hwil systemd[1]: Mounting Mount unit for core22, revision 617...
May 15 14:51:09 gss-opt-hwil mtp-probe[467]: checking bus 2, device 2: "/sys/devices/pci0000:00/0000:00:14.0/usb2/2-1"
May 15 14:51:09 gss-opt-hwil systemd[1]: Mounting Mount unit for gnome-calculator, revision 926...
May 15 14:51:09 gss-opt-hwil mtp-probe[467]: bus: 2, device: 2 was not an MTP device
May 15 14:51:09 gss-opt-hwil systemd[1]: Mounting Mount unit for snapd, revision 18933...
May 15 14:51:09 gss-opt-hwil systemd[1]: Mounting Mount unit for gtk-common-themes, revision 1515...
May 15 14:51:09 gss-opt-hwil systemd[1]: Mounting Mount unit for bare, revision 5...
May 15 14:51:09 gss-opt-hwil systemd[1]: Mounting Mount unit for core18, revision 2745...
May 15 14:51:09 gss-opt-hwil systemd[1]: Mounting Mount unit for gnome-3-34-1804, revision 93...
May 15 14:51:09 gss-opt-hwil systemd[1]: Mounting Mount unit for gnome-3-38-2004, revision 137...
May 15 14:51:09 gss-opt-hwil systemd[1]: Mounting Mount unit for gnome-logs, revision 112...
May 15 14:51:09 gss-opt-hwil systemd[1]: Mounting Mount unit for snapd, revision 19122...
May 15 14:51:09 gss-opt-hwil systemd[1]: Mounting Mount unit for gtk-common-themes, revision 1535...
May 15 14:51:09 gss-opt-hwil systemd[1]: Mounting Mount unit for gnome-calculator, revision 934...
May 15 14:51:09 gss-opt-hwil systemd[1]: Mounting Mount unit for gnome-characters, revision 785...
May 15 14:51:09 gss-opt-hwil systemd[1]: Mounting Mount unit for gnome-logs, revision 115...
May 15 14:51:09 gss-opt-hwil systemd[1]: Mounting Mount unit for gnome-42-2204, revision 102...
May 15 14:51:09 gss-opt-hwil systemd[1]: Mounting Mount unit for core18, revision 2721...
May 15 14:51:09 gss-opt-hwil systemd[1]: Mounting Mount unit for core20, revision 1879...
May 15 14:51:09 gss-opt-hwil systemd[1]: Mounting Mount unit for gnome-42-2204, revision 99...
May 15 14:51:09 gss-opt-hwil systemd[1]: Mounting Mount unit for core20, revision 1891...
May 15 14:51:09 gss-opt-hwil systemd[1]: Mounting Mount unit for gnome-3-34-1804, revision 90...
May 15 14:51:09 gss-opt-hwil systemd[1]: Mounting Mount unit for gnome-3-38-2004, revision 140...
May 15 14:51:09 gss-opt-hwil systemd[1]: Activated swap /swapfile.
May 15 14:51:09 gss-opt-hwil systemd[1]: Mounted Mount unit for gnome-characters, revision 781.
May 15 14:51:09 gss-opt-hwil systemd[1]: Mounted Mount unit for gnome-system-monitor, revision 178.
May 15 14:51:09 gss-opt-hwil systemd[1]: Mounted Mount unit for gnome-system-monitor, revision 181.
May 15 14:51:09 gss-opt-hwil systemd[1]: Mounted Mount unit for core22, revision 634.
May 15 14:51:09 gss-opt-hwil systemd[1]: Mounted Mount unit for core22, revision 617.
May 15 14:51:09 gss-opt-hwil systemd[1]: Reached target Swap.
May 15 14:51:09 gss-opt-hwil systemd[1]: Mounted Mount unit for snapd, revision 18933.
May 15 14:51:09 gss-opt-hwil systemd[1]: Mounted Mount unit for bare, revision 5.
May 15 14:51:09 gss-opt-hwil systemd[1]: Mounted Mount unit for gtk-common-themes, revision 1515.
May 15 14:51:09 gss-opt-hwil systemd[1]: Mounted Mount unit for gnome-calculator, revision 926.
May 15 14:51:09 gss-opt-hwil systemd[1]: Started udev Kernel Device Manager.
May 15 14:51:09 gss-opt-hwil systemd[1]: Starting Show Plymouth Boot Screen...
May 15 14:51:09 gss-opt-hwil systemd[1]: Started Show Plymouth Boot Screen.
May 15 14:51:09 gss-opt-hwil systemd[1]: Started Forward Password Requests to Plymouth Directory Watch.
May 15 14:51:09 gss-opt-hwil systemd[1]: Reached target Local Encrypted Volumes.
May 15 14:51:09 gss-opt-hwil systemd[1]: Mounted Mount unit for gnome-3-34-1804, revision 93.
May 15 14:51:09 gss-opt-hwil systemd[1]: Mounted Mount unit for snapd, revision 19122.
May 15 14:51:09 gss-opt-hwil systemd-udevd[437]: link_config: autonegotiation is unset or enabled, the speed and duplex are not writable.
May 15 14:51:09 gss-opt-hwil systemd-udevd[444]: link_config: autonegotiation is unset or enabled, the speed and duplex are not writable.
May 15 14:51:09 gss-opt-hwil systemd[1]: Mounted Mount unit for gnome-logs, revision 115.
May 15 14:51:09 gss-opt-hwil systemd[1]: Mounted Mount unit for gnome-calculator, revision 934.
May 15 14:51:10 gss-opt-hwil systemd[1]: Mounted Mount unit for gnome-characters, revision 785.
May 15 14:51:10 gss-opt-hwil systemd[1]: Mounted Mount unit for gnome-42-2204, revision 102.
May 15 14:51:10 gss-opt-hwil systemd[1]: Mounted Mount unit for gnome-3-38-2004, revision 137.
May 15 14:51:10 gss-opt-hwil systemd[1]: Listening on Load/Save RF Kill Switch Status /dev/rfkill Watch.
May 15 14:51:10 gss-opt-hwil systemd-udevd[444]: link_config: autonegotiation is unset or enabled, the speed and duplex are not writable.
May 15 14:51:10 gss-opt-hwil systemd[1]: Mounted Mount unit for core18, revision 2745.
May 15 14:51:10 gss-opt-hwil systemd[1]: Mounted Mount unit for core18, revision 2721.
May 15 14:51:10 gss-opt-hwil systemd[1]: Mounted Mount unit for gnome-3-34-1804, revision 90.
May 15 14:51:10 gss-opt-hwil systemd[1]: Mounted Mount unit for gnome-logs, revision 112.
May 15 14:51:10 gss-opt-hwil systemd[1]: proc-sys-fs-binfmt_misc.automount: Got automount request for /proc/sys/fs/binfmt_misc, triggered by 495 (snap)
May 15 14:51:10 gss-opt-hwil systemd[1]: Mounting Arbitrary Executable File Formats File System...
May 15 14:51:10 gss-opt-hwil systemd[1]: Started Flush Journal to Persistent Storage.
May 15 14:51:10 gss-opt-hwil systemd[1]: Mounted Arbitrary Executable File Formats File System.
May 15 14:51:10 gss-opt-hwil systemd[1]: proc-sys-fs-binfmt_misc.automount: Got automount request for /proc/sys/fs/binfmt_misc, triggered by 495 (snap)
May 15 14:51:10 gss-opt-hwil systemd[1]: proc-sys-fs-binfmt_misc.automount: Automount point already active?
May 15 14:51:10 gss-opt-hwil systemd[1]: proc-sys-fs-binfmt_misc.automount: Got automount request for /proc/sys/fs/binfmt_misc, triggered by 495 (snap)
May 15 14:51:10 gss-opt-hwil systemd[1]: proc-sys-fs-binfmt_misc.automount: Automount point already active?
May 15 14:51:10 gss-opt-hwil systemd[1]: proc-sys-fs-binfmt_misc.automount: Got automount request for /proc/sys/fs/binfmt_misc, triggered by 495 (snap)
May 15 14:51:10 gss-opt-hwil systemd[1]: proc-sys-fs-binfmt_misc.automount: Automount point already active?
May 15 14:51:10 gss-opt-hwil systemd[1]: proc-sys-fs-binfmt_misc.automount: Got automount request for /proc/sys/fs/binfmt_misc, triggered by 495 (snap)
May 15 14:51:10 gss-opt-hwil systemd[1]: proc-sys-fs-binfmt_misc.automount: Automount point already active?
May 15 14:51:10 gss-opt-hwil systemd[1]: proc-sys-fs-binfmt_misc.automount: Got automount request for /proc/sys/fs/binfmt_misc, triggered by 495 (snap)
May 15 14:51:10 gss-opt-hwil systemd[1]: proc-sys-fs-binfmt_misc.automount: Automount point already active?
May 15 14:51:10 gss-opt-hwil systemd[1]: proc-sys-fs-binfmt_misc.automount: Got automount request for /proc/sys/fs/binfmt_misc, triggered by 495 (snap)
May 15 14:51:10 gss-opt-hwil systemd[1]: proc-sys-fs-binfmt_misc.automount: Automount point already active?
May 15 14:51:10 gss-opt-hwil systemd[1]: proc-sys-fs-binfmt_misc.automount: Got automount request for /proc/sys/fs/binfmt_misc, triggered by 495 (snap)
May 15 14:51:10 gss-opt-hwil systemd[1]: proc-sys-fs-binfmt_misc.automount: Automount point already active?
May 15 14:51:10 gss-opt-hwil systemd[1]: proc-sys-fs-binfmt_misc.automount: Got automount request for /proc/sys/fs/binfmt_misc, triggered by 495 (snap)
May 15 14:51:10 gss-opt-hwil systemd[1]: proc-sys-fs-binfmt_misc.automount: Automount point already active?
May 15 14:51:10 gss-opt-hwil systemd[1]: proc-sys-fs-binfmt_misc.automount: Got automount request for /proc/sys/fs/binfmt_misc, triggered by 495 (snap)
May 15 14:51:10 gss-opt-hwil systemd[1]: proc-sys-fs-binfmt_misc.automount: Automount point already active?
May 15 14:51:10 gss-opt-hwil systemd[1]: proc-sys-fs-binfmt_misc.automount: Got automount request for /proc/sys/fs/binfmt_misc, triggered by 495 (snap)
May 15 14:51:10 gss-opt-hwil systemd[1]: proc-sys-fs-binfmt_misc.automount: Automount point already active?
May 15 14:51:10 gss-opt-hwil systemd[1]: proc-sys-fs-binfmt_misc.automount: Got automount request for /proc/sys/fs/binfmt_misc, triggered by 495 (snap)
May 15 14:51:10 gss-opt-hwil systemd[1]: proc-sys-fs-binfmt_misc.automount: Automount point already active?
May 15 14:51:10 gss-opt-hwil systemd[1]: proc-sys-fs-binfmt_misc.automount: Got automount request for /proc/sys/fs/binfmt_misc, triggered by 495 (snap)
May 15 14:51:10 gss-opt-hwil systemd[1]: proc-sys-fs-binfmt_misc.automount: Automount point already active?
May 15 14:51:10 gss-opt-hwil systemd[1]: proc-sys-fs-binfmt_misc.automount: Got automount request for /proc/sys/fs/binfmt_misc, triggered by 495 (snap)
May 15 14:51:10 gss-opt-hwil systemd[1]: proc-sys-fs-binfmt_misc.automount: Automount point already active?
May 15 14:51:10 gss-opt-hwil systemd[1]: proc-sys-fs-binfmt_misc.automount: Got automount request for /proc/sys/fs/binfmt_misc, triggered by 495 (snap)
May 15 14:51:10 gss-opt-hwil systemd[1]: proc-sys-fs-binfmt_misc.automount: Automount point already active?
May 15 14:51:10 gss-opt-hwil systemd[1]: proc-sys-fs-binfmt_misc.automount: Got automount request for /proc/sys/fs/binfmt_misc, triggered by 495 (snap)
May 15 14:51:10 gss-opt-hwil systemd[1]: proc-sys-fs-binfmt_misc.automount: Automount point already active?
May 15 14:51:10 gss-opt-hwil systemd[1]: proc-sys-fs-binfmt_misc.automount: Got automount request for /proc/sys/fs/binfmt_misc, triggered by 495 (snap)
May 15 14:51:10 gss-opt-hwil systemd[1]: proc-sys-fs-binfmt_misc.automount: Automount point already active?
May 15 14:51:10 gss-opt-hwil systemd[1]: proc-sys-fs-binfmt_misc.automount: Got automount request for /proc/sys/fs/binfmt_misc, triggered by 495 (snap)
May 15 14:51:10 gss-opt-hwil systemd[1]: proc-sys-fs-binfmt_misc.automount: Automount point already active?
May 15 14:51:10 gss-opt-hwil systemd[1]: proc-sys-fs-binfmt_misc.automount: Got automount request for /proc/sys/fs/binfmt_misc, triggered by 495 (snap)
May 15 14:51:10 gss-opt-hwil systemd[1]: proc-sys-fs-binfmt_misc.automount: Automount point already active?
